{0} setUpClass (tempest.api.compute.******.test_live_migration.LiveAutoBlockMigrationV225Test) ... SKIPPED: Less than 2 compute nodes, skipping migration test.
{0} setUpClass (tempest.api.compute.******.test_live_migration.LiveMigrationTest) ... SKIPPED: Less than 2 compute nodes, skipping migration test.
{0} setUpClass (tempest.api.compute.******.test_live_migration.LiveMigrationWithoutHostTest) ... SKIPPED: Less than 2 compute nodes, skipping migration test.
{0} setUpClass (tempest.api.compute.servers.test_server_rescue.ServerBootFromVolumeStableRescueTest) ... SKIPPED: Stable rescue not available.
{0} setUpClass (tempest.api.compute.servers.test_server_rescue.ServerStableDeviceRescueTest) ... SKIPPED: Stable rescue not available.
{0} tempest.api.compute.volumes.test_volume_snapshots.VolumesSnapshotsTestJSON.test_volume_snapshot_create_get_list_delete [5.739091s] ... ok
{0} tempest.api.compute.volumes.test_volumes_get.VolumesGetTestJSON.test_volume_create_get_delete [2.062793s] ... ok
{0} tempest.api.compute.volumes.test_volumes_list.VolumesTestJSON.test_volume_list [0.149651s] ... ok
{0} tempest.api.compute.volumes.test_volumes_list.VolumesTestJSON.test_volume_list_param_limit [0.147381s] ... ok
{0} tempest.api.compute.volumes.test_volumes_list.VolumesTestJSON.test_volume_list_param_offset_and_limit [0.156496s] ... ok
{0} tempest.api.compute.volumes.test_volumes_list.VolumesTestJSON.test_volume_list_with_detail_param_limit [0.317104s] ... ok
{0} tempest.api.compute.volumes.test_volumes_list.VolumesTestJSON.test_volume_list_with_detail_param_offset_and_limit [0.157252s] ... ok
{0} tempest.api.compute.volumes.test_volumes_list.VolumesTestJSON.test_volume_list_with_details [0.081379s] ... ok
{0} tempest.api.compute.volumes.test_volumes_negative.VolumesNegativeTest.test_create_volume_with_invalid_size [0.263819s] ... ok
{0} tempest.api.compute.volumes.test_volumes_negative.VolumesNegativeTest.test_create_volume_with_size_zero [0.020036s] ... ok
{0} tempest.api.compute.volumes.test_volumes_negative.VolumesNegativeTest.test_create_volume_without_passing_size [0.015808s] ... ok
{0} tempest.api.compute.volumes.test_volumes_negative.VolumesNegativeTest.test_delete_invalid_volume_id [0.047550s] ... ok
{0} tempest.api.compute.volumes.test_volumes_negative.VolumesNegativeTest.test_delete_volume_without_passing_volume_id [0.011392s] ... ok
{0} tempest.api.compute.volumes.test_volumes_negative.VolumesNegativeTest.test_get_volume_without_passing_volume_id [0.012274s] ... ok
{0} tempest.api.compute.volumes.test_volumes_negative.VolumesNegativeTest.test_volume_delete_nonexistent_volume_id [0.048428s] ... ok
{0} tempest.api.compute.volumes.test_volumes_negative.VolumesNegativeTest.test_volume_get_nonexistent_volume_id [0.055682s] ... ok
{0} tempest.api.volume.******.test_backends_capabilities.BackendsCapabilitiesAdminTestsJSON.test_compare_volume_stats_values [0.176871s] ... ok
{0} tempest.api.volume.******.test_backends_capabilities.BackendsCapabilitiesAdminTestsJSON.test_get_capabilities_backend [0.040615s] ... ok
{0} setUpClass (tempest.api.volume.******.test_encrypted_volumes_extend.EncryptedVolumesExtendAttachedTest) ... SKIPPED: Attached encrypted volume extend is disabled.
{0} tempest.api.volume.******.test_group_snapshots.GroupSnapshotsTest.test_create_group_from_group_snapshot [10.514657s] ... ok
{0} tempest.api.volume.******.test_group_snapshots.GroupSnapshotsTest.test_delete_group_snapshots_following_updated_volumes [14.261371s] ... ok
{0} tempest.api.volume.******.test_group_snapshots.GroupSnapshotsTest.test_group_snapshot_create_show_list_delete [6.921875s] ... ok
{0} tempest.api.volume.******.test_group_snapshots.GroupSnapshotsV319Test.test_reset_group_snapshot_status [7.308234s] ... ok
{0} tempest.api.volume.******.test_group_type_specs.GroupTypeSpecsTest.test_group_type_specs_create_show_update_list_delete [0.610079s] ... ok
{0} tempest.api.volume.******.test_group_types.GroupTypesTest.test_group_type_create_list_update_show_delete [0.400422s] ... ok
{0} tempest.api.volume.******.test_group_types.GroupTypesTest.test_group_type_list_by_optional_params [0.342155s] ... ok
{0} tempest.api.volume.******.test_groups.GroupsTest.test_group_create_show_list_delete [8.155847s] ... ok
{0} tempest.api.volume.******.test_groups.GroupsTest.test_group_update [10.189892s] ... ok
{0} tempest.api.volume.******.test_groups.GroupsV314Test.test_create_group_from_group [11.668708s] ... ok
{0} tempest.api.volume.******.test_groups.GroupsV320Test.test_reset_group_status [3.376244s] ... ok
{0} tempest.api.volume.******.test_multi_backend.VolumeMultiBackendTest.test_backend_name_distinction [0.122708s] ... ok
{0} tempest.api.volume.******.test_multi_backend.VolumeMultiBackendTest.test_backend_name_distinction_with_prefix [0.159617s] ... ok
{0} tempest.api.volume.******.test_multi_backend.VolumeMultiBackendTest.test_backend_name_reporting [0.131323s] ... ok
{0} tempest.api.volume.******.test_multi_backend.VolumeMultiBackendTest.test_backend_name_reporting_with_prefix [0.141504s] ... ok
{0} tempest.api.volume.******.test_qos.QosSpecsTestJSON.test_associate_disassociate_qos [0.953255s] ... ok
{0} tempest.api.volume.******.test_qos.QosSpecsTestJSON.test_create_delete_qos_with_back_end_consumer [0.203495s] ... ok
{0} tempest.api.volume.******.test_qos.QosSpecsTestJSON.test_create_delete_qos_with_both_consumer [0.219587s] ... ok
{0} tempest.api.volume.******.test_qos.QosSpecsTestJSON.test_create_delete_qos_with_front_end_consumer [0.174101s] ... ok
{0} tempest.api.volume.******.test_qos.QosSpecsTestJSON.test_get_qos [0.029818s] ... ok
{0} tempest.api.volume.******.test_qos.QosSpecsTestJSON.test_list_qos [0.028765s] ... ok
{0} tempest.api.volume.******.test_qos.QosSpecsTestJSON.test_set_unset_qos_key [0.221156s] ... ok
{0} tempest.api.volume.******.test_snapshots_actions.SnapshotsActionsTest.test_reset_snapshot_status [0.297260s] ... ok
{0} tempest.api.volume.******.test_snapshots_actions.SnapshotsActionsTest.test_snapshot_force_delete_when_snapshot_is_creating [2.630514s] ... ok
{0} tempest.api.volume.******.test_snapshots_actions.SnapshotsActionsTest.test_snapshot_force_delete_when_snapshot_is_deleting [2.640782s] ... ok
{0} tempest.api.volume.******.test_snapshots_actions.SnapshotsActionsTest.test_snapshot_force_delete_when_snapshot_is_error [2.609788s] ... ok
{0} tempest.api.volume.******.test_snapshots_actions.SnapshotsActionsTest.test_snapshot_force_delete_when_snapshot_is_error_deleting [2.623167s] ... ok
{0} tempest.api.volume.******.test_snapshots_actions.SnapshotsActionsTest.test_update_snapshot_status [0.274889s] ... ok
{0} tempest.api.volume.******.test_user_messages.UserMessagesTest.test_delete_message [2.431141s] ... ok
{0} tempest.api.volume.******.test_user_messages.UserMessagesTest.test_list_show_messages [2.121013s] ... ok
{0} tempest.api.volume.******.test_volume_hosts.VolumeHostsAdminTestsJSON.test_list_hosts [0.183373s] ... ok
{0} tempest.api.volume.******.test_volume_hosts.VolumeHostsAdminTestsJSON.test_show_host [0.297170s] ... ok
{0} setUpClass (tempest.api.volume.******.test_volume_manage.VolumeManageAdminTest) ... SKIPPED: Manage volume tests are disabled
{0} tempest.api.volume.******.test_volume_pools.VolumePoolsAdminTestsJSON.test_get_pools_with_details [0.229934s] ... ok
{0} tempest.api.volume.******.test_volume_pools.VolumePoolsAdminTestsJSON.test_get_pools_without_details [0.041220s] ... ok
{0} tempest.api.volume.******.test_volume_quota_classes.VolumeQuotaClassesTest.test_show_default_quota [0.185650s] ... ok
{0} tempest.api.volume.******.test_volume_quota_classes.VolumeQuotaClassesTest.test_update_default_quota [0.977263s] ... ok
{0} tempest.api.volume.******.test_volume_quotas.VolumeQuotasAdminTestJSON.test_delete_quota [0.426580s] ... ok
{0} tempest.api.volume.******.test_volume_quotas.VolumeQuotasAdminTestJSON.test_list_default_quotas [0.049482s] ... ok
{0} tempest.api.volume.******.test_volume_quotas.VolumeQuotasAdminTestJSON.test_list_quotas [0.057625s] ... ok
{0} tempest.api.volume.******.test_volume_quotas.VolumeQuotasAdminTestJSON.test_quota_usage [3.206627s] ... ok
{0} tempest.api.volume.******.test_volume_quotas.VolumeQuotasAdminTestJSON.test_quota_usage_after_volume_transfer [3.990942s] ... ok
{0} tempest.api.volume.******.test_volume_quotas.VolumeQuotasAdminTestJSON.test_show_quota_usage [0.075485s] ... ok
{0} tempest.api.volume.******.test_volume_quotas.VolumeQuotasAdminTestJSON.test_update_all_quota_resources_for_tenant [0.362319s] ... ok
{0} tempest.api.volume.******.test_volume_quotas_negative.VolumeQuotasNegativeTestJSON.test_quota_volume_gigabytes [0.395427s] ... ok
{0} tempest.api.volume.******.test_volume_quotas_negative.VolumeQuotasNegativeTestJSON.test_quota_volumes [0.380536s] ... ok
{0} tempest.api.volume.******.test_volume_quotas_negative.VolumeQuotasNegativeTestJSON.test_volume_extend_gigabytes_quota_deviation [0.204131s] ... ok
{0} tempest.api.volume.******.test_volume_retype.VolumeRetypeMultiattachTest.test_volume_retype_multiattach [6.145501s] ... ok
{0} tempest.api.volume.******.test_volume_retype.VolumeRetypeWithoutMigrationTest.test_available_volume_retype [4.487450s] ... ok
{0} tempest.api.volume.******.test_volume_services.VolumesServicesTestJSON.test_get_service_by_host_name [0.036100s] ... ok
{0} tempest.api.volume.******.test_volume_services.VolumesServicesTestJSON.test_get_service_by_service_and_host_name [0.029537s] ... ok
{0} tempest.api.volume.******.test_volume_services.VolumesServicesTestJSON.test_get_service_by_service_binary_name [0.025085s] ... ok
{0} tempest.api.volume.******.test_volume_services.VolumesServicesTestJSON.test_get_service_by_volume_host_name [3.220233s] ... ok
{0} tempest.api.volume.******.test_volume_services.VolumesServicesTestJSON.test_list_services [0.028694s] ... ok
{0} tempest.api.volume.******.test_volume_services_negative.VolumeServicesNegativeTest.test_disable_log_reason_with_no_reason [0.018824s] ... ok
{0} tempest.api.volume.******.test_volume_services_negative.VolumeServicesNegativeTest.test_disable_service_with_invalid_binary [0.030621s] ... ok
{0} tempest.api.volume.******.test_volume_services_negative.VolumeServicesNegativeTest.test_enable_service_with_invalid_host [0.029710s] ... ok
{0} tempest.api.volume.******.test_volume_services_negative.VolumeServicesNegativeTest.test_freeze_host_with_invalid_host [0.024804s] ... ok
{0} tempest.api.volume.******.test_volume_services_negative.VolumeServicesNegativeTest.test_thaw_host_with_invalid_host [0.029506s] ... ok
{0} tempest.api.volume.******.test_volume_snapshot_quotas_negative.VolumeSnapshotQuotasNegativeTestJSON.test_quota_volume_gigabytes_snapshots [0.497073s] ... ok
{0} tempest.api.volume.******.test_volume_snapshot_quotas_negative.VolumeSnapshotQuotasNegativeTestJSON.test_quota_volume_snapshots [0.087534s] ... ok
{0} tempest.api.volume.******.test_volume_type_access.VolumeTypesAccessTest.test_volume_type_access_add [3.445483s] ... ok
{0} tempest.api.volume.******.test_volume_type_access.VolumeTypesAccessTest.test_volume_type_access_list [0.324147s] ... ok
{0} tempest.api.volume.******.test_volume_types.VolumeTypesTest.test_volume_type_create_get_delete [0.317060s] ... ok
{0} tempest.api.volume.******.test_volume_types.VolumeTypesTest.test_volume_type_encryption_create_get_update_delete [0.504551s] ... ok
{0} tempest.api.volume.******.test_volume_types.VolumeTypesTest.test_volume_type_list [0.065515s] ... ok
{0} tempest.api.volume.******.test_volume_types.VolumeTypesTest.test_volume_type_update [0.504774s] ... ok
{0} tempest.api.volume.******.test_volume_types_extra_specs.VolumeTypesExtraSpecsTest.test_volume_type_extra_spec_create_get_delete [0.240600s] ... ok
{0} tempest.api.volume.******.test_volume_types_extra_specs.VolumeTypesExtraSpecsTest.test_volume_type_extra_specs_list [0.088722s] ... ok
{0} tempest.api.volume.******.test_volume_types_extra_specs.VolumeTypesExtraSpecsTest.test_volume_type_extra_specs_update [0.314094s] ... ok
{0} tempest.api.volume.******.test_volume_types_extra_specs_negative.ExtraSpecsNegativeTest.test_create_invalid_body [0.031632s] ... ok
{0} tempest.api.volume.******.test_volume_types_extra_specs_negative.ExtraSpecsNegativeTest.test_create_none_body [0.019236s] ... ok
{0} tempest.api.volume.******.test_volume_types_extra_specs_negative.ExtraSpecsNegativeTest.test_create_nonexistent_type_id [0.041929s] ... ok
{0} tempest.api.volume.******.test_volume_types_extra_specs_negative.ExtraSpecsNegativeTest.test_delete_nonexistent_volume_type_id [0.027770s] ... ok
{0} tempest.api.volume.******.test_volume_types_extra_specs_negative.ExtraSpecsNegativeTest.test_get_nonexistent_extra_spec_name [0.030444s] ... ok
{0} tempest.api.volume.******.test_volume_types_extra_specs_negative.ExtraSpecsNegativeTest.test_get_nonexistent_volume_type_id [0.027733s] ... ok
{0} tempest.api.volume.******.test_volume_types_extra_specs_negative.ExtraSpecsNegativeTest.test_list_nonexistent_volume_type_id [0.022014s] ... ok
{0} tempest.api.volume.******.test_volume_types_extra_specs_negative.ExtraSpecsNegativeTest.test_update_multiple_extra_spec [0.018981s] ... ok
{0} tempest.api.volume.******.test_volume_types_extra_specs_negative.ExtraSpecsNegativeTest.test_update_no_body [0.017237s] ... ok
{0} tempest.api.volume.******.test_volume_types_extra_specs_negative.ExtraSpecsNegativeTest.test_update_none_extra_spec_id [0.046032s] ... ok
{0} tempest.api.volume.******.test_volume_types_extra_specs_negative.ExtraSpecsNegativeTest.test_update_nonexistent_extra_spec_id [0.042070s] ... ok
{0} tempest.api.volume.******.test_volume_types_extra_specs_negative.ExtraSpecsNegativeTest.test_update_nonexistent_type_id [0.041075s] ... ok
{0} tempest.api.volume.******.test_volume_types_negative.VolumeTypesNegativeTest.test_create_volume_type_encryption_nonexistent_type_id [0.161692s] ... ok
{0} tempest.api.volume.******.test_volume_types_negative.VolumeTypesNegativeTest.test_create_volume_with_private_volume_type [0.276993s] ... ok
{0} tempest.api.volume.******.test_volume_types_negative.VolumeTypesNegativeTest.test_create_with_empty_name [0.016660s] ... ok
{0} tempest.api.volume.******.test_volume_types_negative.VolumeTypesNegativeTest.test_create_with_repeated_name [0.167293s] ... ok
{0} tempest.api.volume.******.test_volume_types_negative.VolumeTypesNegativeTest.test_delete_nonexistent_type_id [0.024754s] ... ok
{0} tempest.api.volume.******.test_volume_types_negative.VolumeTypesNegativeTest.test_get_nonexistent_type_id [0.019965s] ... ok
{0} tempest.api.volume.******.test_volumes_list.VolumesListAdminTestJSON.test_volume_list_param_tenant [1.931346s] ... ok
{0} tempest.api.volume.test_availability_zone.AvailabilityZoneTestJSON.test_get_availability_zone_list [0.185093s] ... ok
{0} tempest.api.volume.test_extensions.ExtensionsTestJSON.test_list_extensions [0.207687s] ... ok
{0} tempest.api.volume.test_snapshot_metadata.SnapshotMetadataTestJSON.test_crud_snapshot_metadata [0.385089s] ... ok
{0} tempest.api.volume.test_snapshot_metadata.SnapshotMetadataTestJSON.test_update_show_snapshot_metadata_item [0.338140s] ... ok
{0} tempest.api.volume.test_versions.VersionsTest.test_list_versions [0.017243s] ... ok
{0} tempest.api.volume.test_versions.VersionsTest.test_show_version [0.182452s] ... ok
{0} tempest.api.volume.test_volume_absolute_limits.AbsoluteLimitsTests.test_get_volume_absolute_limits [0.069942s] ... ok
{0} tempest.api.volume.test_volume_delete_cascade.VolumesDeleteCascade.test_volume_delete_cascade [6.663316s] ... ok
{0} tempest.api.volume.test_volume_delete_cascade.VolumesDeleteCascade.test_volume_from_snapshot_cascade_delete [10.405629s] ... ok
{0} tempest.api.volume.test_volume_metadata.VolumesMetadataTest.test_crud_volume_metadata [0.408240s] ... ok
{0} tempest.api.volume.test_volume_metadata.VolumesMetadataTest.test_update_show_volume_metadata_item [0.276860s] ... ok
{0} tempest.api.volume.test_volume_transfers.VolumesTransfersTest.test_create_get_list_accept_volume_transfer [4.138988s] ... ok
{0} tempest.api.volume.test_volume_transfers.VolumesTransfersTest.test_create_list_delete_volume_transfer [3.081223s] ... ok
{0} tempest.api.volume.test_volume_transfers.VolumesTransfersV355Test.test_create_get_list_accept_volume_transfer [4.118296s] ... ok
{0} tempest.api.volume.test_volume_transfers.VolumesTransfersV355Test.test_create_list_delete_volume_transfer [3.195214s] ... ok
{0} tempest.api.volume.test_volume_transfers.VolumesTransfersV357Test.test_create_get_list_accept_volume_transfer [4.177168s] ... ok
{0} tempest.api.volume.test_volume_transfers.VolumesTransfersV357Test.test_create_list_delete_volume_transfer [3.126993s] ... ok
{0} tempest.api.volume.test_volumes_clone.VolumesCloneTest.test_create_from_volume [5.992650s] ... ok
{0} tempest.api.volume.test_volumes_clone_negative.VolumesCloneNegativeTest.test_create_from_volume_decreasing_size [3.113340s] ... ok
{0} tempest.api.volume.test_volumes_get.VolumesGetTest.test_volume_create_get_update_delete [6.231664s] ... ok
{0} tempest.api.volume.test_volumes_get.VolumesGetTest.test_volume_create_get_update_delete_as_clone [11.171762s] ... ok
{0} tempest.api.volume.test_volumes_get.VolumesSummaryTest.test_show_volume_summary [0.164500s] ... ok
{0} tempest.api.volume.test_volumes_list.VolumesListTestJSON.test_volume_list [0.048099s] ... ok
{0} tempest.api.volume.test_volumes_list.VolumesListTestJSON.test_volume_list_by_name [0.170565s] ... ok
{0} tempest.api.volume.test_volumes_list.VolumesListTestJSON.test_volume_list_details_by_name [0.130838s] ... ok
{0} tempest.api.volume.test_volumes_list.VolumesListTestJSON.test_volume_list_details_pagination [0.432056s] ... ok
{0} tempest.api.volume.test_volumes_list.VolumesListTestJSON.test_volume_list_details_with_multiple_params [0.317644s] ... ok
{0} tempest.api.volume.test_volumes_list.VolumesListTestJSON.test_volume_list_pagination [0.191639s] ... ok
{0} tempest.api.volume.test_volumes_list.VolumesListTestJSON.test_volume_list_param_display_name_and_status [0.109567s] ... ok
{0} tempest.api.volume.test_volumes_list.VolumesListTestJSON.test_volume_list_with_detail_param_display_name_and_status [0.135003s] ... ok
{0} tempest.api.volume.test_volumes_list.VolumesListTestJSON.test_volume_list_with_detail_param_marker [0.149002s] ... ok
{0} tempest.api.volume.test_volumes_list.VolumesListTestJSON.test_volume_list_with_detail_param_metadata [0.146004s] ... ok
{0} tempest.api.volume.test_volumes_list.VolumesListTestJSON.test_volume_list_with_details [0.065235s] ... ok
{0} tempest.api.volume.test_volumes_list.VolumesListTestJSON.test_volume_list_with_param_metadata [0.034268s] ... ok
{0} tempest.api.volume.test_volumes_list.VolumesListTestJSON.test_volumes_list_by_availability_zone [0.227376s] ... ok
{0} tempest.api.volume.test_volumes_list.VolumesListTestJSON.test_volumes_list_by_bootable [0.225142s] ... ok
{0} tempest.api.volume.test_volumes_list.VolumesListTestJSON.test_volumes_list_by_status [0.227919s] ... ok
{0} tempest.api.volume.test_volumes_list.VolumesListTestJSON.test_volumes_list_details_by_availability_zone [0.066116s] ... ok
{0} tempest.api.volume.test_volumes_list.VolumesListTestJSON.test_volumes_list_details_by_bootable [0.064657s] ... ok
{0} tempest.api.volume.test_volumes_list.VolumesListTestJSON.test_volumes_list_details_by_status [0.078725s] ... ok
{0} tempest.api.volume.test_volumes_negative.VolumesNegativeTest.test_create_volume_from_deactivated_image [2.700640s] ... ok
{0} tempest.api.volume.test_volumes_negative.VolumesNegativeTest.test_create_volume_from_image_with_decreasing_size [2.343603s] ... ok
{0} tempest.api.volume.test_volumes_negative.VolumesNegativeTest.test_create_volume_with_invalid_size [0.020348s] ... ok
{0} tempest.api.volume.test_volumes_negative.VolumesNegativeTest.test_create_volume_with_nonexistent_snapshot_id [0.031807s] ... ok
{0} tempest.api.volume.test_volumes_negative.VolumesNegativeTest.test_create_volume_with_nonexistent_source_volid [0.032807s] ... ok
{0} tempest.api.volume.test_volumes_negative.VolumesNegativeTest.test_create_volume_with_nonexistent_volume_type [0.033812s] ... ok
{0} tempest.api.volume.test_volumes_negative.VolumesNegativeTest.test_create_volume_with_size_negative [0.019012s] ... ok
{0} tempest.api.volume.test_volumes_negative.VolumesNegativeTest.test_create_volume_with_size_zero [0.018154s] ... ok
{0} tempest.api.volume.test_volumes_negative.VolumesNegativeTest.test_create_volume_without_passing_size [0.018250s] ... ok
{0} tempest.api.volume.test_volumes_negative.VolumesNegativeTest.test_delete_invalid_volume_id [0.030160s] ... ok
{0} tempest.api.volume.test_volumes_negative.VolumesNegativeTest.test_delete_volume_without_passing_volume_id [0.012076s] ... ok
{0} tempest.api.volume.test_volumes_negative.VolumesNegativeTest.test_detach_volumes_with_invalid_volume_id [0.030915s] ... ok
{0} tempest.api.volume.test_volumes_negative.VolumesNegativeTest.test_get_invalid_volume_id [0.028005s] ... ok
{0} tempest.api.volume.test_volumes_negative.VolumesNegativeTest.test_get_volume_without_passing_volume_id [0.013281s] ... ok
{0} tempest.api.volume.test_volumes_negative.VolumesNegativeTest.test_list_volumes_detail_with_invalid_status [0.051815s] ... ok
{0} tempest.api.volume.test_volumes_negative.VolumesNegativeTest.test_list_volumes_detail_with_nonexistent_name [0.054678s] ... ok
{0} tempest.api.volume.test_volumes_negative.VolumesNegativeTest.test_list_volumes_with_invalid_status [0.037858s] ... ok
{0} tempest.api.volume.test_volumes_negative.VolumesNegativeTest.test_list_volumes_with_nonexistent_name [0.046468s] ... ok
{0} tempest.api.volume.test_volumes_negative.VolumesNegativeTest.test_reserve_volume_with_negative_volume_status [0.171334s] ... ok
{0} tempest.api.volume.test_volumes_negative.VolumesNegativeTest.test_reserve_volume_with_nonexistent_volume_id [0.034290s] ... ok
{0} tempest.api.volume.test_volumes_negative.VolumesNegativeTest.test_unreserve_volume_with_nonexistent_volume_id [0.032264s] ... ok
{0} tempest.api.volume.test_volumes_negative.VolumesNegativeTest.test_update_volume_with_empty_volume_id [0.013580s] ... ok
{0} tempest.api.volume.test_volumes_negative.VolumesNegativeTest.test_update_volume_with_invalid_volume_id [0.028994s] ... ok
{0} tempest.api.volume.test_volumes_negative.VolumesNegativeTest.test_update_volume_with_nonexistent_volume_id [0.031516s] ... ok
{0} tempest.api.volume.test_volumes_negative.VolumesNegativeTest.test_volume_delete_nonexistent_volume_id [0.028372s] ... ok
{0} tempest.api.volume.test_volumes_negative.VolumesNegativeTest.test_volume_extend_with_None_size [0.017276s] ... ok
{0} tempest.api.volume.test_volumes_negative.VolumesNegativeTest.test_volume_extend_with_non_number_size [0.016479s] ... ok
{0} tempest.api.volume.test_volumes_negative.VolumesNegativeTest.test_volume_extend_with_nonexistent_volume_id [0.032572s] ... ok
{0} tempest.api.volume.test_volumes_negative.VolumesNegativeTest.test_volume_extend_with_size_smaller_than_original_size [0.019563s] ... ok
{0} tempest.api.volume.test_volumes_negative.VolumesNegativeTest.test_volume_extend_without_passing_volume_id [0.031879s] ... ok
{0} tempest.api.volume.test_volumes_negative.VolumesNegativeTest.test_volume_get_nonexistent_volume_id [0.027548s] ... ok
{0} tempest.api.volume.test_volumes_snapshots_list.VolumesSnapshotListTestJSON.test_snapshot_list_param_limit [0.031938s] ... ok
{0} tempest.api.volume.test_volumes_snapshots_list.VolumesSnapshotListTestJSON.test_snapshot_list_param_limit_equals_infinite [0.063135s] ... ok
{0} tempest.api.volume.test_volumes_snapshots_list.VolumesSnapshotListTestJSON.test_snapshot_list_param_limit_equals_zero [0.034231s] ... ok
{0} tempest.api.volume.test_volumes_snapshots_list.VolumesSnapshotListTestJSON.test_snapshot_list_param_marker [0.104721s] ... ok
{0} tempest.api.volume.test_volumes_snapshots_list.VolumesSnapshotListTestJSON.test_snapshot_list_param_offset [0.057791s] ... ok
{0} tempest.api.volume.test_volumes_snapshots_list.VolumesSnapshotListTestJSON.test_snapshot_list_param_sort_created_at_asc [0.057282s] ... ok
{0} tempest.api.volume.test_volumes_snapshots_list.VolumesSnapshotListTestJSON.test_snapshot_list_param_sort_created_at_desc [0.036376s] ... ok
{0} tempest.api.volume.test_volumes_snapshots_list.VolumesSnapshotListTestJSON.test_snapshot_list_param_sort_id_asc [0.057012s] ... ok
{0} tempest.api.volume.test_volumes_snapshots_list.VolumesSnapshotListTestJSON.test_snapshot_list_param_sort_id_desc [0.058739s] ... ok
{0} tempest.api.volume.test_volumes_snapshots_list.VolumesSnapshotListTestJSON.test_snapshot_list_param_sort_name_asc [0.060248s] ... ok
{0} tempest.api.volume.test_volumes_snapshots_list.VolumesSnapshotListTestJSON.test_snapshot_list_param_sort_name_desc [0.060048s] ... ok
{0} tempest.api.volume.test_volumes_snapshots_list.VolumesSnapshotListTestJSON.test_snapshots_list_details_with_params [0.181174s] ... ok
{0} tempest.api.volume.test_volumes_snapshots_list.VolumesSnapshotListTestJSON.test_snapshots_list_with_params [0.514244s] ... ok
{0} tempest.api.volume.test_volumes_snapshots_negative.VolumesSnapshotNegativeTestJSON.test_create_snapshot_with_nonexistent_volume_id [0.197955s] ... ok
{0} tempest.api.volume.test_volumes_snapshots_negative.VolumesSnapshotNegativeTestJSON.test_create_snapshot_without_passing_volume_id [0.111834s] ... ok
{0} tempest.api.volume.test_volumes_snapshots_negative.VolumesSnapshotNegativeTestJSON.test_list_snapshot_invalid_param_limit [0.017789s] ... ok
{0} tempest.api.volume.test_volumes_snapshots_negative.VolumesSnapshotNegativeTestJSON.test_list_snapshots_invalid_param_marker [0.034296s] ... ok
{0} tempest.api.volume.test_volumes_snapshots_negative.VolumesSnapshotNegativeTestJSON.test_list_snapshots_invalid_param_sort [0.019383s] ... ok
{0} tempest.api.volume.test_volumes_snapshots_negative.VolumesSnapshotNegativeTestJSON.test_volume_from_snapshot_decreasing_size [5.341283s] ... ok
{0} tempest.scenario.test_snapshots_with_add_location.TestImageHashVerification.test_volume_upload_image_hash_verification [6.393371s] ... FAILED

Captured traceback:
~~~~~~~~~~~~~~~~~~~
    Traceback (most recent call last):

      File "/opt/stack/tempest/tempest/common/utils/__init__.py", line 65, in wrapper
    return f(*func_args, **func_kwargs)
           ^^^^^^^^^^^^^^^^^^^^^^^^^^^^

      File "/opt/stack/tempest/tempest/scenario/test_snapshots_with_add_location.py", line 198, in test_volume_upload_image_hash_verification
    waiters.wait_for_image_status(

      File "/opt/stack/tempest/tempest/common/waiters.py", line 175, in wait_for_image_status
    image = show_image(image_id)
            ^^^^^^^^^^^^^^^^^^^^

      File "/opt/stack/tempest/tempest/lib/services/image/v2/images_client.py", line 119, in show_image
    resp, body = self.get(url)
                 ^^^^^^^^^^^^^

      File "/opt/stack/tempest/tempest/lib/common/rest_client.py", line 345, in get
    return self.request('GET', url, extra_headers, headers,
           ^^^^^^^^^^^^^^^^^^^^^^^^^^^^^^^^^^^^^^^^^^^^^^^^

      File "/opt/stack/tempest/tempest/lib/common/rest_client.py", line 767, in request
    self._error_checker(resp, resp_body)

      File "/opt/stack/tempest/tempest/lib/common/rest_client.py", line 877, in _error_checker
    raise exceptions.NotFound(resp_body, resp=resp)

    tempest.lib.exceptions.NotFound: Object not found
Details: {'message': 'No image found with ID 6da0b43f-ae44-47a3-8c0b-e028df9f4689<br /><br />\n\n\n', 'code': '404 Not Found', 'title': 'Not Found'}


Captured pythonlogging:
~~~~~~~~~~~~~~~~~~~~~~~
    2026-07-24 14:49:03,155 2264809 INFO     [tempest.lib.common.rest_client] Request (TestImageHashVerification:test_volume_upload_image_hash_verification): 202 POST http://10.132.239.111/volume/v3/volumes 0.770s
2026-07-24 14:49:03,156 2264809 DEBUG    [tempest.lib.common.rest_client] Request - Headers: {'Content-Type': 'application/json', 'Accept': 'application/json', 'X-Auth-Token': '<omitted>'}
        Body: {"volume": {"name": "tempest-TestImageHashVerification-volume-1246898046", "snapshot_id": null, "imageRef": null, "volume_type": null, "size": 1}}
    Response - Headers: {'date': 'Fri, 24 Jul 2026 14:49:02 GMT', 'server': 'Apache/2.4.58 (Ubuntu)', 'content-type': 'application/json', 'x-compute-request-id': 'req-4b92bc37-03a1-4b39-a428-1ecdfaf00cd8', 'content-length': '762', 'openstack-api-version': 'volume 3.0', 'vary': 'OpenStack-API-Version', 'x-openstack-request-id': 'req-4b92bc37-03a1-4b39-a428-1ecdfaf00cd8', 'connection': 'close', 'status': '202', 'content-location': 'http://10.132.239.111/volume/v3/volumes'}
        Body: b'{"volume": {"id": "bd7df5e7-806f-49a4-bea8-6af974ea9960", "status": "creating", "size": 1, "availability_zone": "nova", "created_at": "2026-07-24T14:49:02.986092", "updated_at": null, "name": "tempest-TestImageHashVerification-volume-1246898046", "description": null, "volume_type": "nvmetcp1", "snapshot_id": null, "source_volid": null, "metadata": {}, "links": [{"rel": "self", "href": "http://10.132.239.111/volume/v3/volumes/bd7df5e7-806f-49a4-bea8-6af974ea9960"}, {"rel": "bookmark", "href": "http://10.132.239.111/volume/volumes/bd7df5e7-806f-49a4-bea8-6af974ea9960"}], "user_id": "67cc351d74a0457081cec286344acb2a", "bootable": "false", "encrypted": false, "replication_status": null, "consistencygroup_id": null, "multiattach": false, "attachments": []}}'
2026-07-24 14:49:03,520 2264809 INFO     [tempest.lib.common.rest_client] Request (TestImageHashVerification:test_volume_upload_image_hash_verification): 200 GET http://10.132.239.111/volume/v3/volumes/bd7df5e7-806f-49a4-bea8-6af974ea9960 0.346s
2026-07-24 14:49:03,521 2264809 DEBUG    [tempest.lib.common.rest_client] Request - Headers: {'Content-Type': 'application/json', 'Accept': 'application/json', 'X-Auth-Token': '<omitted>'}
        Body: None
    Response - Headers: {'date': 'Fri, 24 Jul 2026 14:49:03 GMT', 'server': 'Apache/2.4.58 (Ubuntu)', 'content-type': 'application/json', 'x-compute-request-id': 'req-7ef724c0-b597-4ade-b284-044186b9c195', 'content-length': '830', 'openstack-api-version': 'volume 3.0', 'vary': 'OpenStack-API-Version', 'x-openstack-request-id': 'req-7ef724c0-b597-4ade-b284-044186b9c195', 'connection': 'close', 'status': '200', 'content-location': 'http://10.132.239.111/volume/v3/volumes/bd7df5e7-806f-49a4-bea8-6af974ea9960'}
        Body: b'{"volume": {"id": "bd7df5e7-806f-49a4-bea8-6af974ea9960", "status": "creating", "size": 1, "availability_zone": "nova", "created_at": "2026-07-24T14:49:03.000000", "updated_at": null, "name": "tempest-TestImageHashVerification-volume-1246898046", "description": null, "volume_type": "nvmetcp1", "snapshot_id": null, "source_volid": null, "metadata": {}, "links": [{"rel": "self", "href": "http://10.132.239.111/volume/v3/volumes/bd7df5e7-806f-49a4-bea8-6af974ea9960"}, {"rel": "bookmark", "href": "http://10.132.239.111/volume/volumes/bd7df5e7-806f-49a4-bea8-6af974ea9960"}], "user_id": "67cc351d74a0457081cec286344acb2a", "bootable": "false", "encrypted": false, "replication_status": null, "consistencygroup_id": null, "multiattach": false, "attachments": [], "os-vol-tenant-attr:tenant_id": "b6eb19b5702a413c90ada19e5a903dd2"}}'
2026-07-24 14:49:04,587 2264809 INFO     [tempest.lib.common.rest_client] Request (TestImageHashVerification:test_volume_upload_image_hash_verification): 200 GET http://10.132.239.111/volume/v3/volumes/bd7df5e7-806f-49a4-bea8-6af974ea9960 0.049s
2026-07-24 14:49:04,587 2264809 DEBUG    [tempest.lib.common.rest_client] Request - Headers: {'Content-Type': 'application/json', 'Accept': 'application/json', 'X-Auth-Token': '<omitted>'}
        Body: None
    Respons
    e - Headers: {'date': 'Fri, 24 Jul 2026 14:49:04 GMT', 'server': 'Apache/2.4.58 (Ubuntu)', 'content-type': 'application/json', 'x-compute-request-id': 'req-6d6cf0c0-cbb8-4f87-93f2-60219dfa5f4b', 'content-length': '855', 'openstack-api-version': 'volume 3.0', 'vary': 'OpenStack-API-Version', 'x-openstack-request-id': 'req-6d6cf0c0-cbb8-4f87-93f2-60219dfa5f4b', 'connection': 'close', 'status': '200', 'content-location': 'http://10.132.239.111/volume/v3/volumes/bd7df5e7-806f-49a4-bea8-6af974ea9960'}
        Body: b'{"volume": {"id": "bd7df5e7-806f-49a4-bea8-6af974ea9960", "status": "available", "size": 1, "availability_zone": "nova", "created_at": "2026-07-24T14:49:03.000000", "updated_at": "2026-07-24T14:49:04.000000", "name": "tempest-TestImageHashVerification-volume-1246898046", "description": null, "volume_type": "nvmetcp1", "snapshot_id": null, "source_volid": null, "metadata": {}, "links": [{"rel": "self", "href": "http://10.132.239.111/volume/v3/volumes/bd7df5e7-806f-49a4-bea8-6af974ea9960"}, {"rel": "bookmark", "href": "http://10.132.239.111/volume/volumes/bd7df5e7-806f-49a4-bea8-6af974ea9960"}], "user_id": "67cc351d74a0457081cec286344acb2a", "bootable": "false", "encrypted": false, "replication_status": null, "consistencygroup_id": null, "multiattach": false, "attachments": [], "os-vol-tenant-attr:tenant_id": "b6eb19b5702a413c90ada19e5a903dd2"}}'
2026-07-24 14:49:04,602 2264809 INFO     [tempest.common.waiters] volume bd7df5e7-806f-49a4-bea8-6af974ea9960 reached available after waiting for 1.602808 seconds
2026-07-24 14:49:04,652 2264809 INFO     [tempest.lib.common.rest_client] Request (TestImageHashVerification:test_volume_upload_image_hash_verification): 200 GET http://10.132.239.111/volume/v3/volumes/bd7df5e7-806f-49a4-bea8-6af974ea9960 0.049s
2026-07-24 14:49:04,653 2264809 DEBUG    [tempest.lib.common.rest_client] Request - Headers: {'Content-Type': 'application/json', 'Accept': 'application/json', 'X-Auth-Token': '<omitted>'}
        Body: None
    Response - Headers: {'date': 'Fri, 24 Jul 2026 14:49:04 GMT', 'server': 'Apache/2.4.58 (Ubuntu)', 'content-type': 'application/json', 'x-compute-request-id': 'req-75470863-52f7-48df-840a-d9d23e45f582', 'content-length': '855', 'openstack-api-version': 'volume 3.0', 'vary': 'OpenStack-API-Version', 'x-openstack-request-id': 'req-75470863-52f7-48df-840a-d9d23e45f582', 'connection': 'close', 'status': '200', 'content-location': 'http://10.132.239.111/volume/v3/volumes/bd7df5e7-806f-49a4-bea8-6af974ea9960'}
        Body: b'{"volume": {"id": "bd7df5e7-806f-49a4-bea8-6af974ea9960", "status": "available", "size": 1, "availability_zone": "nova", "created_at": "2026-07-24T14:49:03.000000", "updated_at": "2026-07-24T14:49:04.000000", "name": "tempest-TestImageHashVerification-volume-1246898046", "description": null, "volume_type": "nvmetcp1", "snapshot_id": null, "source_volid": null, "metadata": {}, "links": [{"rel": "self", "href": "http://10.132.239.111/volume/v3/volumes/bd7df5e7-806f-49a4-bea8-6af974ea9960"}, {"rel": "bookmark", "href": "http://10.132.239.111/volume/volumes/bd7df5e7-806f-49a4-bea8-6af974ea9960"}], "user_id": "67cc351d74a0457081cec286344acb2a", "bootable": "false", "encrypted": false, "replication_status": null, "consistencygroup_id": null, "multiattach": false, "attachments": [], "os-vol-tenant-attr:tenant_id": "b6eb19b5702a413c90ada19e5a903dd2"}}'
2026-07-24 14:49:05,496 2264809 INFO     [tempest.lib.common.rest_client] Request (TestImageHashVerification:test_volume_upload_image_hash_verification): 202 POST http://10.132.239.111/volume/v3/volumes/bd7df5e7-806f-49a4-bea8-6af974ea9960/action 0.826s
2026-07-24 14:49:05,496 2264809 DEBUG    [tempest.lib.common.rest_client] Request - Headers: {'Content-Type': 'application/json', 'Accept': 'application/json', 'X-Auth-Token': '<omitted>'}
        Body: {"os-volume_upload_image": {"image_name": "tempest-volume-upload-hash-test-896176982", "disk_format": "raw"}}
    Response - Headers: {'date': 'Fri, 24 Jul 2026 14:49:04 GMT', 'server': 'Apache/2.4.58 (Ubuntu)', 'content-type': 'application/json', 'x-compute-re
    quest-id': 'req-4bcaf84c-fc50-4919-937a-c3aee20e9dc4', 'content-length': '735', 'openstack-api-version': 'volume 3.0', 'vary': 'OpenStack-API-Version', 'x-openstack-request-id': 'req-4bcaf84c-fc50-4919-937a-c3aee20e9dc4', 'connection': 'close', 'status': '202', 'content-location': 'http://10.132.239.111/volume/v3/volumes/bd7df5e7-806f-49a4-bea8-6af974ea9960/action'}
        Body: b'{"os-volume_upload_image": {"id": "bd7df5e7-806f-49a4-bea8-6af974ea9960", "updated_at": "2026-07-24T14:49:04.000000", "status": "uploading", "display_description": null, "size": 1, "volume_type": {"id": "b825df61-6eab-4e2c-b84c-04d1c0fbe909", "name": "nvmetcp1", "description": null, "is_public": true, "extra_specs": {"volume_backend_name": "nvmetcp1", "consistent_group_snapshot_enabled": "<is> True"}, "qos_specs_id": null, "created_at": "2026-07-24T14:38:54.000000", "updated_at": null, "deleted_at": null, "deleted": false}, "image_id": "6da0b43f-ae44-47a3-8c0b-e028df9f4689", "container_format": "bare", "disk_format": "raw", "image_name": "tempest-volume-upload-hash-test-896176982", "protected": false, "visibility": "shared"}}'
2026-07-24 14:49:05,528 2264809 INFO     [tempest.lib.common.rest_client] Request (TestImageHashVerification:test_volume_upload_image_hash_verification): 200 GET http://10.132.239.111/image/v2/images/6da0b43f-ae44-47a3-8c0b-e028df9f4689 0.030s
2026-07-24 14:49:05,528 2264809 DEBUG    [tempest.lib.common.rest_client] Request - Headers: {'Content-Type': 'application/json', 'Accept': 'application/json', 'X-Auth-Token': '<omitted>'}
        Body: None
    Response - Headers: {'date': 'Fri, 24 Jul 2026 14:49:05 GMT', 'server': 'Apache/2.4.58 (Ubuntu)', 'content-length': '648', 'content-type': 'application/json', 'x-openstack-request-id': 'req-c9015bfd-11c0-47b1-96b8-a34cbec0d2db', 'connection': 'close', 'status': '200', 'content-location': 'http://10.132.239.111/image/v2/images/6da0b43f-ae44-47a3-8c0b-e028df9f4689'}
        Body: b'{"name": "tempest-volume-upload-hash-test-896176982", "disk_format": "raw", "container_format": "bare", "visibility": "shared", "size": null, "virtual_size": null, "status": "queued", "checksum": null, "protected": false, "min_ram": 0, "min_disk": 0, "owner": "b6eb19b5702a413c90ada19e5a903dd2", "os_hidden": false, "os_hash_algo": null, "os_hash_value": null, "id": "6da0b43f-ae44-47a3-8c0b-e028df9f4689", "created_at": "2026-07-24T14:49:05Z", "updated_at": "2026-07-24T14:49:05Z", "tags": [], "self": "/v2/images/6da0b43f-ae44-47a3-8c0b-e028df9f4689", "file": "/v2/images/6da0b43f-ae44-47a3-8c0b-e028df9f4689/file", "schema": "/v2/schemas/image"}'
2026-07-24 14:49:06,555 2264809 INFO     [tempest.lib.common.rest_client] Request (TestImageHashVerification:test_volume_upload_image_hash_verification): 200 GET http://10.132.239.111/image/v2/images/6da0b43f-ae44-47a3-8c0b-e028df9f4689 0.025s
2026-07-24 14:49:06,555 2264809 DEBUG    [tempest.lib.common.rest_client] Request - Headers: {'Content-Type': 'application/json', 'Accept': 'application/json', 'X-Auth-Token': '<omitted>'}
        Body: None
    Response - Headers: {'date': 'Fri, 24 Jul 2026 14:49:06 GMT', 'server': 'Apache/2.4.58 (Ubuntu)', 'content-length': '648', 'content-type': 'application/json', 'x-openstack-request-id': 'req-7d2feec5-31fe-4f1c-828f-34975fa2f188', 'connection': 'close', 'status': '200', 'content-location': 'http://10.132.239.111/image/v2/images/6da0b43f-ae44-47a3-8c0b-e028df9f4689'}
        Body: b'{"name": "tempest-volume-upload-hash-test-896176982", "disk_format": "raw", "container_format": "bare", "visibility": "shared", "size": null, "virtual_size": null, "status": "queued", "checksum": null, "protected": false, "min_ram": 0, "min_disk": 0, "owner": "b6eb19b5702a413c90ada19e5a903dd2", "os_hidden": false, "os_hash_algo": null, "os_hash_value": null, "id": "6da0b43f-ae44-47a3-8c0b-e028df9f4689", "created_at": "2026-07-24T14:49:05Z", "updated_at": "2026-07-24T14:49:05Z", "tags": [], "self": "/v2/images/6da0b43f-ae44-47a3-8c0b-e028df9f4689", "file": "/v2/images/6da0b43f-ae44-47a3-8c0b-e028df9f4689/file", "schema": "/v2/schemas/image
    "}'
2026-07-24 14:49:07,577 2264809 INFO     [tempest.lib.common.rest_client] Request (TestImageHashVerification:test_volume_upload_image_hash_verification): 404 GET http://10.132.239.111/image/v2/images/6da0b43f-ae44-47a3-8c0b-e028df9f4689 0.020s
2026-07-24 14:49:07,577 2264809 DEBUG    [tempest.lib.common.rest_client] Request - Headers: {'Content-Type': 'application/json', 'Accept': 'application/json', 'X-Auth-Token': '<omitted>'}
        Body: None
    Response - Headers: {'date': 'Fri, 24 Jul 2026 14:49:07 GMT', 'server': 'Apache/2.4.58 (Ubuntu)', 'content-length': '139', 'content-type': 'application/json', 'x-openstack-request-id': 'req-7bcfb8d4-36f3-4d14-8f0a-fb3a12f3bbd0', 'connection': 'close', 'status': '404', 'content-location': 'http://10.132.239.111/image/v2/images/6da0b43f-ae44-47a3-8c0b-e028df9f4689'}
        Body: b'{"message": "No image found with ID 6da0b43f-ae44-47a3-8c0b-e028df9f4689<br /><br />\\n\\n\\n", "code": "404 Not Found", "title": "Not Found"}'
2026-07-24 14:49:07,611 2264809 INFO     [tempest.lib.common.rest_client] Request (TestImageHashVerification:_run_cleanups): 404 DELETE http://10.132.239.111/image/v2/images/6da0b43f-ae44-47a3-8c0b-e028df9f4689 0.028s
2026-07-24 14:49:07,611 2264809 DEBUG    [tempest.lib.common.rest_client] Request - Headers: {'Content-Type': 'application/json', 'Accept': 'application/json', 'X-Auth-Token': '<omitted>'}
        Body: None
    Response - Headers: {'date': 'Fri, 24 Jul 2026 14:49:07 GMT', 'server': 'Apache/2.4.58 (Ubuntu)', 'content-length': '147', 'content-type': 'application/json', 'x-openstack-request-id': 'req-58a49727-af2c-4265-9cd5-f56e0910eec5', 'connection': 'close', 'status': '404', 'content-location': 'http://10.132.239.111/image/v2/images/6da0b43f-ae44-47a3-8c0b-e028df9f4689'}
        Body: b'{"message": "Failed to find image 6da0b43f-ae44-47a3-8c0b-e028df9f4689 to delete<br /><br />\\n\\n\\n", "code": "404 Not Found", "title": "Not Found"}'
2026-07-24 14:49:07,680 2264809 INFO     [tempest.lib.common.rest_client] Request (TestImageHashVerification:_run_cleanups): 202 DELETE http://10.132.239.111/volume/v3/volumes/bd7df5e7-806f-49a4-bea8-6af974ea9960 0.067s
2026-07-24 14:49:07,680 2264809 DEBUG    [tempest.lib.common.rest_client] Request - Headers: {'Content-Type': 'application/json', 'Accept': 'application/json', 'X-Auth-Token': '<omitted>'}
        Body: None
    Response - Headers: {'date': 'Fri, 24 Jul 2026 14:49:07 GMT', 'server': 'Apache/2.4.58 (Ubuntu)', 'content-length': '0', 'content-type': 'text/html; charset=UTF-8', 'openstack-api-version': 'volume 3.0', 'vary': 'OpenStack-API-Version', 'x-openstack-request-id': 'req-1de8ba1c-cbaf-47d6-9b42-a58c408717a4', 'connection': 'close', 'status': '202', 'content-location': 'http://10.132.239.111/volume/v3/volumes/bd7df5e7-806f-49a4-bea8-6af974ea9960'}
        Body: b''
2026-07-24 14:49:07,730 2264809 INFO     [tempest.lib.common.rest_client] Request (TestImageHashVerification:_run_cleanups): 200 GET http://10.132.239.111/volume/v3/volumes/bd7df5e7-806f-49a4-bea8-6af974ea9960 0.050s
2026-07-24 14:49:07,731 2264809 DEBUG    [tempest.lib.common.rest_client] Request - Headers: {'Content-Type': 'application/json', 'Accept': 'application/json', 'X-Auth-Token': '<omitted>'}
        Body: None
    Response - Headers: {'date': 'Fri, 24 Jul 2026 14:49:07 GMT', 'server': 'Apache/2.4.58 (Ubuntu)', 'content-type': 'application/json', 'x-compute-request-id': 'req-2af859e3-c5f2-426b-942f-be88a2c8ba0c', 'content-length': '854', 'openstack-api-version': 'volume 3.0', 'vary': 'OpenStack-API-Version', 'x-openstack-request-id': 'req-2af859e3-c5f2-426b-942f-be88a2c8ba0c', 'connection': 'close', 'status': '200', 'content-location': 'http://10.132.239.111/volume/v3/volumes/bd7df5e7-806f-49a4-bea8-6af974ea9960'}
        Body: b'{"volume": {"id": "bd7df5e7-806f-49a4-bea8-6af974ea9960", "status": "deleting", "size": 1, "availability_zone": "nova", "created_at": "2026-07-24T14:49:03.000000", "updated_at": "2026-07-24T14:49:08.000000", "name": "tempest-TestImageHashVerification-volume-1246898046", "description": null, "
    volume_type": "nvmetcp1", "snapshot_id": null, "source_volid": null, "metadata": {}, "links": [{"rel": "self", "href": "http://10.132.239.111/volume/v3/volumes/bd7df5e7-806f-49a4-bea8-6af974ea9960"}, {"rel": "bookmark", "href": "http://10.132.239.111/volume/volumes/bd7df5e7-806f-49a4-bea8-6af974ea9960"}], "user_id": "67cc351d74a0457081cec286344acb2a", "bootable": "false", "encrypted": false, "replication_status": null, "consistencygroup_id": null, "multiattach": false, "attachments": [], "os-vol-tenant-attr:tenant_id": "b6eb19b5702a413c90ada19e5a903dd2"}}'
2026-07-24 14:49:08,775 2264809 INFO     [tempest.lib.common.rest_client] Request (TestImageHashVerification:_run_cleanups): 404 GET http://10.132.239.111/volume/v3/volumes/bd7df5e7-806f-49a4-bea8-6af974ea9960 0.029s
2026-07-24 14:49:08,776 2264809 DEBUG    [tempest.lib.common.rest_client] Request - Headers: {'Content-Type': 'application/json', 'Accept': 'application/json', 'X-Auth-Token': '<omitted>'}
        Body: None
    Response - Headers: {'date': 'Fri, 24 Jul 2026 14:49:08 GMT', 'server': 'Apache/2.4.58 (Ubuntu)', 'openstack-api-version': 'volume 3.0', 'vary': 'OpenStack-API-Version', 'content-length': '109', 'content-type': 'application/json', 'x-compute-request-id': 'req-50c574dd-475c-469d-8e7a-6ae349e9de63', 'x-openstack-request-id': 'req-50c574dd-475c-469d-8e7a-6ae349e9de63', 'connection': 'close', 'status': '404', 'content-location': 'http://10.132.239.111/volume/v3/volumes/bd7df5e7-806f-49a4-bea8-6af974ea9960'}
        Body: b'{"itemNotFound": {"code": 404, "message": "Volume bd7df5e7-806f-49a4-bea8-6af974ea9960 could not be found."}}'


==============================
Failed 1 tests - output below:
==============================

tempest.scenario.test_snapshots_with_add_location.TestImageHashVerification.test_volume_upload_image_hash_verification[compute,id-b2c3d4e5-f6a7-8901-bcde-f12345678901,image,volume]
------------------------------------------------------------------------------------------------------------------------------------------------------------------------------------

Captured traceback:
~~~~~~~~~~~~~~~~~~~
    Traceback (most recent call last):

      File "/opt/stack/tempest/tempest/common/utils/__init__.py", line 65, in wrapper
    return f(*func_args, **func_kwargs)
           ^^^^^^^^^^^^^^^^^^^^^^^^^^^^

      File "/opt/stack/tempest/tempest/scenario/test_snapshots_with_add_location.py", line 198, in test_volume_upload_image_hash_verification
    waiters.wait_for_image_status(

      File "/opt/stack/tempest/tempest/common/waiters.py", line 175, in wait_for_image_status
    image = show_image(image_id)
            ^^^^^^^^^^^^^^^^^^^^

      File "/opt/stack/tempest/tempest/lib/services/image/v2/images_client.py", line 119, in show_image
    resp, body = self.get(url)
                 ^^^^^^^^^^^^^

      File "/opt/stack/tempest/tempest/lib/common/rest_client.py", line 345, in get
    return self.request('GET', url, extra_headers, headers,
           ^^^^^^^^^^^^^^^^^^^^^^^^^^^^^^^^^^^^^^^^^^^^^^^^

      File "/opt/stack/tempest/tempest/lib/common/rest_client.py", line 767, in request
    self._error_checker(resp, resp_body)

      File "/opt/stack/tempest/tempest/lib/common/rest_client.py", line 877, in _error_checker
    raise exceptions.NotFound(resp_body, resp=resp)

    tempest.lib.exceptions.NotFound: Object not found
Details: {'message': 'No image found with ID 6da0b43f-ae44-47a3-8c0b-e028df9f4689<br /><br />\n\n\n', 'code': '404 Not Found', 'title': 'Not Found'}


Captured pythonlogging:
~~~~~~~~~~~~~~~~~~~~~~~
    2026-07-24 14:49:03,155 2264809 INFO     [tempest.lib.common.rest_client] Request (TestImageHashVerification:test_volume_upload_image_hash_verification): 202 POST http://10.132.239.111/volume/v3/volumes 0.770s
2026-07-24 14:49:03,156 2264809 DEBUG    [tempest.lib.common.rest_client] Request - Headers: {'Content-Type': 'application/json', 'Accept': 'application/json', 'X-Auth-Token': '<omitted>'}
        Body: {"volume": {"name": "tempest-TestImageHashVerification-volume-1246898046", "snapshot_id": null, "imageRef": null, "volume_type": null, "size": 1}}
    Response - Headers: {'date': 'Fri, 24 Jul 2026 14:49:02 GMT', 'server': 'Apache/2.4.58 (Ubuntu)', 'content-type': 'application/json', 'x-compute-request-id': 'req-4b92bc37-03a1-4b39-a428-1ecdfaf00cd8', 'content-length': '762', 'openstack-api-version': 'volume 3.0', 'vary': 'OpenStack-API-Version', 'x-openstack-request-id': 'req-4b92bc37-03a1-4b39-a428-1ecdfaf00cd8', 'connection': 'close', 'status': '202', 'content-location': 'http://10.132.239.111/volume/v3/volumes'}
        Body: b'{"volume": {"id": "bd7df5e7-806f-49a4-bea8-6af974ea9960", "status": "creating", "size": 1, "availability_zone": "nova", "created_at": "2026-07-24T14:49:02.986092", "updated_at": null, "name": "tempest-TestImageHashVerification-volume-1246898046", "description": null, "volume_type": "nvmetcp1", "snapshot_id": null, "source_volid": null, "metadata": {}, "links": [{"rel": "self", "href": "http://10.132.239.111/volume/v3/volumes/bd7df5e7-806f-49a4-bea8-6af974ea9960"}, {"rel": "bookmark", "href": "http://10.132.239.111/volume/volumes/bd7df5e7-806f-49a4-bea8-6af974ea9960"}], "user_id": "67cc351d74a0457081cec286344acb2a", "bootable": "false", "encrypted": false, "replication_status": null, "consistencygroup_id": null, "multiattach": false, "attachments": []}}'
2026-07-24 14:49:03,520 2264809 INFO     [tempest.lib.common.rest_client] Request (TestImageHashVerification:test_volume_upload_image_hash_verification): 200 GET http://10.132.239.111/volume/v3/volumes/bd7df5e7-806f-49a4-bea8-6af974ea9960 0.346s
2026-07-24 14:49:03,521 2264809 DEBUG    [tempest.lib.common.rest_client] Request - Headers: {'Content-Type': 'application/json', 'Accept': 'application/json', 'X-Auth-Token': '<omitted>'}
        Body: None
    Response - Headers: {'date': 'Fri, 24 Jul 2026 14:49:03 GMT', 'server': 'Apache/2.4.58 (Ubuntu)', 'content-type': 'application/json', 'x-compute-request-id': 'req-7ef724c0-b597-4ade-b284-044186b9c195', 'content-length': '830', 'openstack-api-version': 'volume 3.0', 'vary': 'OpenStack-API-Version', 'x-openstack-request-id': 'req-7ef724c0-b597-4ade-b284-044186b9c195', 'connection': 'close', 'status': '200', 'content-location': 'http://10.132.239.111/volume/v3/volumes/bd7df5e7-806f-49a4-bea8-6af974ea9960'}
        Body: b'{"volume": {"id": "bd7df5e7-806f-49a4-bea8-6af974ea9960", "status": "creating", "size": 1, "availability_zone": "nova", "created_at": "2026-07-24T14:49:03.000000", "updated_at": null, "name": "tempest-TestImageHashVerification-volume-1246898046", "description": null, "volume_type": "nvmetcp1", "snapshot_id": null, "source_volid": null, "metadata": {}, "links": [{"rel": "self", "href": "http://10.132.239.111/volume/v3/volumes/bd7df5e7-806f-49a4-bea8-6af974ea9960"}, {"rel": "bookmark", "href": "http://10.132.239.111/volume/volumes/bd7df5e7-806f-49a4-bea8-6af974ea9960"}], "user_id": "67cc351d74a0457081cec286344acb2a", "bootable": "false", "encrypted": false, "replication_status": null, "consistencygroup_id": null, "multiattach": false, "attachments": [], "os-vol-tenant-attr:tenant_id": "b6eb19b5702a413c90ada19e5a903dd2"}}'
2026-07-24 14:49:04,587 2264809 INFO     [tempest.lib.common.rest_client] Request (TestImageHashVerification:test_volume_upload_image_hash_verification): 200 GET http://10.132.239.111/volume/v3/volumes/bd7df5e7-806f-49a4-bea8-6af974ea9960 0.049s
2026-07-24 14:49:04,587 2264809 DEBUG    [tempest.lib.common.rest_client] Request - Headers: {'Content-Type': 'application/json', 'Accept': 'application/json', 'X-Auth-Token': '<omitted>'}
        Body: None
    Respons
    e - Headers: {'date': 'Fri, 24 Jul 2026 14:49:04 GMT', 'server': 'Apache/2.4.58 (Ubuntu)', 'content-type': 'application/json', 'x-compute-request-id': 'req-6d6cf0c0-cbb8-4f87-93f2-60219dfa5f4b', 'content-length': '855', 'openstack-api-version': 'volume 3.0', 'vary': 'OpenStack-API-Version', 'x-openstack-request-id': 'req-6d6cf0c0-cbb8-4f87-93f2-60219dfa5f4b', 'connection': 'close', 'status': '200', 'content-location': 'http://10.132.239.111/volume/v3/volumes/bd7df5e7-806f-49a4-bea8-6af974ea9960'}
        Body: b'{"volume": {"id": "bd7df5e7-806f-49a4-bea8-6af974ea9960", "status": "available", "size": 1, "availability_zone": "nova", "created_at": "2026-07-24T14:49:03.000000", "updated_at": "2026-07-24T14:49:04.000000", "name": "tempest-TestImageHashVerification-volume-1246898046", "description": null, "volume_type": "nvmetcp1", "snapshot_id": null, "source_volid": null, "metadata": {}, "links": [{"rel": "self", "href": "http://10.132.239.111/volume/v3/volumes/bd7df5e7-806f-49a4-bea8-6af974ea9960"}, {"rel": "bookmark", "href": "http://10.132.239.111/volume/volumes/bd7df5e7-806f-49a4-bea8-6af974ea9960"}], "user_id": "67cc351d74a0457081cec286344acb2a", "bootable": "false", "encrypted": false, "replication_status": null, "consistencygroup_id": null, "multiattach": false, "attachments": [], "os-vol-tenant-attr:tenant_id": "b6eb19b5702a413c90ada19e5a903dd2"}}'
2026-07-24 14:49:04,602 2264809 INFO     [tempest.common.waiters] volume bd7df5e7-806f-49a4-bea8-6af974ea9960 reached available after waiting for 1.602808 seconds
2026-07-24 14:49:04,652 2264809 INFO     [tempest.lib.common.rest_client] Request (TestImageHashVerification:test_volume_upload_image_hash_verification): 200 GET http://10.132.239.111/volume/v3/volumes/bd7df5e7-806f-49a4-bea8-6af974ea9960 0.049s
2026-07-24 14:49:04,653 2264809 DEBUG    [tempest.lib.common.rest_client] Request - Headers: {'Content-Type': 'application/json', 'Accept': 'application/json', 'X-Auth-Token': '<omitted>'}
        Body: None
    Response - Headers: {'date': 'Fri, 24 Jul 2026 14:49:04 GMT', 'server': 'Apache/2.4.58 (Ubuntu)', 'content-type': 'application/json', 'x-compute-request-id': 'req-75470863-52f7-48df-840a-d9d23e45f582', 'content-length': '855', 'openstack-api-version': 'volume 3.0', 'vary': 'OpenStack-API-Version', 'x-openstack-request-id': 'req-75470863-52f7-48df-840a-d9d23e45f582', 'connection': 'close', 'status': '200', 'content-location': 'http://10.132.239.111/volume/v3/volumes/bd7df5e7-806f-49a4-bea8-6af974ea9960'}
        Body: b'{"volume": {"id": "bd7df5e7-806f-49a4-bea8-6af974ea9960", "status": "available", "size": 1, "availability_zone": "nova", "created_at": "2026-07-24T14:49:03.000000", "updated_at": "2026-07-24T14:49:04.000000", "name": "tempest-TestImageHashVerification-volume-1246898046", "description": null, "volume_type": "nvmetcp1", "snapshot_id": null, "source_volid": null, "metadata": {}, "links": [{"rel": "self", "href": "http://10.132.239.111/volume/v3/volumes/bd7df5e7-806f-49a4-bea8-6af974ea9960"}, {"rel": "bookmark", "href": "http://10.132.239.111/volume/volumes/bd7df5e7-806f-49a4-bea8-6af974ea9960"}], "user_id": "67cc351d74a0457081cec286344acb2a", "bootable": "false", "encrypted": false, "replication_status": null, "consistencygroup_id": null, "multiattach": false, "attachments": [], "os-vol-tenant-attr:tenant_id": "b6eb19b5702a413c90ada19e5a903dd2"}}'
2026-07-24 14:49:05,496 2264809 INFO     [tempest.lib.common.rest_client] Request (TestImageHashVerification:test_volume_upload_image_hash_verification): 202 POST http://10.132.239.111/volume/v3/volumes/bd7df5e7-806f-49a4-bea8-6af974ea9960/action 0.826s
2026-07-24 14:49:05,496 2264809 DEBUG    [tempest.lib.common.rest_client] Request - Headers: {'Content-Type': 'application/json', 'Accept': 'application/json', 'X-Auth-Token': '<omitted>'}
        Body: {"os-volume_upload_image": {"image_name": "tempest-volume-upload-hash-test-896176982", "disk_format": "raw"}}
    Response - Headers: {'date': 'Fri, 24 Jul 2026 14:49:04 GMT', 'server': 'Apache/2.4.58 (Ubuntu)', 'content-type': 'application/json', 'x-compute-re
    quest-id': 'req-4bcaf84c-fc50-4919-937a-c3aee20e9dc4', 'content-length': '735', 'openstack-api-version': 'volume 3.0', 'vary': 'OpenStack-API-Version', 'x-openstack-request-id': 'req-4bcaf84c-fc50-4919-937a-c3aee20e9dc4', 'connection': 'close', 'status': '202', 'content-location': 'http://10.132.239.111/volume/v3/volumes/bd7df5e7-806f-49a4-bea8-6af974ea9960/action'}
        Body: b'{"os-volume_upload_image": {"id": "bd7df5e7-806f-49a4-bea8-6af974ea9960", "updated_at": "2026-07-24T14:49:04.000000", "status": "uploading", "display_description": null, "size": 1, "volume_type": {"id": "b825df61-6eab-4e2c-b84c-04d1c0fbe909", "name": "nvmetcp1", "description": null, "is_public": true, "extra_specs": {"volume_backend_name": "nvmetcp1", "consistent_group_snapshot_enabled": "<is> True"}, "qos_specs_id": null, "created_at": "2026-07-24T14:38:54.000000", "updated_at": null, "deleted_at": null, "deleted": false}, "image_id": "6da0b43f-ae44-47a3-8c0b-e028df9f4689", "container_format": "bare", "disk_format": "raw", "image_name": "tempest-volume-upload-hash-test-896176982", "protected": false, "visibility": "shared"}}'
2026-07-24 14:49:05,528 2264809 INFO     [tempest.lib.common.rest_client] Request (TestImageHashVerification:test_volume_upload_image_hash_verification): 200 GET http://10.132.239.111/image/v2/images/6da0b43f-ae44-47a3-8c0b-e028df9f4689 0.030s
2026-07-24 14:49:05,528 2264809 DEBUG    [tempest.lib.common.rest_client] Request - Headers: {'Content-Type': 'application/json', 'Accept': 'application/json', 'X-Auth-Token': '<omitted>'}
        Body: None
    Response - Headers: {'date': 'Fri, 24 Jul 2026 14:49:05 GMT', 'server': 'Apache/2.4.58 (Ubuntu)', 'content-length': '648', 'content-type': 'application/json', 'x-openstack-request-id': 'req-c9015bfd-11c0-47b1-96b8-a34cbec0d2db', 'connection': 'close', 'status': '200', 'content-location': 'http://10.132.239.111/image/v2/images/6da0b43f-ae44-47a3-8c0b-e028df9f4689'}
        Body: b'{"name": "tempest-volume-upload-hash-test-896176982", "disk_format": "raw", "container_format": "bare", "visibility": "shared", "size": null, "virtual_size": null, "status": "queued", "checksum": null, "protected": false, "min_ram": 0, "min_disk": 0, "owner": "b6eb19b5702a413c90ada19e5a903dd2", "os_hidden": false, "os_hash_algo": null, "os_hash_value": null, "id": "6da0b43f-ae44-47a3-8c0b-e028df9f4689", "created_at": "2026-07-24T14:49:05Z", "updated_at": "2026-07-24T14:49:05Z", "tags": [], "self": "/v2/images/6da0b43f-ae44-47a3-8c0b-e028df9f4689", "file": "/v2/images/6da0b43f-ae44-47a3-8c0b-e028df9f4689/file", "schema": "/v2/schemas/image"}'
2026-07-24 14:49:06,555 2264809 INFO     [tempest.lib.common.rest_client] Request (TestImageHashVerification:test_volume_upload_image_hash_verification): 200 GET http://10.132.239.111/image/v2/images/6da0b43f-ae44-47a3-8c0b-e028df9f4689 0.025s
2026-07-24 14:49:06,555 2264809 DEBUG    [tempest.lib.common.rest_client] Request - Headers: {'Content-Type': 'application/json', 'Accept': 'application/json', 'X-Auth-Token': '<omitted>'}
        Body: None
    Response - Headers: {'date': 'Fri, 24 Jul 2026 14:49:06 GMT', 'server': 'Apache/2.4.58 (Ubuntu)', 'content-length': '648', 'content-type': 'application/json', 'x-openstack-request-id': 'req-7d2feec5-31fe-4f1c-828f-34975fa2f188', 'connection': 'close', 'status': '200', 'content-location': 'http://10.132.239.111/image/v2/images/6da0b43f-ae44-47a3-8c0b-e028df9f4689'}
        Body: b'{"name": "tempest-volume-upload-hash-test-896176982", "disk_format": "raw", "container_format": "bare", "visibility": "shared", "size": null, "virtual_size": null, "status": "queued", "checksum": null, "protected": false, "min_ram": 0, "min_disk": 0, "owner": "b6eb19b5702a413c90ada19e5a903dd2", "os_hidden": false, "os_hash_algo": null, "os_hash_value": null, "id": "6da0b43f-ae44-47a3-8c0b-e028df9f4689", "created_at": "2026-07-24T14:49:05Z", "updated_at": "2026-07-24T14:49:05Z", "tags": [], "self": "/v2/images/6da0b43f-ae44-47a3-8c0b-e028df9f4689", "file": "/v2/images/6da0b43f-ae44-47a3-8c0b-e028df9f4689/file", "schema": "/v2/schemas/image
    "}'
2026-07-24 14:49:07,577 2264809 INFO     [tempest.lib.common.rest_client] Request (TestImageHashVerification:test_volume_upload_image_hash_verification): 404 GET http://10.132.239.111/image/v2/images/6da0b43f-ae44-47a3-8c0b-e028df9f4689 0.020s
2026-07-24 14:49:07,577 2264809 DEBUG    [tempest.lib.common.rest_client] Request - Headers: {'Content-Type': 'application/json', 'Accept': 'application/json', 'X-Auth-Token': '<omitted>'}
        Body: None
    Response - Headers: {'date': 'Fri, 24 Jul 2026 14:49:07 GMT', 'server': 'Apache/2.4.58 (Ubuntu)', 'content-length': '139', 'content-type': 'application/json', 'x-openstack-request-id': 'req-7bcfb8d4-36f3-4d14-8f0a-fb3a12f3bbd0', 'connection': 'close', 'status': '404', 'content-location': 'http://10.132.239.111/image/v2/images/6da0b43f-ae44-47a3-8c0b-e028df9f4689'}
        Body: b'{"message": "No image found with ID 6da0b43f-ae44-47a3-8c0b-e028df9f4689<br /><br />\\n\\n\\n", "code": "404 Not Found", "title": "Not Found"}'
2026-07-24 14:49:07,611 2264809 INFO     [tempest.lib.common.rest_client] Request (TestImageHashVerification:_run_cleanups): 404 DELETE http://10.132.239.111/image/v2/images/6da0b43f-ae44-47a3-8c0b-e028df9f4689 0.028s
2026-07-24 14:49:07,611 2264809 DEBUG    [tempest.lib.common.rest_client] Request - Headers: {'Content-Type': 'application/json', 'Accept': 'application/json', 'X-Auth-Token': '<omitted>'}
        Body: None
    Response - Headers: {'date': 'Fri, 24 Jul 2026 14:49:07 GMT', 'server': 'Apache/2.4.58 (Ubuntu)', 'content-length': '147', 'content-type': 'application/json', 'x-openstack-request-id': 'req-58a49727-af2c-4265-9cd5-f56e0910eec5', 'connection': 'close', 'status': '404', 'content-location': 'http://10.132.239.111/image/v2/images/6da0b43f-ae44-47a3-8c0b-e028df9f4689'}
        Body: b'{"message": "Failed to find image 6da0b43f-ae44-47a3-8c0b-e028df9f4689 to delete<br /><br />\\n\\n\\n", "code": "404 Not Found", "title": "Not Found"}'
2026-07-24 14:49:07,680 2264809 INFO     [tempest.lib.common.rest_client] Request (TestImageHashVerification:_run_cleanups): 202 DELETE http://10.132.239.111/volume/v3/volumes/bd7df5e7-806f-49a4-bea8-6af974ea9960 0.067s
2026-07-24 14:49:07,680 2264809 DEBUG    [tempest.lib.common.rest_client] Request - Headers: {'Content-Type': 'application/json', 'Accept': 'application/json', 'X-Auth-Token': '<omitted>'}
        Body: None
    Response - Headers: {'date': 'Fri, 24 Jul 2026 14:49:07 GMT', 'server': 'Apache/2.4.58 (Ubuntu)', 'content-length': '0', 'content-type': 'text/html; charset=UTF-8', 'openstack-api-version': 'volume 3.0', 'vary': 'OpenStack-API-Version', 'x-openstack-request-id': 'req-1de8ba1c-cbaf-47d6-9b42-a58c408717a4', 'connection': 'close', 'status': '202', 'content-location': 'http://10.132.239.111/volume/v3/volumes/bd7df5e7-806f-49a4-bea8-6af974ea9960'}
        Body: b''
2026-07-24 14:49:07,730 2264809 INFO     [tempest.lib.common.rest_client] Request (TestImageHashVerification:_run_cleanups): 200 GET http://10.132.239.111/volume/v3/volumes/bd7df5e7-806f-49a4-bea8-6af974ea9960 0.050s
2026-07-24 14:49:07,731 2264809 DEBUG    [tempest.lib.common.rest_client] Request - Headers: {'Content-Type': 'application/json', 'Accept': 'application/json', 'X-Auth-Token': '<omitted>'}
        Body: None
    Response - Headers: {'date': 'Fri, 24 Jul 2026 14:49:07 GMT', 'server': 'Apache/2.4.58 (Ubuntu)', 'content-type': 'application/json', 'x-compute-request-id': 'req-2af859e3-c5f2-426b-942f-be88a2c8ba0c', 'content-length': '854', 'openstack-api-version': 'volume 3.0', 'vary': 'OpenStack-API-Version', 'x-openstack-request-id': 'req-2af859e3-c5f2-426b-942f-be88a2c8ba0c', 'connection': 'close', 'status': '200', 'content-location': 'http://10.132.239.111/volume/v3/volumes/bd7df5e7-806f-49a4-bea8-6af974ea9960'}
        Body: b'{"volume": {"id": "bd7df5e7-806f-49a4-bea8-6af974ea9960", "status": "deleting", "size": 1, "availability_zone": "nova", "created_at": "2026-07-24T14:49:03.000000", "updated_at": "2026-07-24T14:49:08.000000", "name": "tempest-TestImageHashVerification-volume-1246898046", "description": null, "
    volume_type": "nvmetcp1", "snapshot_id": null, "source_volid": null, "metadata": {}, "links": [{"rel": "self", "href": "http://10.132.239.111/volume/v3/volumes/bd7df5e7-806f-49a4-bea8-6af974ea9960"}, {"rel": "bookmark", "href": "http://10.132.239.111/volume/volumes/bd7df5e7-806f-49a4-bea8-6af974ea9960"}], "user_id": "67cc351d74a0457081cec286344acb2a", "bootable": "false", "encrypted": false, "replication_status": null, "consistencygroup_id": null, "multiattach": false, "attachments": [], "os-vol-tenant-attr:tenant_id": "b6eb19b5702a413c90ada19e5a903dd2"}}'
2026-07-24 14:49:08,775 2264809 INFO     [tempest.lib.common.rest_client] Request (TestImageHashVerification:_run_cleanups): 404 GET http://10.132.239.111/volume/v3/volumes/bd7df5e7-806f-49a4-bea8-6af974ea9960 0.029s
2026-07-24 14:49:08,776 2264809 DEBUG    [tempest.lib.common.rest_client] Request - Headers: {'Content-Type': 'application/json', 'Accept': 'application/json', 'X-Auth-Token': '<omitted>'}
        Body: None
    Response - Headers: {'date': 'Fri, 24 Jul 2026 14:49:08 GMT', 'server': 'Apache/2.4.58 (Ubuntu)', 'openstack-api-version': 'volume 3.0', 'vary': 'OpenStack-API-Version', 'content-length': '109', 'content-type': 'application/json', 'x-compute-request-id': 'req-50c574dd-475c-469d-8e7a-6ae349e9de63', 'x-openstack-request-id': 'req-50c574dd-475c-469d-8e7a-6ae349e9de63', 'connection': 'close', 'status': '404', 'content-location': 'http://10.132.239.111/volume/v3/volumes/bd7df5e7-806f-49a4-bea8-6af974ea9960'}
        Body: b'{"itemNotFound": {"code": 404, "message": "Volume bd7df5e7-806f-49a4-bea8-6af974ea9960 could not be found."}}'



======
Totals
======
Ran: 204 tests in 535.7621 sec.
 - Passed: 196
 - Skipped: 7
 - Expected Fail: 0
 - Unexpected Success: 0
 - Failed: 1
Sum of execute time for each test: 225.7048 sec.

==============
Worker Balance
==============
 - Worker 0 (204 tests) => 0:08:55.762067
