{0} setUpClass (tempest.api.compute.******.test_live_migration.LiveAutoBlockMigrationV225Test) ... SKIPPED: Less than 2 compute nodes, skipping migration test.
{0} setUpClass (tempest.api.compute.******.test_live_migration.LiveMigrationTest) ... SKIPPED: Less than 2 compute nodes, skipping migration test.
{0} setUpClass (tempest.api.compute.******.test_live_migration.LiveMigrationWithoutHostTest) ... SKIPPED: Less than 2 compute nodes, skipping migration test.
{0} setUpClass (tempest.api.compute.servers.test_server_rescue.ServerBootFromVolumeStableRescueTest) ... SKIPPED: Stable rescue not available.
{0} setUpClass (tempest.api.compute.servers.test_server_rescue.ServerStableDeviceRescueTest) ... SKIPPED: Stable rescue not available.
{0} tempest.api.compute.volumes.test_volume_snapshots.VolumesSnapshotsTestJSON.test_volume_snapshot_create_get_list_delete [6.042524s] ... ok
{0} tempest.api.compute.volumes.test_volumes_get.VolumesGetTestJSON.test_volume_create_get_delete [2.164639s] ... ok
{0} tempest.api.compute.volumes.test_volumes_list.VolumesTestJSON.test_volume_list [0.167330s] ... ok
{0} tempest.api.compute.volumes.test_volumes_list.VolumesTestJSON.test_volume_list_param_limit [0.163954s] ... ok
{0} tempest.api.compute.volumes.test_volumes_list.VolumesTestJSON.test_volume_list_param_offset_and_limit [0.189321s] ... ok
{0} tempest.api.compute.volumes.test_volumes_list.VolumesTestJSON.test_volume_list_with_detail_param_limit [0.313498s] ... ok
{0} tempest.api.compute.volumes.test_volumes_list.VolumesTestJSON.test_volume_list_with_detail_param_offset_and_limit [0.142425s] ... ok
{0} tempest.api.compute.volumes.test_volumes_list.VolumesTestJSON.test_volume_list_with_details [0.087835s] ... ok
{0} tempest.api.compute.volumes.test_volumes_negative.VolumesNegativeTest.test_create_volume_with_invalid_size [0.284601s] ... ok
{0} tempest.api.compute.volumes.test_volumes_negative.VolumesNegativeTest.test_create_volume_with_size_zero [0.019675s] ... ok
{0} tempest.api.compute.volumes.test_volumes_negative.VolumesNegativeTest.test_create_volume_without_passing_size [0.016422s] ... ok
{0} tempest.api.compute.volumes.test_volumes_negative.VolumesNegativeTest.test_delete_invalid_volume_id [0.047015s] ... ok
{0} tempest.api.compute.volumes.test_volumes_negative.VolumesNegativeTest.test_delete_volume_without_passing_volume_id [0.011444s] ... ok
{0} tempest.api.compute.volumes.test_volumes_negative.VolumesNegativeTest.test_get_volume_without_passing_volume_id [0.012719s] ... ok
{0} tempest.api.compute.volumes.test_volumes_negative.VolumesNegativeTest.test_volume_delete_nonexistent_volume_id [0.051847s] ... ok
{0} tempest.api.compute.volumes.test_volumes_negative.VolumesNegativeTest.test_volume_get_nonexistent_volume_id [0.064486s] ... ok
{0} tempest.api.volume.******.test_backends_capabilities.BackendsCapabilitiesAdminTestsJSON.test_compare_volume_stats_values [0.181826s] ... ok
{0} tempest.api.volume.******.test_backends_capabilities.BackendsCapabilitiesAdminTestsJSON.test_get_capabilities_backend [0.045005s] ... ok
{0} setUpClass (tempest.api.volume.******.test_encrypted_volumes_extend.EncryptedVolumesExtendAttachedTest) ... SKIPPED: Attached encrypted volume extend is disabled.
{0} tempest.api.volume.******.test_group_snapshots.GroupSnapshotsTest.test_create_group_from_group_snapshot [11.898386s] ... ok
{0} tempest.api.volume.******.test_group_snapshots.GroupSnapshotsTest.test_delete_group_snapshots_following_updated_volumes [15.690153s] ... ok
{0} tempest.api.volume.******.test_group_snapshots.GroupSnapshotsTest.test_group_snapshot_create_show_list_delete [6.985272s] ... ok
{0} tempest.api.volume.******.test_group_snapshots.GroupSnapshotsV319Test.test_reset_group_snapshot_status [7.420752s] ... ok
{0} tempest.api.volume.******.test_group_type_specs.GroupTypeSpecsTest.test_group_type_specs_create_show_update_list_delete [0.749071s] ... ok
{0} tempest.api.volume.******.test_group_types.GroupTypesTest.test_group_type_create_list_update_show_delete [0.434589s] ... ok
{0} tempest.api.volume.******.test_group_types.GroupTypesTest.test_group_type_list_by_optional_params [0.376274s] ... ok
{0} tempest.api.volume.******.test_groups.GroupsTest.test_group_create_show_list_delete [8.399047s] ... ok
{0} tempest.api.volume.******.test_groups.GroupsTest.test_group_update [10.376320s] ... ok
{0} tempest.api.volume.******.test_groups.GroupsV314Test.test_create_group_from_group [11.883587s] ... ok
{0} tempest.api.volume.******.test_groups.GroupsV320Test.test_reset_group_status [3.404790s] ... ok
{0} tempest.api.volume.******.test_multi_backend.VolumeMultiBackendTest.test_backend_name_distinction [0.140529s] ... ok
{0} tempest.api.volume.******.test_multi_backend.VolumeMultiBackendTest.test_backend_name_distinction_with_prefix [0.138055s] ... ok
{0} tempest.api.volume.******.test_multi_backend.VolumeMultiBackendTest.test_backend_name_reporting [0.134271s] ... ok
{0} tempest.api.volume.******.test_multi_backend.VolumeMultiBackendTest.test_backend_name_reporting_with_prefix [0.129079s] ... ok
{0} tempest.api.volume.******.test_qos.QosSpecsTestJSON.test_associate_disassociate_qos [0.910975s] ... ok
{0} tempest.api.volume.******.test_qos.QosSpecsTestJSON.test_create_delete_qos_with_back_end_consumer [0.220605s] ... ok
{0} tempest.api.volume.******.test_qos.QosSpecsTestJSON.test_create_delete_qos_with_both_consumer [0.190493s] ... ok
{0} tempest.api.volume.******.test_qos.QosSpecsTestJSON.test_create_delete_qos_with_front_end_consumer [0.203134s] ... ok
{0} tempest.api.volume.******.test_qos.QosSpecsTestJSON.test_get_qos [0.041300s] ... ok
{0} tempest.api.volume.******.test_qos.QosSpecsTestJSON.test_list_qos [0.055280s] ... ok
{0} tempest.api.volume.******.test_qos.QosSpecsTestJSON.test_set_unset_qos_key [0.211043s] ... ok
{0} tempest.api.volume.******.test_snapshots_actions.SnapshotsActionsTest.test_reset_snapshot_status [0.336181s] ... ok
{0} tempest.api.volume.******.test_snapshots_actions.SnapshotsActionsTest.test_snapshot_force_delete_when_snapshot_is_creating [2.688036s] ... ok
{0} tempest.api.volume.******.test_snapshots_actions.SnapshotsActionsTest.test_snapshot_force_delete_when_snapshot_is_deleting [2.666866s] ... ok
{0} tempest.api.volume.******.test_snapshots_actions.SnapshotsActionsTest.test_snapshot_force_delete_when_snapshot_is_error [2.654932s] ... ok
{0} tempest.api.volume.******.test_snapshots_actions.SnapshotsActionsTest.test_snapshot_force_delete_when_snapshot_is_error_deleting [2.658313s] ... ok
{0} tempest.api.volume.******.test_snapshots_actions.SnapshotsActionsTest.test_update_snapshot_status [0.315117s] ... ok
{0} tempest.api.volume.******.test_user_messages.UserMessagesTest.test_delete_message [2.530816s] ... ok
{0} tempest.api.volume.******.test_user_messages.UserMessagesTest.test_list_show_messages [2.199714s] ... ok
{0} tempest.api.volume.******.test_volume_hosts.VolumeHostsAdminTestsJSON.test_list_hosts [0.200259s] ... ok
{0} tempest.api.volume.******.test_volume_hosts.VolumeHostsAdminTestsJSON.test_show_host [0.298056s] ... ok
{0} setUpClass (tempest.api.volume.******.test_volume_manage.VolumeManageAdminTest) ... SKIPPED: Manage volume tests are disabled
{0} tempest.api.volume.******.test_volume_pools.VolumePoolsAdminTestsJSON.test_get_pools_with_details [0.199548s] ... ok
{0} tempest.api.volume.******.test_volume_pools.VolumePoolsAdminTestsJSON.test_get_pools_without_details [0.045245s] ... ok
{0} tempest.api.volume.******.test_volume_quota_classes.VolumeQuotaClassesTest.test_show_default_quota [0.208376s] ... ok
{0} tempest.api.volume.******.test_volume_quota_classes.VolumeQuotaClassesTest.test_update_default_quota [1.162381s] ... ok
{0} tempest.api.volume.******.test_volume_quotas.VolumeQuotasAdminTestJSON.test_delete_quota [0.465491s] ... ok
{0} tempest.api.volume.******.test_volume_quotas.VolumeQuotasAdminTestJSON.test_list_default_quotas [0.048275s] ... ok
{0} tempest.api.volume.******.test_volume_quotas.VolumeQuotasAdminTestJSON.test_list_quotas [0.057929s] ... ok
{0} tempest.api.volume.******.test_volume_quotas.VolumeQuotasAdminTestJSON.test_quota_usage [3.203264s] ... ok
{0} tempest.api.volume.******.test_volume_quotas.VolumeQuotasAdminTestJSON.test_quota_usage_after_volume_transfer [4.025318s] ... ok
{0} tempest.api.volume.******.test_volume_quotas.VolumeQuotasAdminTestJSON.test_show_quota_usage [0.072776s] ... ok
{0} tempest.api.volume.******.test_volume_quotas.VolumeQuotasAdminTestJSON.test_update_all_quota_resources_for_tenant [0.378894s] ... ok
{0} tempest.api.volume.******.test_volume_quotas_negative.VolumeQuotasNegativeTestJSON.test_quota_volume_gigabytes [0.408650s] ... ok
{0} tempest.api.volume.******.test_volume_quotas_negative.VolumeQuotasNegativeTestJSON.test_quota_volumes [0.411983s] ... ok
{0} tempest.api.volume.******.test_volume_quotas_negative.VolumeQuotasNegativeTestJSON.test_volume_extend_gigabytes_quota_deviation [0.273464s] ... ok
{0} tempest.api.volume.******.test_volume_retype.VolumeRetypeMultiattachTest.test_volume_retype_multiattach [6.386701s] ... ok
{0} tempest.api.volume.******.test_volume_retype.VolumeRetypeWithoutMigrationTest.test_available_volume_retype [4.655363s] ... ok
{0} tempest.api.volume.******.test_volume_services.VolumesServicesTestJSON.test_get_service_by_host_name [0.036645s] ... ok
{0} tempest.api.volume.******.test_volume_services.VolumesServicesTestJSON.test_get_service_by_service_and_host_name [0.031897s] ... ok
{0} tempest.api.volume.******.test_volume_services.VolumesServicesTestJSON.test_get_service_by_service_binary_name [0.025864s] ... ok
{0} tempest.api.volume.******.test_volume_services.VolumesServicesTestJSON.test_get_service_by_volume_host_name [3.188983s] ... ok
{0} tempest.api.volume.******.test_volume_services.VolumesServicesTestJSON.test_list_services [0.028867s] ... ok
{0} tempest.api.volume.******.test_volume_services_negative.VolumeServicesNegativeTest.test_disable_log_reason_with_no_reason [0.024282s] ... ok
{0} tempest.api.volume.******.test_volume_services_negative.VolumeServicesNegativeTest.test_disable_service_with_invalid_binary [0.032637s] ... ok
{0} tempest.api.volume.******.test_volume_services_negative.VolumeServicesNegativeTest.test_enable_service_with_invalid_host [0.037515s] ... ok
{0} tempest.api.volume.******.test_volume_services_negative.VolumeServicesNegativeTest.test_freeze_host_with_invalid_host [0.037395s] ... ok
{0} tempest.api.volume.******.test_volume_services_negative.VolumeServicesNegativeTest.test_thaw_host_with_invalid_host [0.031901s] ... ok
{0} tempest.api.volume.******.test_volume_snapshot_quotas_negative.VolumeSnapshotQuotasNegativeTestJSON.test_quota_volume_gigabytes_snapshots [0.343395s] ... ok
{0} tempest.api.volume.******.test_volume_snapshot_quotas_negative.VolumeSnapshotQuotasNegativeTestJSON.test_quota_volume_snapshots [0.102810s] ... ok
{0} tempest.api.volume.******.test_volume_type_access.VolumeTypesAccessTest.test_volume_type_access_add [3.521769s] ... ok
{0} tempest.api.volume.******.test_volume_type_access.VolumeTypesAccessTest.test_volume_type_access_list [0.392612s] ... ok
{0} tempest.api.volume.******.test_volume_types.VolumeTypesTest.test_volume_type_create_get_delete [0.362581s] ... ok
{0} tempest.api.volume.******.test_volume_types.VolumeTypesTest.test_volume_type_encryption_create_get_update_delete [0.756541s] ... ok
{0} tempest.api.volume.******.test_volume_types.VolumeTypesTest.test_volume_type_list [0.064464s] ... ok
{0} tempest.api.volume.******.test_volume_types.VolumeTypesTest.test_volume_type_update [0.306435s] ... ok
{0} tempest.api.volume.******.test_volume_types_extra_specs.VolumeTypesExtraSpecsTest.test_volume_type_extra_spec_create_get_delete [0.269795s] ... ok
{0} tempest.api.volume.******.test_volume_types_extra_specs.VolumeTypesExtraSpecsTest.test_volume_type_extra_specs_list [0.121169s] ... ok
{0} tempest.api.volume.******.test_volume_types_extra_specs.VolumeTypesExtraSpecsTest.test_volume_type_extra_specs_update [0.393372s] ... ok
{0} tempest.api.volume.******.test_volume_types_extra_specs_negative.ExtraSpecsNegativeTest.test_create_invalid_body [0.021395s] ... ok
{0} tempest.api.volume.******.test_volume_types_extra_specs_negative.ExtraSpecsNegativeTest.test_create_none_body [0.021339s] ... ok
{0} tempest.api.volume.******.test_volume_types_extra_specs_negative.ExtraSpecsNegativeTest.test_create_nonexistent_type_id [0.039386s] ... ok
{0} tempest.api.volume.******.test_volume_types_extra_specs_negative.ExtraSpecsNegativeTest.test_delete_nonexistent_volume_type_id [0.024796s] ... ok
{0} tempest.api.volume.******.test_volume_types_extra_specs_negative.ExtraSpecsNegativeTest.test_get_nonexistent_extra_spec_name [0.029370s] ... ok
{0} tempest.api.volume.******.test_volume_types_extra_specs_negative.ExtraSpecsNegativeTest.test_get_nonexistent_volume_type_id [0.025929s] ... ok
{0} tempest.api.volume.******.test_volume_types_extra_specs_negative.ExtraSpecsNegativeTest.test_list_nonexistent_volume_type_id [0.023170s] ... ok
{0} tempest.api.volume.******.test_volume_types_extra_specs_negative.ExtraSpecsNegativeTest.test_update_multiple_extra_spec [0.018635s] ... ok
{0} tempest.api.volume.******.test_volume_types_extra_specs_negative.ExtraSpecsNegativeTest.test_update_no_body [0.018346s] ... ok
{0} tempest.api.volume.******.test_volume_types_extra_specs_negative.ExtraSpecsNegativeTest.test_update_none_extra_spec_id [0.041655s] ... ok
{0} tempest.api.volume.******.test_volume_types_extra_specs_negative.ExtraSpecsNegativeTest.test_update_nonexistent_extra_spec_id [0.040999s] ... ok
{0} tempest.api.volume.******.test_volume_types_extra_specs_negative.ExtraSpecsNegativeTest.test_update_nonexistent_type_id [0.038933s] ... ok
{0} tempest.api.volume.******.test_volume_types_negative.VolumeTypesNegativeTest.test_create_volume_type_encryption_nonexistent_type_id [0.190970s] ... ok
{0} tempest.api.volume.******.test_volume_types_negative.VolumeTypesNegativeTest.test_create_volume_with_private_volume_type [0.313448s] ... ok
{0} tempest.api.volume.******.test_volume_types_negative.VolumeTypesNegativeTest.test_create_with_empty_name [0.019391s] ... ok
{0} tempest.api.volume.******.test_volume_types_negative.VolumeTypesNegativeTest.test_create_with_repeated_name [0.219849s] ... ok
{0} tempest.api.volume.******.test_volume_types_negative.VolumeTypesNegativeTest.test_delete_nonexistent_type_id [0.028872s] ... ok
{0} tempest.api.volume.******.test_volume_types_negative.VolumeTypesNegativeTest.test_get_nonexistent_type_id [0.029545s] ... ok
{0} tempest.api.volume.******.test_volumes_list.VolumesListAdminTestJSON.test_volume_list_param_tenant [1.969238s] ... ok
{0} tempest.api.volume.test_availability_zone.AvailabilityZoneTestJSON.test_get_availability_zone_list [0.196815s] ... ok
{0} tempest.api.volume.test_extensions.ExtensionsTestJSON.test_list_extensions [0.183681s] ... ok
{0} tempest.api.volume.test_snapshot_metadata.SnapshotMetadataTestJSON.test_crud_snapshot_metadata [0.368878s] ... ok
{0} tempest.api.volume.test_snapshot_metadata.SnapshotMetadataTestJSON.test_update_show_snapshot_metadata_item [0.342914s] ... ok
{0} tempest.api.volume.test_versions.VersionsTest.test_list_versions [0.015458s] ... ok
{0} tempest.api.volume.test_versions.VersionsTest.test_show_version [0.199242s] ... ok
{0} tempest.api.volume.test_volume_absolute_limits.AbsoluteLimitsTests.test_get_volume_absolute_limits [0.089873s] ... ok
{0} tempest.api.volume.test_volume_delete_cascade.VolumesDeleteCascade.test_volume_delete_cascade [7.011832s] ... ok
{0} tempest.api.volume.test_volume_delete_cascade.VolumesDeleteCascade.test_volume_from_snapshot_cascade_delete [11.831746s] ... ok
{0} tempest.api.volume.test_volume_metadata.VolumesMetadataTest.test_crud_volume_metadata [0.470862s] ... ok
{0} tempest.api.volume.test_volume_metadata.VolumesMetadataTest.test_update_show_volume_metadata_item [0.325436s] ... ok
{0} tempest.api.volume.test_volume_transfers.VolumesTransfersTest.test_create_get_list_accept_volume_transfer [4.360524s] ... ok
{0} tempest.api.volume.test_volume_transfers.VolumesTransfersTest.test_create_list_delete_volume_transfer [3.272965s] ... ok
{0} tempest.api.volume.test_volume_transfers.VolumesTransfersV355Test.test_create_get_list_accept_volume_transfer [4.522795s] ... ok
{0} tempest.api.volume.test_volume_transfers.VolumesTransfersV355Test.test_create_list_delete_volume_transfer [3.235245s] ... ok
{0} tempest.api.volume.test_volume_transfers.VolumesTransfersV357Test.test_create_get_list_accept_volume_transfer [4.509846s] ... ok
{0} tempest.api.volume.test_volume_transfers.VolumesTransfersV357Test.test_create_list_delete_volume_transfer [3.263166s] ... ok
{0} tempest.api.volume.test_volumes_clone.VolumesCloneTest.test_create_from_volume [6.267950s] ... ok
{0} tempest.api.volume.test_volumes_clone_negative.VolumesCloneNegativeTest.test_create_from_volume_decreasing_size [3.141047s] ... ok
{0} tempest.api.volume.test_volumes_get.VolumesGetTest.test_volume_create_get_update_delete [6.184682s] ... ok
{0} tempest.api.volume.test_volumes_get.VolumesGetTest.test_volume_create_get_update_delete_as_clone [12.326417s] ... ok
{0} tempest.api.volume.test_volumes_get.VolumesSummaryTest.test_show_volume_summary [0.180198s] ... ok
{0} tempest.api.volume.test_volumes_list.VolumesListTestJSON.test_volume_list [0.040526s] ... ok
{0} tempest.api.volume.test_volumes_list.VolumesListTestJSON.test_volume_list_by_name [0.109352s] ... ok
{0} tempest.api.volume.test_volumes_list.VolumesListTestJSON.test_volume_list_details_by_name [0.137640s] ... ok
{0} tempest.api.volume.test_volumes_list.VolumesListTestJSON.test_volume_list_details_pagination [0.407230s] ... ok
{0} tempest.api.volume.test_volumes_list.VolumesListTestJSON.test_volume_list_details_with_multiple_params [0.303307s] ... ok
{0} tempest.api.volume.test_volumes_list.VolumesListTestJSON.test_volume_list_pagination [0.236651s] ... ok
{0} tempest.api.volume.test_volumes_list.VolumesListTestJSON.test_volume_list_param_display_name_and_status [0.061779s] ... ok
{0} tempest.api.volume.test_volumes_list.VolumesListTestJSON.test_volume_list_with_detail_param_display_name_and_status [0.138727s] ... ok
{0} tempest.api.volume.test_volumes_list.VolumesListTestJSON.test_volume_list_with_detail_param_marker [0.158249s] ... ok
{0} tempest.api.volume.test_volumes_list.VolumesListTestJSON.test_volume_list_with_detail_param_metadata [0.139120s] ... ok
{0} tempest.api.volume.test_volumes_list.VolumesListTestJSON.test_volume_list_with_details [0.066050s] ... ok
{0} tempest.api.volume.test_volumes_list.VolumesListTestJSON.test_volume_list_with_param_metadata [0.047382s] ... ok
{0} tempest.api.volume.test_volumes_list.VolumesListTestJSON.test_volumes_list_by_availability_zone [0.268994s] ... ok
{0} tempest.api.volume.test_volumes_list.VolumesListTestJSON.test_volumes_list_by_bootable [0.248798s] ... ok
{0} tempest.api.volume.test_volumes_list.VolumesListTestJSON.test_volumes_list_by_status [0.232876s] ... ok
{0} tempest.api.volume.test_volumes_list.VolumesListTestJSON.test_volumes_list_details_by_availability_zone [0.076150s] ... ok
{0} tempest.api.volume.test_volumes_list.VolumesListTestJSON.test_volumes_list_details_by_bootable [0.080850s] ... ok
{0} tempest.api.volume.test_volumes_list.VolumesListTestJSON.test_volumes_list_details_by_status [0.100708s] ... ok
{0} tempest.api.volume.test_volumes_negative.VolumesNegativeTest.test_create_volume_from_deactivated_image [3.096755s] ... ok
{0} tempest.api.volume.test_volumes_negative.VolumesNegativeTest.test_create_volume_from_image_with_decreasing_size [2.567695s] ... ok
{0} tempest.api.volume.test_volumes_negative.VolumesNegativeTest.test_create_volume_with_invalid_size [0.019131s] ... ok
{0} tempest.api.volume.test_volumes_negative.VolumesNegativeTest.test_create_volume_with_nonexistent_snapshot_id [0.041134s] ... ok
{0} tempest.api.volume.test_volumes_negative.VolumesNegativeTest.test_create_volume_with_nonexistent_source_volid [0.033344s] ... ok
{0} tempest.api.volume.test_volumes_negative.VolumesNegativeTest.test_create_volume_with_nonexistent_volume_type [0.036144s] ... ok
{0} tempest.api.volume.test_volumes_negative.VolumesNegativeTest.test_create_volume_with_size_negative [0.016738s] ... ok
{0} tempest.api.volume.test_volumes_negative.VolumesNegativeTest.test_create_volume_with_size_zero [0.026822s] ... ok
{0} tempest.api.volume.test_volumes_negative.VolumesNegativeTest.test_create_volume_without_passing_size [0.017961s] ... ok
{0} tempest.api.volume.test_volumes_negative.VolumesNegativeTest.test_delete_invalid_volume_id [0.030714s] ... ok
{0} tempest.api.volume.test_volumes_negative.VolumesNegativeTest.test_delete_volume_without_passing_volume_id [0.011928s] ... ok
{0} tempest.api.volume.test_volumes_negative.VolumesNegativeTest.test_detach_volumes_with_invalid_volume_id [0.031877s] ... ok
{0} tempest.api.volume.test_volumes_negative.VolumesNegativeTest.test_get_invalid_volume_id [0.022223s] ... ok
{0} tempest.api.volume.test_volumes_negative.VolumesNegativeTest.test_get_volume_without_passing_volume_id [0.011902s] ... ok
{0} tempest.api.volume.test_volumes_negative.VolumesNegativeTest.test_list_volumes_detail_with_invalid_status [0.042700s] ... ok
{0} tempest.api.volume.test_volumes_negative.VolumesNegativeTest.test_list_volumes_detail_with_nonexistent_name [0.053429s] ... ok
{0} tempest.api.volume.test_volumes_negative.VolumesNegativeTest.test_list_volumes_with_invalid_status [0.055420s] ... ok
{0} tempest.api.volume.test_volumes_negative.VolumesNegativeTest.test_list_volumes_with_nonexistent_name [0.041000s] ... ok
{0} tempest.api.volume.test_volumes_negative.VolumesNegativeTest.test_reserve_volume_with_negative_volume_status [0.187315s] ... ok
{0} tempest.api.volume.test_volumes_negative.VolumesNegativeTest.test_reserve_volume_with_nonexistent_volume_id [0.037049s] ... ok
{0} tempest.api.volume.test_volumes_negative.VolumesNegativeTest.test_unreserve_volume_with_nonexistent_volume_id [0.034747s] ... ok
{0} tempest.api.volume.test_volumes_negative.VolumesNegativeTest.test_update_volume_with_empty_volume_id [0.011990s] ... ok
{0} tempest.api.volume.test_volumes_negative.VolumesNegativeTest.test_update_volume_with_invalid_volume_id [0.030555s] ... ok
{0} tempest.api.volume.test_volumes_negative.VolumesNegativeTest.test_update_volume_with_nonexistent_volume_id [0.034029s] ... ok
{0} tempest.api.volume.test_volumes_negative.VolumesNegativeTest.test_volume_delete_nonexistent_volume_id [0.048490s] ... ok
{0} tempest.api.volume.test_volumes_negative.VolumesNegativeTest.test_volume_extend_with_None_size [0.019292s] ... ok
{0} tempest.api.volume.test_volumes_negative.VolumesNegativeTest.test_volume_extend_with_non_number_size [0.023448s] ... ok
{0} tempest.api.volume.test_volumes_negative.VolumesNegativeTest.test_volume_extend_with_nonexistent_volume_id [0.032562s] ... ok
{0} tempest.api.volume.test_volumes_negative.VolumesNegativeTest.test_volume_extend_with_size_smaller_than_original_size [0.029739s] ... ok
{0} tempest.api.volume.test_volumes_negative.VolumesNegativeTest.test_volume_extend_without_passing_volume_id [0.035474s] ... ok
{0} tempest.api.volume.test_volumes_negative.VolumesNegativeTest.test_volume_get_nonexistent_volume_id [0.045990s] ... ok
{0} tempest.api.volume.test_volumes_snapshots_list.VolumesSnapshotListTestJSON.test_snapshot_list_param_limit [0.035010s] ... ok
{0} tempest.api.volume.test_volumes_snapshots_list.VolumesSnapshotListTestJSON.test_snapshot_list_param_limit_equals_infinite [0.073446s] ... ok
{0} tempest.api.volume.test_volumes_snapshots_list.VolumesSnapshotListTestJSON.test_snapshot_list_param_limit_equals_zero [0.029257s] ... ok
{0} tempest.api.volume.test_volumes_snapshots_list.VolumesSnapshotListTestJSON.test_snapshot_list_param_marker [0.111044s] ... ok
{0} tempest.api.volume.test_volumes_snapshots_list.VolumesSnapshotListTestJSON.test_snapshot_list_param_offset [0.056272s] ... ok
{0} tempest.api.volume.test_volumes_snapshots_list.VolumesSnapshotListTestJSON.test_snapshot_list_param_sort_created_at_asc [0.056452s] ... ok
{0} tempest.api.volume.test_volumes_snapshots_list.VolumesSnapshotListTestJSON.test_snapshot_list_param_sort_created_at_desc [0.035892s] ... ok
{0} tempest.api.volume.test_volumes_snapshots_list.VolumesSnapshotListTestJSON.test_snapshot_list_param_sort_id_asc [0.056410s] ... ok
{0} tempest.api.volume.test_volumes_snapshots_list.VolumesSnapshotListTestJSON.test_snapshot_list_param_sort_id_desc [0.057052s] ... ok
{0} tempest.api.volume.test_volumes_snapshots_list.VolumesSnapshotListTestJSON.test_snapshot_list_param_sort_name_asc [0.056538s] ... ok
{0} tempest.api.volume.test_volumes_snapshots_list.VolumesSnapshotListTestJSON.test_snapshot_list_param_sort_name_desc [0.061112s] ... ok
{0} tempest.api.volume.test_volumes_snapshots_list.VolumesSnapshotListTestJSON.test_snapshots_list_details_with_params [0.203001s] ... ok
{0} tempest.api.volume.test_volumes_snapshots_list.VolumesSnapshotListTestJSON.test_snapshots_list_with_params [0.198281s] ... ok
{0} tempest.api.volume.test_volumes_snapshots_negative.VolumesSnapshotNegativeTestJSON.test_create_snapshot_with_nonexistent_volume_id [0.244832s] ... ok
{0} tempest.api.volume.test_volumes_snapshots_negative.VolumesSnapshotNegativeTestJSON.test_create_snapshot_without_passing_volume_id [0.125276s] ... ok
{0} tempest.api.volume.test_volumes_snapshots_negative.VolumesSnapshotNegativeTestJSON.test_list_snapshot_invalid_param_limit [0.020092s] ... ok
{0} tempest.api.volume.test_volumes_snapshots_negative.VolumesSnapshotNegativeTestJSON.test_list_snapshots_invalid_param_marker [0.035195s] ... ok
{0} tempest.api.volume.test_volumes_snapshots_negative.VolumesSnapshotNegativeTestJSON.test_list_snapshots_invalid_param_sort [0.026140s] ... ok
{0} tempest.api.volume.test_volumes_snapshots_negative.VolumesSnapshotNegativeTestJSON.test_volume_from_snapshot_decreasing_size [5.762202s] ... ok
{0} tempest.scenario.test_snapshots_with_add_location.TestImageHashVerification.test_volume_upload_image_hash_verification [6.083018s] ... FAILED

Captured traceback:
~~~~~~~~~~~~~~~~~~~
    Traceback (most recent call last):

      File "/opt/stack/tempest/tempest/common/utils/__init__.py", line 65, in wrapper
    return f(*func_args, **func_kwargs)
           ^^^^^^^^^^^^^^^^^^^^^^^^^^^^

      File "/opt/stack/tempest/tempest/scenario/test_snapshots_with_add_location.py", line 198, in test_volume_upload_image_hash_verification
    waiters.wait_for_image_status(

      File "/opt/stack/tempest/tempest/common/waiters.py", line 175, in wait_for_image_status
    image = show_image(image_id)
            ^^^^^^^^^^^^^^^^^^^^

      File "/opt/stack/tempest/tempest/lib/services/image/v2/images_client.py", line 119, in show_image
    resp, body = self.get(url)
                 ^^^^^^^^^^^^^

      File "/opt/stack/tempest/tempest/lib/common/rest_client.py", line 345, in get
    return self.request('GET', url, extra_headers, headers,
           ^^^^^^^^^^^^^^^^^^^^^^^^^^^^^^^^^^^^^^^^^^^^^^^^

      File "/opt/stack/tempest/tempest/lib/common/rest_client.py", line 767, in request
    self._error_checker(resp, resp_body)

      File "/opt/stack/tempest/tempest/lib/common/rest_client.py", line 877, in _error_checker
    raise exceptions.NotFound(resp_body, resp=resp)

    tempest.lib.exceptions.NotFound: Object not found
Details: {'message': 'No image found with ID f8f94404-9037-4e19-81bc-00820fd6763e<br /><br />\n\n\n', 'code': '404 Not Found', 'title': 'Not Found'}


Captured pythonlogging:
~~~~~~~~~~~~~~~~~~~~~~~
    2026-07-29 07:19:33,067 1521863 INFO     [tempest.lib.common.rest_client] Request (TestImageHashVerification:test_volume_upload_image_hash_verification): 202 POST http://10.132.239.111/volume/v3/volumes 0.697s
2026-07-29 07:19:33,067 1521863 DEBUG    [tempest.lib.common.rest_client] Request - Headers: {'Content-Type': 'application/json', 'Accept': 'application/json', 'X-Auth-Token': '<omitted>'}
        Body: {"volume": {"name": "tempest-TestImageHashVerification-volume-1002933896", "snapshot_id": null, "imageRef": null, "volume_type": null, "size": 1}}
    Response - Headers: {'date': 'Wed, 29 Jul 2026 07:19:32 GMT', 'server': 'Apache/2.4.58 (Ubuntu)', 'content-type': 'application/json', 'x-compute-request-id': 'req-250fc272-157b-4276-8045-a4349c488203', 'content-length': '762', 'openstack-api-version': 'volume 3.0', 'vary': 'OpenStack-API-Version', 'x-openstack-request-id': 'req-250fc272-157b-4276-8045-a4349c488203', 'connection': 'close', 'status': '202', 'content-location': 'http://10.132.239.111/volume/v3/volumes'}
        Body: b'{"volume": {"id": "25d07a27-7285-4b47-9cf6-520f9be0f0d8", "status": "creating", "size": 1, "availability_zone": "nova", "created_at": "2026-07-29T07:19:32.907077", "updated_at": null, "name": "tempest-TestImageHashVerification-volume-1002933896", "description": null, "volume_type": "nvmetcp1", "snapshot_id": null, "source_volid": null, "metadata": {}, "links": [{"rel": "self", "href": "http://10.132.239.111/volume/v3/volumes/25d07a27-7285-4b47-9cf6-520f9be0f0d8"}, {"rel": "bookmark", "href": "http://10.132.239.111/volume/volumes/25d07a27-7285-4b47-9cf6-520f9be0f0d8"}], "user_id": "ec322f342f5a49e998c9e050849f7a78", "bootable": "false", "encrypted": false, "replication_status": null, "consistencygroup_id": null, "multiattach": false, "attachments": []}}'
2026-07-29 07:19:33,135 1521863 INFO     [tempest.lib.common.rest_client] Request (TestImageHashVerification:test_volume_upload_image_hash_verification): 200 GET http://10.132.239.111/volume/v3/volumes/25d07a27-7285-4b47-9cf6-520f9be0f0d8 0.053s
2026-07-29 07:19:33,136 1521863 DEBUG    [tempest.lib.common.rest_client] Request - Headers: {'Content-Type': 'application/json', 'Accept': 'application/json', 'X-Auth-Token': '<omitted>'}
        Body: None
    Response - Headers: {'date': 'Wed, 29 Jul 2026 07:19:33 GMT', 'server': 'Apache/2.4.58 (Ubuntu)', 'content-type': 'application/json', 'x-compute-request-id': 'req-2f0c0606-18e3-4d83-8858-348a394aabec', 'content-length': '830', 'openstack-api-version': 'volume 3.0', 'vary': 'OpenStack-API-Version', 'x-openstack-request-id': 'req-2f0c0606-18e3-4d83-8858-348a394aabec', 'connection': 'close', 'status': '200', 'content-location': 'http://10.132.239.111/volume/v3/volumes/25d07a27-7285-4b47-9cf6-520f9be0f0d8'}
        Body: b'{"volume": {"id": "25d07a27-7285-4b47-9cf6-520f9be0f0d8", "status": "creating", "size": 1, "availability_zone": "nova", "created_at": "2026-07-29T07:19:33.000000", "updated_at": null, "name": "tempest-TestImageHashVerification-volume-1002933896", "description": null, "volume_type": "nvmetcp1", "snapshot_id": null, "source_volid": null, "metadata": {}, "links": [{"rel": "self", "href": "http://10.132.239.111/volume/v3/volumes/25d07a27-7285-4b47-9cf6-520f9be0f0d8"}, {"rel": "bookmark", "href": "http://10.132.239.111/volume/volumes/25d07a27-7285-4b47-9cf6-520f9be0f0d8"}], "user_id": "ec322f342f5a49e998c9e050849f7a78", "bootable": "false", "encrypted": false, "replication_status": null, "consistencygroup_id": null, "multiattach": false, "attachments": [], "os-vol-tenant-attr:tenant_id": "56e556cab0a549d3abcf41fac183c52e"}}'
2026-07-29 07:19:34,210 1521863 INFO     [tempest.lib.common.rest_client] Request (TestImageHashVerification:test_volume_upload_image_hash_verification): 200 GET http://10.132.239.111/volume/v3/volumes/25d07a27-7285-4b47-9cf6-520f9be0f0d8 0.058s
2026-07-29 07:19:34,211 1521863 DEBUG    [tempest.lib.common.rest_client] Request - Headers: {'Content-Type': 'application/json', 'Accept': 'application/json', 'X-Auth-Token': '<omitted>'}
        Body: None
    Respons
    e - Headers: {'date': 'Wed, 29 Jul 2026 07:19:34 GMT', 'server': 'Apache/2.4.58 (Ubuntu)', 'content-type': 'application/json', 'x-compute-request-id': 'req-9c9d1fbb-8236-4175-98b4-5be64fd4a9c8', 'content-length': '855', 'openstack-api-version': 'volume 3.0', 'vary': 'OpenStack-API-Version', 'x-openstack-request-id': 'req-9c9d1fbb-8236-4175-98b4-5be64fd4a9c8', 'connection': 'close', 'status': '200', 'content-location': 'http://10.132.239.111/volume/v3/volumes/25d07a27-7285-4b47-9cf6-520f9be0f0d8'}
        Body: b'{"volume": {"id": "25d07a27-7285-4b47-9cf6-520f9be0f0d8", "status": "available", "size": 1, "availability_zone": "nova", "created_at": "2026-07-29T07:19:33.000000", "updated_at": "2026-07-29T07:19:34.000000", "name": "tempest-TestImageHashVerification-volume-1002933896", "description": null, "volume_type": "nvmetcp1", "snapshot_id": null, "source_volid": null, "metadata": {}, "links": [{"rel": "self", "href": "http://10.132.239.111/volume/v3/volumes/25d07a27-7285-4b47-9cf6-520f9be0f0d8"}, {"rel": "bookmark", "href": "http://10.132.239.111/volume/volumes/25d07a27-7285-4b47-9cf6-520f9be0f0d8"}], "user_id": "ec322f342f5a49e998c9e050849f7a78", "bootable": "false", "encrypted": false, "replication_status": null, "consistencygroup_id": null, "multiattach": false, "attachments": [], "os-vol-tenant-attr:tenant_id": "56e556cab0a549d3abcf41fac183c52e"}}'
2026-07-29 07:19:34,227 1521863 INFO     [tempest.common.waiters] volume 25d07a27-7285-4b47-9cf6-520f9be0f0d8 reached available after waiting for 1.227475 seconds
2026-07-29 07:19:34,278 1521863 INFO     [tempest.lib.common.rest_client] Request (TestImageHashVerification:test_volume_upload_image_hash_verification): 200 GET http://10.132.239.111/volume/v3/volumes/25d07a27-7285-4b47-9cf6-520f9be0f0d8 0.050s
2026-07-29 07:19:34,278 1521863 DEBUG    [tempest.lib.common.rest_client] Request - Headers: {'Content-Type': 'application/json', 'Accept': 'application/json', 'X-Auth-Token': '<omitted>'}
        Body: None
    Response - Headers: {'date': 'Wed, 29 Jul 2026 07:19:34 GMT', 'server': 'Apache/2.4.58 (Ubuntu)', 'content-type': 'application/json', 'x-compute-request-id': 'req-30a32554-a268-4e58-9ea1-ce3e78a636c6', 'content-length': '855', 'openstack-api-version': 'volume 3.0', 'vary': 'OpenStack-API-Version', 'x-openstack-request-id': 'req-30a32554-a268-4e58-9ea1-ce3e78a636c6', 'connection': 'close', 'status': '200', 'content-location': 'http://10.132.239.111/volume/v3/volumes/25d07a27-7285-4b47-9cf6-520f9be0f0d8'}
        Body: b'{"volume": {"id": "25d07a27-7285-4b47-9cf6-520f9be0f0d8", "status": "available", "size": 1, "availability_zone": "nova", "created_at": "2026-07-29T07:19:33.000000", "updated_at": "2026-07-29T07:19:34.000000", "name": "tempest-TestImageHashVerification-volume-1002933896", "description": null, "volume_type": "nvmetcp1", "snapshot_id": null, "source_volid": null, "metadata": {}, "links": [{"rel": "self", "href": "http://10.132.239.111/volume/v3/volumes/25d07a27-7285-4b47-9cf6-520f9be0f0d8"}, {"rel": "bookmark", "href": "http://10.132.239.111/volume/volumes/25d07a27-7285-4b47-9cf6-520f9be0f0d8"}], "user_id": "ec322f342f5a49e998c9e050849f7a78", "bootable": "false", "encrypted": false, "replication_status": null, "consistencygroup_id": null, "multiattach": false, "attachments": [], "os-vol-tenant-attr:tenant_id": "56e556cab0a549d3abcf41fac183c52e"}}'
2026-07-29 07:19:35,146 1521863 INFO     [tempest.lib.common.rest_client] Request (TestImageHashVerification:test_volume_upload_image_hash_verification): 202 POST http://10.132.239.111/volume/v3/volumes/25d07a27-7285-4b47-9cf6-520f9be0f0d8/action 0.852s
2026-07-29 07:19:35,146 1521863 DEBUG    [tempest.lib.common.rest_client] Request - Headers: {'Content-Type': 'application/json', 'Accept': 'application/json', 'X-Auth-Token': '<omitted>'}
        Body: {"os-volume_upload_image": {"image_name": "tempest-volume-upload-hash-test-1694054936", "disk_format": "raw"}}
    Response - Headers: {'date': 'Wed, 29 Jul 2026 07:19:34 GMT', 'server': 'Apache/2.4.58 (Ubuntu)', 'content-type': 'application/json', 'x-compute-r
    equest-id': 'req-221ddb86-f5cc-4c40-aad9-df2217bced28', 'content-length': '736', 'openstack-api-version': 'volume 3.0', 'vary': 'OpenStack-API-Version', 'x-openstack-request-id': 'req-221ddb86-f5cc-4c40-aad9-df2217bced28', 'connection': 'close', 'status': '202', 'content-location': 'http://10.132.239.111/volume/v3/volumes/25d07a27-7285-4b47-9cf6-520f9be0f0d8/action'}
        Body: b'{"os-volume_upload_image": {"id": "25d07a27-7285-4b47-9cf6-520f9be0f0d8", "updated_at": "2026-07-29T07:19:34.000000", "status": "uploading", "display_description": null, "size": 1, "volume_type": {"id": "40e6391f-e29e-4cf9-aff1-26a29422d124", "name": "nvmetcp1", "description": null, "is_public": true, "extra_specs": {"volume_backend_name": "nvmetcp1", "consistent_group_snapshot_enabled": "<is> True"}, "qos_specs_id": null, "created_at": "2026-07-29T07:08:52.000000", "updated_at": null, "deleted_at": null, "deleted": false}, "image_id": "f8f94404-9037-4e19-81bc-00820fd6763e", "container_format": "bare", "disk_format": "raw", "image_name": "tempest-volume-upload-hash-test-1694054936", "protected": false, "visibility": "shared"}}'
2026-07-29 07:19:35,175 1521863 INFO     [tempest.lib.common.rest_client] Request (TestImageHashVerification:test_volume_upload_image_hash_verification): 200 GET http://10.132.239.111/image/v2/images/f8f94404-9037-4e19-81bc-00820fd6763e 0.028s
2026-07-29 07:19:35,176 1521863 DEBUG    [tempest.lib.common.rest_client] Request - Headers: {'Content-Type': 'application/json', 'Accept': 'application/json', 'X-Auth-Token': '<omitted>'}
        Body: None
    Response - Headers: {'date': 'Wed, 29 Jul 2026 07:19:35 GMT', 'server': 'Apache/2.4.58 (Ubuntu)', 'content-length': '649', 'content-type': 'application/json', 'x-openstack-request-id': 'req-848e83bf-ad89-4e6e-8145-351e94426ea4', 'connection': 'close', 'status': '200', 'content-location': 'http://10.132.239.111/image/v2/images/f8f94404-9037-4e19-81bc-00820fd6763e'}
        Body: b'{"name": "tempest-volume-upload-hash-test-1694054936", "disk_format": "raw", "container_format": "bare", "visibility": "shared", "size": null, "virtual_size": null, "status": "queued", "checksum": null, "protected": false, "min_ram": 0, "min_disk": 0, "owner": "56e556cab0a549d3abcf41fac183c52e", "os_hidden": false, "os_hash_algo": null, "os_hash_value": null, "id": "f8f94404-9037-4e19-81bc-00820fd6763e", "created_at": "2026-07-29T07:19:35Z", "updated_at": "2026-07-29T07:19:35Z", "tags": [], "self": "/v2/images/f8f94404-9037-4e19-81bc-00820fd6763e", "file": "/v2/images/f8f94404-9037-4e19-81bc-00820fd6763e/file", "schema": "/v2/schemas/image"}'
2026-07-29 07:19:36,204 1521863 INFO     [tempest.lib.common.rest_client] Request (TestImageHashVerification:test_volume_upload_image_hash_verification): 200 GET http://10.132.239.111/image/v2/images/f8f94404-9037-4e19-81bc-00820fd6763e 0.026s
2026-07-29 07:19:36,205 1521863 DEBUG    [tempest.lib.common.rest_client] Request - Headers: {'Content-Type': 'application/json', 'Accept': 'application/json', 'X-Auth-Token': '<omitted>'}
        Body: None
    Response - Headers: {'date': 'Wed, 29 Jul 2026 07:19:36 GMT', 'server': 'Apache/2.4.58 (Ubuntu)', 'content-length': '649', 'content-type': 'application/json', 'x-openstack-request-id': 'req-e136fa06-0e4c-4d7a-bddb-83c5f592ead8', 'connection': 'close', 'status': '200', 'content-location': 'http://10.132.239.111/image/v2/images/f8f94404-9037-4e19-81bc-00820fd6763e'}
        Body: b'{"name": "tempest-volume-upload-hash-test-1694054936", "disk_format": "raw", "container_format": "bare", "visibility": "shared", "size": null, "virtual_size": null, "status": "queued", "checksum": null, "protected": false, "min_ram": 0, "min_disk": 0, "owner": "56e556cab0a549d3abcf41fac183c52e", "os_hidden": false, "os_hash_algo": null, "os_hash_value": null, "id": "f8f94404-9037-4e19-81bc-00820fd6763e", "created_at": "2026-07-29T07:19:35Z", "updated_at": "2026-07-29T07:19:35Z", "tags": [], "self": "/v2/images/f8f94404-9037-4e19-81bc-00820fd6763e", "file": "/v2/images/f8f94404-9037-4e19-81bc-00820fd6763e/file", "schema": "/v2/schemas/i
    mage"}'
2026-07-29 07:19:37,228 1521863 INFO     [tempest.lib.common.rest_client] Request (TestImageHashVerification:test_volume_upload_image_hash_verification): 404 GET http://10.132.239.111/image/v2/images/f8f94404-9037-4e19-81bc-00820fd6763e 0.022s
2026-07-29 07:19:37,229 1521863 DEBUG    [tempest.lib.common.rest_client] Request - Headers: {'Content-Type': 'application/json', 'Accept': 'application/json', 'X-Auth-Token': '<omitted>'}
        Body: None
    Response - Headers: {'date': 'Wed, 29 Jul 2026 07:19:37 GMT', 'server': 'Apache/2.4.58 (Ubuntu)', 'content-length': '139', 'content-type': 'application/json', 'x-openstack-request-id': 'req-17aed193-1da5-4e68-8837-0d2248c5607a', 'connection': 'close', 'status': '404', 'content-location': 'http://10.132.239.111/image/v2/images/f8f94404-9037-4e19-81bc-00820fd6763e'}
        Body: b'{"message": "No image found with ID f8f94404-9037-4e19-81bc-00820fd6763e<br /><br />\\n\\n\\n", "code": "404 Not Found", "title": "Not Found"}'
2026-07-29 07:19:37,267 1521863 INFO     [tempest.lib.common.rest_client] Request (TestImageHashVerification:_run_cleanups): 404 DELETE http://10.132.239.111/image/v2/images/f8f94404-9037-4e19-81bc-00820fd6763e 0.030s
2026-07-29 07:19:37,267 1521863 DEBUG    [tempest.lib.common.rest_client] Request - Headers: {'Content-Type': 'application/json', 'Accept': 'application/json', 'X-Auth-Token': '<omitted>'}
        Body: None
    Response - Headers: {'date': 'Wed, 29 Jul 2026 07:19:37 GMT', 'server': 'Apache/2.4.58 (Ubuntu)', 'content-length': '147', 'content-type': 'application/json', 'x-openstack-request-id': 'req-4cf9330b-e737-4c5b-882a-102293e0ed12', 'connection': 'close', 'status': '404', 'content-location': 'http://10.132.239.111/image/v2/images/f8f94404-9037-4e19-81bc-00820fd6763e'}
        Body: b'{"message": "Failed to find image f8f94404-9037-4e19-81bc-00820fd6763e to delete<br /><br />\\n\\n\\n", "code": "404 Not Found", "title": "Not Found"}'
2026-07-29 07:19:37,341 1521863 INFO     [tempest.lib.common.rest_client] Request (TestImageHashVerification:_run_cleanups): 202 DELETE http://10.132.239.111/volume/v3/volumes/25d07a27-7285-4b47-9cf6-520f9be0f0d8 0.073s
2026-07-29 07:19:37,342 1521863 DEBUG    [tempest.lib.common.rest_client] Request - Headers: {'Content-Type': 'application/json', 'Accept': 'application/json', 'X-Auth-Token': '<omitted>'}
        Body: None
    Response - Headers: {'date': 'Wed, 29 Jul 2026 07:19:37 GMT', 'server': 'Apache/2.4.58 (Ubuntu)', 'content-length': '0', 'content-type': 'text/html; charset=UTF-8', 'openstack-api-version': 'volume 3.0', 'vary': 'OpenStack-API-Version', 'x-openstack-request-id': 'req-665262f6-1539-4ebc-8e76-67e740eaa7af', 'connection': 'close', 'status': '202', 'content-location': 'http://10.132.239.111/volume/v3/volumes/25d07a27-7285-4b47-9cf6-520f9be0f0d8'}
        Body: b''
2026-07-29 07:19:37,405 1521863 INFO     [tempest.lib.common.rest_client] Request (TestImageHashVerification:_run_cleanups): 200 GET http://10.132.239.111/volume/v3/volumes/25d07a27-7285-4b47-9cf6-520f9be0f0d8 0.063s
2026-07-29 07:19:37,406 1521863 DEBUG    [tempest.lib.common.rest_client] Request - Headers: {'Content-Type': 'application/json', 'Accept': 'application/json', 'X-Auth-Token': '<omitted>'}
        Body: None
    Response - Headers: {'date': 'Wed, 29 Jul 2026 07:19:37 GMT', 'server': 'Apache/2.4.58 (Ubuntu)', 'content-type': 'application/json', 'x-compute-request-id': 'req-47537250-2ca4-4fe7-af04-dd0bd3f57904', 'content-length': '854', 'openstack-api-version': 'volume 3.0', 'vary': 'OpenStack-API-Version', 'x-openstack-request-id': 'req-47537250-2ca4-4fe7-af04-dd0bd3f57904', 'connection': 'close', 'status': '200', 'content-location': 'http://10.132.239.111/volume/v3/volumes/25d07a27-7285-4b47-9cf6-520f9be0f0d8'}
        Body: b'{"volume": {"id": "25d07a27-7285-4b47-9cf6-520f9be0f0d8", "status": "deleting", "size": 1, "availability_zone": "nova", "created_at": "2026-07-29T07:19:33.000000", "updated_at": "2026-07-29T07:19:37.000000", "name": "tempest-TestImageHashVerification-volume-1002933896", "description": nul
    l, "volume_type": "nvmetcp1", "snapshot_id": null, "source_volid": null, "metadata": {}, "links": [{"rel": "self", "href": "http://10.132.239.111/volume/v3/volumes/25d07a27-7285-4b47-9cf6-520f9be0f0d8"}, {"rel": "bookmark", "href": "http://10.132.239.111/volume/volumes/25d07a27-7285-4b47-9cf6-520f9be0f0d8"}], "user_id": "ec322f342f5a49e998c9e050849f7a78", "bootable": "false", "encrypted": false, "replication_status": null, "consistencygroup_id": null, "multiattach": false, "attachments": [], "os-vol-tenant-attr:tenant_id": "56e556cab0a549d3abcf41fac183c52e"}}'
2026-07-29 07:19:38,449 1521863 INFO     [tempest.lib.common.rest_client] Request (TestImageHashVerification:_run_cleanups): 404 GET http://10.132.239.111/volume/v3/volumes/25d07a27-7285-4b47-9cf6-520f9be0f0d8 0.028s
2026-07-29 07:19:38,450 1521863 DEBUG    [tempest.lib.common.rest_client] Request - Headers: {'Content-Type': 'application/json', 'Accept': 'application/json', 'X-Auth-Token': '<omitted>'}
        Body: None
    Response - Headers: {'date': 'Wed, 29 Jul 2026 07:19:38 GMT', 'server': 'Apache/2.4.58 (Ubuntu)', 'openstack-api-version': 'volume 3.0', 'vary': 'OpenStack-API-Version', 'content-length': '109', 'content-type': 'application/json', 'x-compute-request-id': 'req-cba66640-47a5-4a40-8479-4e75d86023ed', 'x-openstack-request-id': 'req-cba66640-47a5-4a40-8479-4e75d86023ed', 'connection': 'close', 'status': '404', 'content-location': 'http://10.132.239.111/volume/v3/volumes/25d07a27-7285-4b47-9cf6-520f9be0f0d8'}
        Body: b'{"itemNotFound": {"code": 404, "message": "Volume 25d07a27-7285-4b47-9cf6-520f9be0f0d8 could not be found."}}'


==============================
Failed 1 tests - output below:
==============================

tempest.scenario.test_snapshots_with_add_location.TestImageHashVerification.test_volume_upload_image_hash_verification[compute,id-b2c3d4e5-f6a7-8901-bcde-f12345678901,image,volume]
------------------------------------------------------------------------------------------------------------------------------------------------------------------------------------

Captured traceback:
~~~~~~~~~~~~~~~~~~~
    Traceback (most recent call last):

      File "/opt/stack/tempest/tempest/common/utils/__init__.py", line 65, in wrapper
    return f(*func_args, **func_kwargs)
           ^^^^^^^^^^^^^^^^^^^^^^^^^^^^

      File "/opt/stack/tempest/tempest/scenario/test_snapshots_with_add_location.py", line 198, in test_volume_upload_image_hash_verification
    waiters.wait_for_image_status(

      File "/opt/stack/tempest/tempest/common/waiters.py", line 175, in wait_for_image_status
    image = show_image(image_id)
            ^^^^^^^^^^^^^^^^^^^^

      File "/opt/stack/tempest/tempest/lib/services/image/v2/images_client.py", line 119, in show_image
    resp, body = self.get(url)
                 ^^^^^^^^^^^^^

      File "/opt/stack/tempest/tempest/lib/common/rest_client.py", line 345, in get
    return self.request('GET', url, extra_headers, headers,
           ^^^^^^^^^^^^^^^^^^^^^^^^^^^^^^^^^^^^^^^^^^^^^^^^

      File "/opt/stack/tempest/tempest/lib/common/rest_client.py", line 767, in request
    self._error_checker(resp, resp_body)

      File "/opt/stack/tempest/tempest/lib/common/rest_client.py", line 877, in _error_checker
    raise exceptions.NotFound(resp_body, resp=resp)

    tempest.lib.exceptions.NotFound: Object not found
Details: {'message': 'No image found with ID f8f94404-9037-4e19-81bc-00820fd6763e<br /><br />\n\n\n', 'code': '404 Not Found', 'title': 'Not Found'}


Captured pythonlogging:
~~~~~~~~~~~~~~~~~~~~~~~
    2026-07-29 07:19:33,067 1521863 INFO     [tempest.lib.common.rest_client] Request (TestImageHashVerification:test_volume_upload_image_hash_verification): 202 POST http://10.132.239.111/volume/v3/volumes 0.697s
2026-07-29 07:19:33,067 1521863 DEBUG    [tempest.lib.common.rest_client] Request - Headers: {'Content-Type': 'application/json', 'Accept': 'application/json', 'X-Auth-Token': '<omitted>'}
        Body: {"volume": {"name": "tempest-TestImageHashVerification-volume-1002933896", "snapshot_id": null, "imageRef": null, "volume_type": null, "size": 1}}
    Response - Headers: {'date': 'Wed, 29 Jul 2026 07:19:32 GMT', 'server': 'Apache/2.4.58 (Ubuntu)', 'content-type': 'application/json', 'x-compute-request-id': 'req-250fc272-157b-4276-8045-a4349c488203', 'content-length': '762', 'openstack-api-version': 'volume 3.0', 'vary': 'OpenStack-API-Version', 'x-openstack-request-id': 'req-250fc272-157b-4276-8045-a4349c488203', 'connection': 'close', 'status': '202', 'content-location': 'http://10.132.239.111/volume/v3/volumes'}
        Body: b'{"volume": {"id": "25d07a27-7285-4b47-9cf6-520f9be0f0d8", "status": "creating", "size": 1, "availability_zone": "nova", "created_at": "2026-07-29T07:19:32.907077", "updated_at": null, "name": "tempest-TestImageHashVerification-volume-1002933896", "description": null, "volume_type": "nvmetcp1", "snapshot_id": null, "source_volid": null, "metadata": {}, "links": [{"rel": "self", "href": "http://10.132.239.111/volume/v3/volumes/25d07a27-7285-4b47-9cf6-520f9be0f0d8"}, {"rel": "bookmark", "href": "http://10.132.239.111/volume/volumes/25d07a27-7285-4b47-9cf6-520f9be0f0d8"}], "user_id": "ec322f342f5a49e998c9e050849f7a78", "bootable": "false", "encrypted": false, "replication_status": null, "consistencygroup_id": null, "multiattach": false, "attachments": []}}'
2026-07-29 07:19:33,135 1521863 INFO     [tempest.lib.common.rest_client] Request (TestImageHashVerification:test_volume_upload_image_hash_verification): 200 GET http://10.132.239.111/volume/v3/volumes/25d07a27-7285-4b47-9cf6-520f9be0f0d8 0.053s
2026-07-29 07:19:33,136 1521863 DEBUG    [tempest.lib.common.rest_client] Request - Headers: {'Content-Type': 'application/json', 'Accept': 'application/json', 'X-Auth-Token': '<omitted>'}
        Body: None
    Response - Headers: {'date': 'Wed, 29 Jul 2026 07:19:33 GMT', 'server': 'Apache/2.4.58 (Ubuntu)', 'content-type': 'application/json', 'x-compute-request-id': 'req-2f0c0606-18e3-4d83-8858-348a394aabec', 'content-length': '830', 'openstack-api-version': 'volume 3.0', 'vary': 'OpenStack-API-Version', 'x-openstack-request-id': 'req-2f0c0606-18e3-4d83-8858-348a394aabec', 'connection': 'close', 'status': '200', 'content-location': 'http://10.132.239.111/volume/v3/volumes/25d07a27-7285-4b47-9cf6-520f9be0f0d8'}
        Body: b'{"volume": {"id": "25d07a27-7285-4b47-9cf6-520f9be0f0d8", "status": "creating", "size": 1, "availability_zone": "nova", "created_at": "2026-07-29T07:19:33.000000", "updated_at": null, "name": "tempest-TestImageHashVerification-volume-1002933896", "description": null, "volume_type": "nvmetcp1", "snapshot_id": null, "source_volid": null, "metadata": {}, "links": [{"rel": "self", "href": "http://10.132.239.111/volume/v3/volumes/25d07a27-7285-4b47-9cf6-520f9be0f0d8"}, {"rel": "bookmark", "href": "http://10.132.239.111/volume/volumes/25d07a27-7285-4b47-9cf6-520f9be0f0d8"}], "user_id": "ec322f342f5a49e998c9e050849f7a78", "bootable": "false", "encrypted": false, "replication_status": null, "consistencygroup_id": null, "multiattach": false, "attachments": [], "os-vol-tenant-attr:tenant_id": "56e556cab0a549d3abcf41fac183c52e"}}'
2026-07-29 07:19:34,210 1521863 INFO     [tempest.lib.common.rest_client] Request (TestImageHashVerification:test_volume_upload_image_hash_verification): 200 GET http://10.132.239.111/volume/v3/volumes/25d07a27-7285-4b47-9cf6-520f9be0f0d8 0.058s
2026-07-29 07:19:34,211 1521863 DEBUG    [tempest.lib.common.rest_client] Request - Headers: {'Content-Type': 'application/json', 'Accept': 'application/json', 'X-Auth-Token': '<omitted>'}
        Body: None
    Respons
    e - Headers: {'date': 'Wed, 29 Jul 2026 07:19:34 GMT', 'server': 'Apache/2.4.58 (Ubuntu)', 'content-type': 'application/json', 'x-compute-request-id': 'req-9c9d1fbb-8236-4175-98b4-5be64fd4a9c8', 'content-length': '855', 'openstack-api-version': 'volume 3.0', 'vary': 'OpenStack-API-Version', 'x-openstack-request-id': 'req-9c9d1fbb-8236-4175-98b4-5be64fd4a9c8', 'connection': 'close', 'status': '200', 'content-location': 'http://10.132.239.111/volume/v3/volumes/25d07a27-7285-4b47-9cf6-520f9be0f0d8'}
        Body: b'{"volume": {"id": "25d07a27-7285-4b47-9cf6-520f9be0f0d8", "status": "available", "size": 1, "availability_zone": "nova", "created_at": "2026-07-29T07:19:33.000000", "updated_at": "2026-07-29T07:19:34.000000", "name": "tempest-TestImageHashVerification-volume-1002933896", "description": null, "volume_type": "nvmetcp1", "snapshot_id": null, "source_volid": null, "metadata": {}, "links": [{"rel": "self", "href": "http://10.132.239.111/volume/v3/volumes/25d07a27-7285-4b47-9cf6-520f9be0f0d8"}, {"rel": "bookmark", "href": "http://10.132.239.111/volume/volumes/25d07a27-7285-4b47-9cf6-520f9be0f0d8"}], "user_id": "ec322f342f5a49e998c9e050849f7a78", "bootable": "false", "encrypted": false, "replication_status": null, "consistencygroup_id": null, "multiattach": false, "attachments": [], "os-vol-tenant-attr:tenant_id": "56e556cab0a549d3abcf41fac183c52e"}}'
2026-07-29 07:19:34,227 1521863 INFO     [tempest.common.waiters] volume 25d07a27-7285-4b47-9cf6-520f9be0f0d8 reached available after waiting for 1.227475 seconds
2026-07-29 07:19:34,278 1521863 INFO     [tempest.lib.common.rest_client] Request (TestImageHashVerification:test_volume_upload_image_hash_verification): 200 GET http://10.132.239.111/volume/v3/volumes/25d07a27-7285-4b47-9cf6-520f9be0f0d8 0.050s
2026-07-29 07:19:34,278 1521863 DEBUG    [tempest.lib.common.rest_client] Request - Headers: {'Content-Type': 'application/json', 'Accept': 'application/json', 'X-Auth-Token': '<omitted>'}
        Body: None
    Response - Headers: {'date': 'Wed, 29 Jul 2026 07:19:34 GMT', 'server': 'Apache/2.4.58 (Ubuntu)', 'content-type': 'application/json', 'x-compute-request-id': 'req-30a32554-a268-4e58-9ea1-ce3e78a636c6', 'content-length': '855', 'openstack-api-version': 'volume 3.0', 'vary': 'OpenStack-API-Version', 'x-openstack-request-id': 'req-30a32554-a268-4e58-9ea1-ce3e78a636c6', 'connection': 'close', 'status': '200', 'content-location': 'http://10.132.239.111/volume/v3/volumes/25d07a27-7285-4b47-9cf6-520f9be0f0d8'}
        Body: b'{"volume": {"id": "25d07a27-7285-4b47-9cf6-520f9be0f0d8", "status": "available", "size": 1, "availability_zone": "nova", "created_at": "2026-07-29T07:19:33.000000", "updated_at": "2026-07-29T07:19:34.000000", "name": "tempest-TestImageHashVerification-volume-1002933896", "description": null, "volume_type": "nvmetcp1", "snapshot_id": null, "source_volid": null, "metadata": {}, "links": [{"rel": "self", "href": "http://10.132.239.111/volume/v3/volumes/25d07a27-7285-4b47-9cf6-520f9be0f0d8"}, {"rel": "bookmark", "href": "http://10.132.239.111/volume/volumes/25d07a27-7285-4b47-9cf6-520f9be0f0d8"}], "user_id": "ec322f342f5a49e998c9e050849f7a78", "bootable": "false", "encrypted": false, "replication_status": null, "consistencygroup_id": null, "multiattach": false, "attachments": [], "os-vol-tenant-attr:tenant_id": "56e556cab0a549d3abcf41fac183c52e"}}'
2026-07-29 07:19:35,146 1521863 INFO     [tempest.lib.common.rest_client] Request (TestImageHashVerification:test_volume_upload_image_hash_verification): 202 POST http://10.132.239.111/volume/v3/volumes/25d07a27-7285-4b47-9cf6-520f9be0f0d8/action 0.852s
2026-07-29 07:19:35,146 1521863 DEBUG    [tempest.lib.common.rest_client] Request - Headers: {'Content-Type': 'application/json', 'Accept': 'application/json', 'X-Auth-Token': '<omitted>'}
        Body: {"os-volume_upload_image": {"image_name": "tempest-volume-upload-hash-test-1694054936", "disk_format": "raw"}}
    Response - Headers: {'date': 'Wed, 29 Jul 2026 07:19:34 GMT', 'server': 'Apache/2.4.58 (Ubuntu)', 'content-type': 'application/json', 'x-compute-r
    equest-id': 'req-221ddb86-f5cc-4c40-aad9-df2217bced28', 'content-length': '736', 'openstack-api-version': 'volume 3.0', 'vary': 'OpenStack-API-Version', 'x-openstack-request-id': 'req-221ddb86-f5cc-4c40-aad9-df2217bced28', 'connection': 'close', 'status': '202', 'content-location': 'http://10.132.239.111/volume/v3/volumes/25d07a27-7285-4b47-9cf6-520f9be0f0d8/action'}
        Body: b'{"os-volume_upload_image": {"id": "25d07a27-7285-4b47-9cf6-520f9be0f0d8", "updated_at": "2026-07-29T07:19:34.000000", "status": "uploading", "display_description": null, "size": 1, "volume_type": {"id": "40e6391f-e29e-4cf9-aff1-26a29422d124", "name": "nvmetcp1", "description": null, "is_public": true, "extra_specs": {"volume_backend_name": "nvmetcp1", "consistent_group_snapshot_enabled": "<is> True"}, "qos_specs_id": null, "created_at": "2026-07-29T07:08:52.000000", "updated_at": null, "deleted_at": null, "deleted": false}, "image_id": "f8f94404-9037-4e19-81bc-00820fd6763e", "container_format": "bare", "disk_format": "raw", "image_name": "tempest-volume-upload-hash-test-1694054936", "protected": false, "visibility": "shared"}}'
2026-07-29 07:19:35,175 1521863 INFO     [tempest.lib.common.rest_client] Request (TestImageHashVerification:test_volume_upload_image_hash_verification): 200 GET http://10.132.239.111/image/v2/images/f8f94404-9037-4e19-81bc-00820fd6763e 0.028s
2026-07-29 07:19:35,176 1521863 DEBUG    [tempest.lib.common.rest_client] Request - Headers: {'Content-Type': 'application/json', 'Accept': 'application/json', 'X-Auth-Token': '<omitted>'}
        Body: None
    Response - Headers: {'date': 'Wed, 29 Jul 2026 07:19:35 GMT', 'server': 'Apache/2.4.58 (Ubuntu)', 'content-length': '649', 'content-type': 'application/json', 'x-openstack-request-id': 'req-848e83bf-ad89-4e6e-8145-351e94426ea4', 'connection': 'close', 'status': '200', 'content-location': 'http://10.132.239.111/image/v2/images/f8f94404-9037-4e19-81bc-00820fd6763e'}
        Body: b'{"name": "tempest-volume-upload-hash-test-1694054936", "disk_format": "raw", "container_format": "bare", "visibility": "shared", "size": null, "virtual_size": null, "status": "queued", "checksum": null, "protected": false, "min_ram": 0, "min_disk": 0, "owner": "56e556cab0a549d3abcf41fac183c52e", "os_hidden": false, "os_hash_algo": null, "os_hash_value": null, "id": "f8f94404-9037-4e19-81bc-00820fd6763e", "created_at": "2026-07-29T07:19:35Z", "updated_at": "2026-07-29T07:19:35Z", "tags": [], "self": "/v2/images/f8f94404-9037-4e19-81bc-00820fd6763e", "file": "/v2/images/f8f94404-9037-4e19-81bc-00820fd6763e/file", "schema": "/v2/schemas/image"}'
2026-07-29 07:19:36,204 1521863 INFO     [tempest.lib.common.rest_client] Request (TestImageHashVerification:test_volume_upload_image_hash_verification): 200 GET http://10.132.239.111/image/v2/images/f8f94404-9037-4e19-81bc-00820fd6763e 0.026s
2026-07-29 07:19:36,205 1521863 DEBUG    [tempest.lib.common.rest_client] Request - Headers: {'Content-Type': 'application/json', 'Accept': 'application/json', 'X-Auth-Token': '<omitted>'}
        Body: None
    Response - Headers: {'date': 'Wed, 29 Jul 2026 07:19:36 GMT', 'server': 'Apache/2.4.58 (Ubuntu)', 'content-length': '649', 'content-type': 'application/json', 'x-openstack-request-id': 'req-e136fa06-0e4c-4d7a-bddb-83c5f592ead8', 'connection': 'close', 'status': '200', 'content-location': 'http://10.132.239.111/image/v2/images/f8f94404-9037-4e19-81bc-00820fd6763e'}
        Body: b'{"name": "tempest-volume-upload-hash-test-1694054936", "disk_format": "raw", "container_format": "bare", "visibility": "shared", "size": null, "virtual_size": null, "status": "queued", "checksum": null, "protected": false, "min_ram": 0, "min_disk": 0, "owner": "56e556cab0a549d3abcf41fac183c52e", "os_hidden": false, "os_hash_algo": null, "os_hash_value": null, "id": "f8f94404-9037-4e19-81bc-00820fd6763e", "created_at": "2026-07-29T07:19:35Z", "updated_at": "2026-07-29T07:19:35Z", "tags": [], "self": "/v2/images/f8f94404-9037-4e19-81bc-00820fd6763e", "file": "/v2/images/f8f94404-9037-4e19-81bc-00820fd6763e/file", "schema": "/v2/schemas/i
    mage"}'
2026-07-29 07:19:37,228 1521863 INFO     [tempest.lib.common.rest_client] Request (TestImageHashVerification:test_volume_upload_image_hash_verification): 404 GET http://10.132.239.111/image/v2/images/f8f94404-9037-4e19-81bc-00820fd6763e 0.022s
2026-07-29 07:19:37,229 1521863 DEBUG    [tempest.lib.common.rest_client] Request - Headers: {'Content-Type': 'application/json', 'Accept': 'application/json', 'X-Auth-Token': '<omitted>'}
        Body: None
    Response - Headers: {'date': 'Wed, 29 Jul 2026 07:19:37 GMT', 'server': 'Apache/2.4.58 (Ubuntu)', 'content-length': '139', 'content-type': 'application/json', 'x-openstack-request-id': 'req-17aed193-1da5-4e68-8837-0d2248c5607a', 'connection': 'close', 'status': '404', 'content-location': 'http://10.132.239.111/image/v2/images/f8f94404-9037-4e19-81bc-00820fd6763e'}
        Body: b'{"message": "No image found with ID f8f94404-9037-4e19-81bc-00820fd6763e<br /><br />\\n\\n\\n", "code": "404 Not Found", "title": "Not Found"}'
2026-07-29 07:19:37,267 1521863 INFO     [tempest.lib.common.rest_client] Request (TestImageHashVerification:_run_cleanups): 404 DELETE http://10.132.239.111/image/v2/images/f8f94404-9037-4e19-81bc-00820fd6763e 0.030s
2026-07-29 07:19:37,267 1521863 DEBUG    [tempest.lib.common.rest_client] Request - Headers: {'Content-Type': 'application/json', 'Accept': 'application/json', 'X-Auth-Token': '<omitted>'}
        Body: None
    Response - Headers: {'date': 'Wed, 29 Jul 2026 07:19:37 GMT', 'server': 'Apache/2.4.58 (Ubuntu)', 'content-length': '147', 'content-type': 'application/json', 'x-openstack-request-id': 'req-4cf9330b-e737-4c5b-882a-102293e0ed12', 'connection': 'close', 'status': '404', 'content-location': 'http://10.132.239.111/image/v2/images/f8f94404-9037-4e19-81bc-00820fd6763e'}
        Body: b'{"message": "Failed to find image f8f94404-9037-4e19-81bc-00820fd6763e to delete<br /><br />\\n\\n\\n", "code": "404 Not Found", "title": "Not Found"}'
2026-07-29 07:19:37,341 1521863 INFO     [tempest.lib.common.rest_client] Request (TestImageHashVerification:_run_cleanups): 202 DELETE http://10.132.239.111/volume/v3/volumes/25d07a27-7285-4b47-9cf6-520f9be0f0d8 0.073s
2026-07-29 07:19:37,342 1521863 DEBUG    [tempest.lib.common.rest_client] Request - Headers: {'Content-Type': 'application/json', 'Accept': 'application/json', 'X-Auth-Token': '<omitted>'}
        Body: None
    Response - Headers: {'date': 'Wed, 29 Jul 2026 07:19:37 GMT', 'server': 'Apache/2.4.58 (Ubuntu)', 'content-length': '0', 'content-type': 'text/html; charset=UTF-8', 'openstack-api-version': 'volume 3.0', 'vary': 'OpenStack-API-Version', 'x-openstack-request-id': 'req-665262f6-1539-4ebc-8e76-67e740eaa7af', 'connection': 'close', 'status': '202', 'content-location': 'http://10.132.239.111/volume/v3/volumes/25d07a27-7285-4b47-9cf6-520f9be0f0d8'}
        Body: b''
2026-07-29 07:19:37,405 1521863 INFO     [tempest.lib.common.rest_client] Request (TestImageHashVerification:_run_cleanups): 200 GET http://10.132.239.111/volume/v3/volumes/25d07a27-7285-4b47-9cf6-520f9be0f0d8 0.063s
2026-07-29 07:19:37,406 1521863 DEBUG    [tempest.lib.common.rest_client] Request - Headers: {'Content-Type': 'application/json', 'Accept': 'application/json', 'X-Auth-Token': '<omitted>'}
        Body: None
    Response - Headers: {'date': 'Wed, 29 Jul 2026 07:19:37 GMT', 'server': 'Apache/2.4.58 (Ubuntu)', 'content-type': 'application/json', 'x-compute-request-id': 'req-47537250-2ca4-4fe7-af04-dd0bd3f57904', 'content-length': '854', 'openstack-api-version': 'volume 3.0', 'vary': 'OpenStack-API-Version', 'x-openstack-request-id': 'req-47537250-2ca4-4fe7-af04-dd0bd3f57904', 'connection': 'close', 'status': '200', 'content-location': 'http://10.132.239.111/volume/v3/volumes/25d07a27-7285-4b47-9cf6-520f9be0f0d8'}
        Body: b'{"volume": {"id": "25d07a27-7285-4b47-9cf6-520f9be0f0d8", "status": "deleting", "size": 1, "availability_zone": "nova", "created_at": "2026-07-29T07:19:33.000000", "updated_at": "2026-07-29T07:19:37.000000", "name": "tempest-TestImageHashVerification-volume-1002933896", "description": nul
    l, "volume_type": "nvmetcp1", "snapshot_id": null, "source_volid": null, "metadata": {}, "links": [{"rel": "self", "href": "http://10.132.239.111/volume/v3/volumes/25d07a27-7285-4b47-9cf6-520f9be0f0d8"}, {"rel": "bookmark", "href": "http://10.132.239.111/volume/volumes/25d07a27-7285-4b47-9cf6-520f9be0f0d8"}], "user_id": "ec322f342f5a49e998c9e050849f7a78", "bootable": "false", "encrypted": false, "replication_status": null, "consistencygroup_id": null, "multiattach": false, "attachments": [], "os-vol-tenant-attr:tenant_id": "56e556cab0a549d3abcf41fac183c52e"}}'
2026-07-29 07:19:38,449 1521863 INFO     [tempest.lib.common.rest_client] Request (TestImageHashVerification:_run_cleanups): 404 GET http://10.132.239.111/volume/v3/volumes/25d07a27-7285-4b47-9cf6-520f9be0f0d8 0.028s
2026-07-29 07:19:38,450 1521863 DEBUG    [tempest.lib.common.rest_client] Request - Headers: {'Content-Type': 'application/json', 'Accept': 'application/json', 'X-Auth-Token': '<omitted>'}
        Body: None
    Response - Headers: {'date': 'Wed, 29 Jul 2026 07:19:38 GMT', 'server': 'Apache/2.4.58 (Ubuntu)', 'openstack-api-version': 'volume 3.0', 'vary': 'OpenStack-API-Version', 'content-length': '109', 'content-type': 'application/json', 'x-compute-request-id': 'req-cba66640-47a5-4a40-8479-4e75d86023ed', 'x-openstack-request-id': 'req-cba66640-47a5-4a40-8479-4e75d86023ed', 'connection': 'close', 'status': '404', 'content-location': 'http://10.132.239.111/volume/v3/volumes/25d07a27-7285-4b47-9cf6-520f9be0f0d8'}
        Body: b'{"itemNotFound": {"code": 404, "message": "Volume 25d07a27-7285-4b47-9cf6-520f9be0f0d8 could not be found."}}'



======
Totals
======
Ran: 204 tests in 566.0989 sec.
 - Passed: 196
 - Skipped: 7
 - Expected Fail: 0
 - Unexpected Success: 0
 - Failed: 1
Sum of execute time for each test: 236.9878 sec.

==============
Worker Balance
==============
 - Worker 0 (204 tests) => 0:09:26.098880
