{0} setUpClass (tempest.api.compute.******.test_live_migration.LiveAutoBlockMigrationV225Test) ... SKIPPED: Less than 2 compute nodes, skipping migration test.
{0} setUpClass (tempest.api.compute.******.test_live_migration.LiveMigrationTest) ... SKIPPED: Less than 2 compute nodes, skipping migration test.
{0} setUpClass (tempest.api.compute.******.test_live_migration.LiveMigrationWithoutHostTest) ... SKIPPED: Less than 2 compute nodes, skipping migration test.
{0} setUpClass (tempest.api.compute.servers.test_server_rescue.ServerBootFromVolumeStableRescueTest) ... SKIPPED: Stable rescue not available.
{0} setUpClass (tempest.api.compute.servers.test_server_rescue.ServerStableDeviceRescueTest) ... SKIPPED: Stable rescue not available.
{0} tempest.api.compute.volumes.test_volume_snapshots.VolumesSnapshotsTestJSON.test_volume_snapshot_create_get_list_delete [5.814653s] ... ok
{0} tempest.api.compute.volumes.test_volumes_get.VolumesGetTestJSON.test_volume_create_get_delete [2.092315s] ... ok
{0} tempest.api.compute.volumes.test_volumes_list.VolumesTestJSON.test_volume_list [0.156562s] ... ok
{0} tempest.api.compute.volumes.test_volumes_list.VolumesTestJSON.test_volume_list_param_limit [0.159730s] ... ok
{0} tempest.api.compute.volumes.test_volumes_list.VolumesTestJSON.test_volume_list_param_offset_and_limit [0.157461s] ... ok
{0} tempest.api.compute.volumes.test_volumes_list.VolumesTestJSON.test_volume_list_with_detail_param_limit [0.080206s] ... ok
{0} tempest.api.compute.volumes.test_volumes_list.VolumesTestJSON.test_volume_list_with_detail_param_offset_and_limit [0.155659s] ... ok
{0} tempest.api.compute.volumes.test_volumes_list.VolumesTestJSON.test_volume_list_with_details [0.082256s] ... ok
{0} tempest.api.compute.volumes.test_volumes_negative.VolumesNegativeTest.test_create_volume_with_invalid_size [0.260289s] ... ok
{0} tempest.api.compute.volumes.test_volumes_negative.VolumesNegativeTest.test_create_volume_with_size_zero [0.018689s] ... ok
{0} tempest.api.compute.volumes.test_volumes_negative.VolumesNegativeTest.test_create_volume_without_passing_size [0.016481s] ... ok
{0} tempest.api.compute.volumes.test_volumes_negative.VolumesNegativeTest.test_delete_invalid_volume_id [0.050166s] ... ok
{0} tempest.api.compute.volumes.test_volumes_negative.VolumesNegativeTest.test_delete_volume_without_passing_volume_id [0.012840s] ... ok
{0} tempest.api.compute.volumes.test_volumes_negative.VolumesNegativeTest.test_get_volume_without_passing_volume_id [0.013148s] ... ok
{0} tempest.api.compute.volumes.test_volumes_negative.VolumesNegativeTest.test_volume_delete_nonexistent_volume_id [0.056685s] ... ok
{0} tempest.api.compute.volumes.test_volumes_negative.VolumesNegativeTest.test_volume_get_nonexistent_volume_id [0.075472s] ... ok
{0} tempest.api.volume.******.test_backends_capabilities.BackendsCapabilitiesAdminTestsJSON.test_compare_volume_stats_values [1.631836s] ... ok
{0} tempest.api.volume.******.test_backends_capabilities.BackendsCapabilitiesAdminTestsJSON.test_get_capabilities_backend [0.534922s] ... ok
{0} setUpClass (tempest.api.volume.******.test_encrypted_volumes_extend.EncryptedVolumesExtendAttachedTest) ... SKIPPED: Attached encrypted volume extend is disabled.
{0} tempest.api.volume.******.test_group_snapshots.GroupSnapshotsTest.test_create_group_from_group_snapshot [11.880014s] ... ok
{0} tempest.api.volume.******.test_group_snapshots.GroupSnapshotsTest.test_delete_group_snapshots_following_updated_volumes [13.884682s] ... ok
{0} tempest.api.volume.******.test_group_snapshots.GroupSnapshotsTest.test_group_snapshot_create_show_list_delete [7.232679s] ... ok
{0} tempest.api.volume.******.test_group_snapshots.GroupSnapshotsV319Test.test_reset_group_snapshot_status [7.709018s] ... ok
{0} tempest.api.volume.******.test_group_type_specs.GroupTypeSpecsTest.test_group_type_specs_create_show_update_list_delete [0.646119s] ... ok
{0} tempest.api.volume.******.test_group_types.GroupTypesTest.test_group_type_create_list_update_show_delete [0.367331s] ... ok
{0} tempest.api.volume.******.test_group_types.GroupTypesTest.test_group_type_list_by_optional_params [0.316646s] ... ok
{0} tempest.api.volume.******.test_groups.GroupsTest.test_group_create_show_list_delete [7.580614s] ... ok
{0} tempest.api.volume.******.test_groups.GroupsTest.test_group_update [8.765169s] ... ok
{0} tempest.api.volume.******.test_groups.GroupsV314Test.test_create_group_from_group [10.684728s] ... ok
{0} tempest.api.volume.******.test_groups.GroupsV320Test.test_reset_group_status [3.206514s] ... ok
{0} tempest.api.volume.******.test_multi_backend.VolumeMultiBackendTest.test_backend_name_distinction [0.138101s] ... ok
{0} tempest.api.volume.******.test_multi_backend.VolumeMultiBackendTest.test_backend_name_distinction_with_prefix [0.129208s] ... ok
{0} tempest.api.volume.******.test_multi_backend.VolumeMultiBackendTest.test_backend_name_reporting [0.126170s] ... ok
{0} tempest.api.volume.******.test_multi_backend.VolumeMultiBackendTest.test_backend_name_reporting_with_prefix [0.137113s] ... ok
{0} tempest.api.volume.******.test_qos.QosSpecsTestJSON.test_associate_disassociate_qos [0.761777s] ... ok
{0} tempest.api.volume.******.test_qos.QosSpecsTestJSON.test_create_delete_qos_with_back_end_consumer [0.189685s] ... ok
{0} tempest.api.volume.******.test_qos.QosSpecsTestJSON.test_create_delete_qos_with_both_consumer [0.180991s] ... ok
{0} tempest.api.volume.******.test_qos.QosSpecsTestJSON.test_create_delete_qos_with_front_end_consumer [0.192042s] ... ok
{0} tempest.api.volume.******.test_qos.QosSpecsTestJSON.test_get_qos [0.026015s] ... ok
{0} tempest.api.volume.******.test_qos.QosSpecsTestJSON.test_list_qos [0.030737s] ... ok
{0} tempest.api.volume.******.test_qos.QosSpecsTestJSON.test_set_unset_qos_key [0.189602s] ... ok
{0} tempest.api.volume.******.test_snapshots_actions.SnapshotsActionsTest.test_reset_snapshot_status [0.282194s] ... ok
{0} tempest.api.volume.******.test_snapshots_actions.SnapshotsActionsTest.test_snapshot_force_delete_when_snapshot_is_creating [2.627091s] ... ok
{0} tempest.api.volume.******.test_snapshots_actions.SnapshotsActionsTest.test_snapshot_force_delete_when_snapshot_is_deleting [2.606490s] ... ok
{0} tempest.api.volume.******.test_snapshots_actions.SnapshotsActionsTest.test_snapshot_force_delete_when_snapshot_is_error [2.600712s] ... ok
{0} tempest.api.volume.******.test_snapshots_actions.SnapshotsActionsTest.test_snapshot_force_delete_when_snapshot_is_error_deleting [2.593859s] ... ok
{0} tempest.api.volume.******.test_snapshots_actions.SnapshotsActionsTest.test_update_snapshot_status [0.260918s] ... ok
{0} tempest.api.volume.******.test_user_messages.UserMessagesTest.test_delete_message [2.348220s] ... ok
{0} tempest.api.volume.******.test_user_messages.UserMessagesTest.test_list_show_messages [2.081799s] ... ok
{0} tempest.api.volume.******.test_volume_hosts.VolumeHostsAdminTestsJSON.test_list_hosts [0.177427s] ... ok
{0} tempest.api.volume.******.test_volume_hosts.VolumeHostsAdminTestsJSON.test_show_host [0.298900s] ... ok
{0} setUpClass (tempest.api.volume.******.test_volume_manage.VolumeManageAdminTest) ... SKIPPED: Manage volume tests are disabled
{0} tempest.api.volume.******.test_volume_pools.VolumePoolsAdminTestsJSON.test_get_pools_with_details [0.663029s] ... ok
{0} tempest.api.volume.******.test_volume_pools.VolumePoolsAdminTestsJSON.test_get_pools_without_details [0.523703s] ... ok
{0} tempest.api.volume.******.test_volume_quota_classes.VolumeQuotaClassesTest.test_show_default_quota [0.184966s] ... ok
{0} tempest.api.volume.******.test_volume_quota_classes.VolumeQuotaClassesTest.test_update_default_quota [0.999001s] ... ok
{0} tempest.api.volume.******.test_volume_quotas.VolumeQuotasAdminTestJSON.test_delete_quota [0.414667s] ... ok
{0} tempest.api.volume.******.test_volume_quotas.VolumeQuotasAdminTestJSON.test_list_default_quotas [0.045728s] ... ok
{0} tempest.api.volume.******.test_volume_quotas.VolumeQuotasAdminTestJSON.test_list_quotas [0.050328s] ... ok
{0} tempest.api.volume.******.test_volume_quotas.VolumeQuotasAdminTestJSON.test_quota_usage [3.133062s] ... ok
{0} tempest.api.volume.******.test_volume_quotas.VolumeQuotasAdminTestJSON.test_quota_usage_after_volume_transfer [4.327177s] ... ok
{0} tempest.api.volume.******.test_volume_quotas.VolumeQuotasAdminTestJSON.test_show_quota_usage [0.083281s] ... ok
{0} tempest.api.volume.******.test_volume_quotas.VolumeQuotasAdminTestJSON.test_update_all_quota_resources_for_tenant [0.359257s] ... ok
{0} tempest.api.volume.******.test_volume_quotas_negative.VolumeQuotasNegativeTestJSON.test_quota_volume_gigabytes [0.404830s] ... ok
{0} tempest.api.volume.******.test_volume_quotas_negative.VolumeQuotasNegativeTestJSON.test_quota_volumes [0.369662s] ... ok
{0} tempest.api.volume.******.test_volume_quotas_negative.VolumeQuotasNegativeTestJSON.test_volume_extend_gigabytes_quota_deviation [0.207587s] ... ok
{0} tempest.api.volume.******.test_volume_retype.VolumeRetypeMultiattachTest.test_volume_retype_multiattach [6.114117s] ... ok
{0} tempest.api.volume.******.test_volume_retype.VolumeRetypeWithoutMigrationTest.test_available_volume_retype [4.477725s] ... ok
{0} tempest.api.volume.******.test_volume_services.VolumesServicesTestJSON.test_get_service_by_host_name [0.034519s] ... ok
{0} tempest.api.volume.******.test_volume_services.VolumesServicesTestJSON.test_get_service_by_service_and_host_name [0.032130s] ... ok
{0} tempest.api.volume.******.test_volume_services.VolumesServicesTestJSON.test_get_service_by_service_binary_name [0.025610s] ... ok
{0} tempest.api.volume.******.test_volume_services.VolumesServicesTestJSON.test_get_service_by_volume_host_name [3.071185s] ... ok
{0} tempest.api.volume.******.test_volume_services.VolumesServicesTestJSON.test_list_services [0.029440s] ... ok
{0} tempest.api.volume.******.test_volume_services_negative.VolumeServicesNegativeTest.test_disable_log_reason_with_no_reason [0.019129s] ... ok
{0} tempest.api.volume.******.test_volume_services_negative.VolumeServicesNegativeTest.test_disable_service_with_invalid_binary [0.030948s] ... ok
{0} tempest.api.volume.******.test_volume_services_negative.VolumeServicesNegativeTest.test_enable_service_with_invalid_host [0.030773s] ... ok
{0} tempest.api.volume.******.test_volume_services_negative.VolumeServicesNegativeTest.test_freeze_host_with_invalid_host [0.025678s] ... ok
{0} tempest.api.volume.******.test_volume_services_negative.VolumeServicesNegativeTest.test_thaw_host_with_invalid_host [0.032365s] ... ok
{0} tempest.api.volume.******.test_volume_snapshot_quotas_negative.VolumeSnapshotQuotasNegativeTestJSON.test_quota_volume_gigabytes_snapshots [0.319403s] ... ok
{0} tempest.api.volume.******.test_volume_snapshot_quotas_negative.VolumeSnapshotQuotasNegativeTestJSON.test_quota_volume_snapshots [0.079769s] ... ok
{0} tempest.api.volume.******.test_volume_type_access.VolumeTypesAccessTest.test_volume_type_access_add [3.392160s] ... ok
{0} tempest.api.volume.******.test_volume_type_access.VolumeTypesAccessTest.test_volume_type_access_list [0.323594s] ... ok
{0} tempest.api.volume.******.test_volume_types.VolumeTypesTest.test_volume_crud_with_volume_type_and_extra_specs [4.799205s] ... ok
{0} tempest.api.volume.******.test_volume_types.VolumeTypesTest.test_volume_type_create_get_delete [0.173309s] ... ok
{0} tempest.api.volume.******.test_volume_types.VolumeTypesTest.test_volume_type_encryption_create_get_update_delete [0.502875s] ... ok
{0} tempest.api.volume.******.test_volume_types.VolumeTypesTest.test_volume_type_list [0.313783s] ... ok
{0} tempest.api.volume.******.test_volume_types.VolumeTypesTest.test_volume_type_update [0.217688s] ... ok
{0} tempest.api.volume.******.test_volume_types_extra_specs.VolumeTypesExtraSpecsTest.test_volume_type_extra_spec_create_get_delete [0.254946s] ... ok
{0} tempest.api.volume.******.test_volume_types_extra_specs.VolumeTypesExtraSpecsTest.test_volume_type_extra_specs_list [0.087731s] ... ok
{0} tempest.api.volume.******.test_volume_types_extra_specs.VolumeTypesExtraSpecsTest.test_volume_type_extra_specs_update [0.309444s] ... ok
{0} tempest.api.volume.******.test_volume_types_extra_specs_negative.ExtraSpecsNegativeTest.test_create_invalid_body [0.022653s] ... ok
{0} tempest.api.volume.******.test_volume_types_extra_specs_negative.ExtraSpecsNegativeTest.test_create_none_body [0.019602s] ... ok
{0} tempest.api.volume.******.test_volume_types_extra_specs_negative.ExtraSpecsNegativeTest.test_create_nonexistent_type_id [0.346465s] ... ok
{0} tempest.api.volume.******.test_volume_types_extra_specs_negative.ExtraSpecsNegativeTest.test_delete_nonexistent_volume_type_id [0.024512s] ... ok
{0} tempest.api.volume.******.test_volume_types_extra_specs_negative.ExtraSpecsNegativeTest.test_get_nonexistent_extra_spec_name [0.027633s] ... ok
{0} tempest.api.volume.******.test_volume_types_extra_specs_negative.ExtraSpecsNegativeTest.test_get_nonexistent_volume_type_id [0.022999s] ... ok
{0} tempest.api.volume.******.test_volume_types_extra_specs_negative.ExtraSpecsNegativeTest.test_list_nonexistent_volume_type_id [0.022143s] ... ok
{0} tempest.api.volume.******.test_volume_types_extra_specs_negative.ExtraSpecsNegativeTest.test_update_multiple_extra_spec [0.019543s] ... ok
{0} tempest.api.volume.******.test_volume_types_extra_specs_negative.ExtraSpecsNegativeTest.test_update_no_body [0.017107s] ... ok
{0} tempest.api.volume.******.test_volume_types_extra_specs_negative.ExtraSpecsNegativeTest.test_update_none_extra_spec_id [0.043649s] ... ok
{0} tempest.api.volume.******.test_volume_types_extra_specs_negative.ExtraSpecsNegativeTest.test_update_nonexistent_extra_spec_id [0.039261s] ... ok
{0} tempest.api.volume.******.test_volume_types_extra_specs_negative.ExtraSpecsNegativeTest.test_update_nonexistent_type_id [0.038325s] ... ok
{0} tempest.api.volume.******.test_volume_types_negative.VolumeTypesNegativeTest.test_create_volume_type_encryption_nonexistent_type_id [0.184481s] ... ok
{0} tempest.api.volume.******.test_volume_types_negative.VolumeTypesNegativeTest.test_create_volume_with_private_volume_type [0.299654s] ... ok
{0} tempest.api.volume.******.test_volume_types_negative.VolumeTypesNegativeTest.test_create_with_empty_name [0.019264s] ... ok
{0} tempest.api.volume.******.test_volume_types_negative.VolumeTypesNegativeTest.test_create_with_repeated_name [0.170249s] ... ok
{0} tempest.api.volume.******.test_volume_types_negative.VolumeTypesNegativeTest.test_delete_nonexistent_type_id [0.024684s] ... ok
{0} tempest.api.volume.******.test_volume_types_negative.VolumeTypesNegativeTest.test_get_nonexistent_type_id [0.023501s] ... ok
{0} tempest.api.volume.******.test_volumes_list.VolumesListAdminTestJSON.test_volume_list_param_tenant [1.885458s] ... ok
{0} tempest.api.volume.test_availability_zone.AvailabilityZoneTestJSON.test_get_availability_zone_list [0.170967s] ... ok
{0} tempest.api.volume.test_extensions.ExtensionsTestJSON.test_list_extensions [0.158248s] ... ok
{0} tempest.api.volume.test_snapshot_metadata.SnapshotMetadataTestJSON.test_crud_snapshot_metadata [0.374379s] ... ok
{0} tempest.api.volume.test_snapshot_metadata.SnapshotMetadataTestJSON.test_update_show_snapshot_metadata_item [0.320517s] ... ok
{0} tempest.api.volume.test_versions.VersionsTest.test_list_versions [0.017429s] ... ok
{0} tempest.api.volume.test_versions.VersionsTest.test_show_version [0.173364s] ... ok
{0} tempest.api.volume.test_volume_absolute_limits.AbsoluteLimitsTests.test_get_volume_absolute_limits [0.070085s] ... ok
{0} tempest.api.volume.test_volume_delete_cascade.VolumesDeleteCascade.test_volume_delete_cascade [6.724430s] ... ok
{0} tempest.api.volume.test_volume_delete_cascade.VolumesDeleteCascade.test_volume_from_snapshot_cascade_delete [10.547518s] ... ok
{0} tempest.api.volume.test_volume_metadata.VolumesMetadataTest.test_crud_volume_metadata [0.394149s] ... ok
{0} tempest.api.volume.test_volume_metadata.VolumesMetadataTest.test_update_show_volume_metadata_item [0.261511s] ... ok
{0} tempest.api.volume.test_volume_transfers.VolumesTransfersTest.test_create_get_list_accept_volume_transfer [4.539379s] ... ok
{0} tempest.api.volume.test_volume_transfers.VolumesTransfersTest.test_create_list_delete_volume_transfer [3.118311s] ... ok
{0} tempest.api.volume.test_volume_transfers.VolumesTransfersV355Test.test_create_get_list_accept_volume_transfer [4.563223s] ... ok
{0} tempest.api.volume.test_volume_transfers.VolumesTransfersV355Test.test_create_list_delete_volume_transfer [3.108473s] ... ok
{0} tempest.api.volume.test_volume_transfers.VolumesTransfersV357Test.test_create_get_list_accept_volume_transfer [4.555270s] ... ok
{0} tempest.api.volume.test_volume_transfers.VolumesTransfersV357Test.test_create_list_delete_volume_transfer [3.070284s] ... ok
{0} tempest.api.volume.test_volumes_clone.VolumesCloneTest.test_create_from_volume [6.024091s] ... ok
{0} tempest.api.volume.test_volumes_clone_negative.VolumesCloneNegativeTest.test_create_from_volume_decreasing_size [3.063193s] ... ok
{0} tempest.api.volume.test_volumes_get.VolumesGetTest.test_volume_create_get_update_delete [6.168745s] ... ok
{0} tempest.api.volume.test_volumes_get.VolumesGetTest.test_volume_create_get_update_delete_as_clone [10.992637s] ... ok
{0} tempest.api.volume.test_volumes_get.VolumesSummaryTest.test_show_volume_summary [0.179776s] ... ok
{0} tempest.api.volume.test_volumes_list.VolumesListTestJSON.test_volume_list [0.041269s] ... ok
{0} tempest.api.volume.test_volumes_list.VolumesListTestJSON.test_volume_list_by_name [0.106776s] ... ok
{0} tempest.api.volume.test_volumes_list.VolumesListTestJSON.test_volume_list_details_by_name [0.138897s] ... ok
{0} tempest.api.volume.test_volumes_list.VolumesListTestJSON.test_volume_list_details_pagination [0.425580s] ... ok
{0} tempest.api.volume.test_volumes_list.VolumesListTestJSON.test_volume_list_details_with_multiple_params [0.282209s] ... ok
{0} tempest.api.volume.test_volumes_list.VolumesListTestJSON.test_volume_list_pagination [0.189814s] ... ok
{0} tempest.api.volume.test_volumes_list.VolumesListTestJSON.test_volume_list_param_display_name_and_status [0.111918s] ... ok
{0} tempest.api.volume.test_volumes_list.VolumesListTestJSON.test_volume_list_with_detail_param_display_name_and_status [0.135348s] ... ok
{0} tempest.api.volume.test_volumes_list.VolumesListTestJSON.test_volume_list_with_detail_param_marker [0.144922s] ... ok
{0} tempest.api.volume.test_volumes_list.VolumesListTestJSON.test_volume_list_with_detail_param_metadata [0.157941s] ... ok
{0} tempest.api.volume.test_volumes_list.VolumesListTestJSON.test_volume_list_with_details [0.064448s] ... ok
{0} tempest.api.volume.test_volumes_list.VolumesListTestJSON.test_volume_list_with_param_metadata [0.050774s] ... ok
{0} tempest.api.volume.test_volumes_list.VolumesListTestJSON.test_volumes_list_by_availability_zone [0.230912s] ... ok
{0} tempest.api.volume.test_volumes_list.VolumesListTestJSON.test_volumes_list_by_bootable [0.220114s] ... ok
{0} tempest.api.volume.test_volumes_list.VolumesListTestJSON.test_volumes_list_by_status [0.228000s] ... ok
{0} tempest.api.volume.test_volumes_list.VolumesListTestJSON.test_volumes_list_details_by_availability_zone [0.068063s] ... ok
{0} tempest.api.volume.test_volumes_list.VolumesListTestJSON.test_volumes_list_details_by_bootable [0.064774s] ... ok
{0} tempest.api.volume.test_volumes_list.VolumesListTestJSON.test_volumes_list_details_by_status [0.069071s] ... ok
{0} tempest.api.volume.test_volumes_negative.VolumesNegativeTest.test_create_volume_from_deactivated_image [2.874422s] ... ok
{0} tempest.api.volume.test_volumes_negative.VolumesNegativeTest.test_create_volume_from_image_with_decreasing_size [2.522712s] ... ok
{0} tempest.api.volume.test_volumes_negative.VolumesNegativeTest.test_create_volume_with_invalid_size [0.018938s] ... ok
{0} tempest.api.volume.test_volumes_negative.VolumesNegativeTest.test_create_volume_with_nonexistent_snapshot_id [0.020235s] ... ok
{0} tempest.api.volume.test_volumes_negative.VolumesNegativeTest.test_create_volume_with_nonexistent_source_volid [0.033752s] ... ok
{0} tempest.api.volume.test_volumes_negative.VolumesNegativeTest.test_create_volume_with_nonexistent_volume_type [0.028090s] ... ok
{0} tempest.api.volume.test_volumes_negative.VolumesNegativeTest.test_create_volume_with_size_negative [0.017866s] ... ok
{0} tempest.api.volume.test_volumes_negative.VolumesNegativeTest.test_create_volume_with_size_zero [0.015746s] ... ok
{0} tempest.api.volume.test_volumes_negative.VolumesNegativeTest.test_create_volume_without_passing_size [0.017397s] ... ok
{0} tempest.api.volume.test_volumes_negative.VolumesNegativeTest.test_delete_invalid_volume_id [0.025314s] ... ok
{0} tempest.api.volume.test_volumes_negative.VolumesNegativeTest.test_delete_volume_without_passing_volume_id [0.011122s] ... ok
{0} tempest.api.volume.test_volumes_negative.VolumesNegativeTest.test_detach_volumes_with_invalid_volume_id [0.029780s] ... ok
{0} tempest.api.volume.test_volumes_negative.VolumesNegativeTest.test_get_invalid_volume_id [0.026316s] ... ok
{0} tempest.api.volume.test_volumes_negative.VolumesNegativeTest.test_get_volume_without_passing_volume_id [0.013003s] ... ok
{0} tempest.api.volume.test_volumes_negative.VolumesNegativeTest.test_list_volumes_detail_with_invalid_status [0.056620s] ... ok
{0} tempest.api.volume.test_volumes_negative.VolumesNegativeTest.test_list_volumes_detail_with_nonexistent_name [0.053537s] ... ok
{0} tempest.api.volume.test_volumes_negative.VolumesNegativeTest.test_list_volumes_with_invalid_status [0.037596s] ... ok
{0} tempest.api.volume.test_volumes_negative.VolumesNegativeTest.test_list_volumes_with_nonexistent_name [0.036729s] ... ok
{0} tempest.api.volume.test_volumes_negative.VolumesNegativeTest.test_reserve_volume_with_negative_volume_status [0.161204s] ... ok
{0} tempest.api.volume.test_volumes_negative.VolumesNegativeTest.test_reserve_volume_with_nonexistent_volume_id [0.033836s] ... ok
{0} tempest.api.volume.test_volumes_negative.VolumesNegativeTest.test_unreserve_volume_with_nonexistent_volume_id [0.032462s] ... ok
{0} tempest.api.volume.test_volumes_negative.VolumesNegativeTest.test_update_volume_with_empty_volume_id [0.012428s] ... ok
{0} tempest.api.volume.test_volumes_negative.VolumesNegativeTest.test_update_volume_with_invalid_volume_id [0.029200s] ... ok
{0} tempest.api.volume.test_volumes_negative.VolumesNegativeTest.test_update_volume_with_nonexistent_volume_id [0.030082s] ... ok
{0} tempest.api.volume.test_volumes_negative.VolumesNegativeTest.test_volume_delete_nonexistent_volume_id [0.027089s] ... ok
{0} tempest.api.volume.test_volumes_negative.VolumesNegativeTest.test_volume_extend_with_None_size [0.017661s] ... ok
{0} tempest.api.volume.test_volumes_negative.VolumesNegativeTest.test_volume_extend_with_non_number_size [0.018204s] ... ok
{0} tempest.api.volume.test_volumes_negative.VolumesNegativeTest.test_volume_extend_with_nonexistent_volume_id [0.031902s] ... ok
{0} tempest.api.volume.test_volumes_negative.VolumesNegativeTest.test_volume_extend_with_size_smaller_than_original_size [0.018736s] ... ok
{0} tempest.api.volume.test_volumes_negative.VolumesNegativeTest.test_volume_extend_without_passing_volume_id [0.034296s] ... ok
{0} tempest.api.volume.test_volumes_negative.VolumesNegativeTest.test_volume_get_nonexistent_volume_id [0.032401s] ... ok
{0} tempest.api.volume.test_volumes_snapshots_list.VolumesSnapshotListTestJSON.test_snapshot_list_param_limit [0.033189s] ... ok
{0} tempest.api.volume.test_volumes_snapshots_list.VolumesSnapshotListTestJSON.test_snapshot_list_param_limit_equals_infinite [0.068875s] ... ok
{0} tempest.api.volume.test_volumes_snapshots_list.VolumesSnapshotListTestJSON.test_snapshot_list_param_limit_equals_zero [0.029322s] ... ok
{0} tempest.api.volume.test_volumes_snapshots_list.VolumesSnapshotListTestJSON.test_snapshot_list_param_marker [0.106018s] ... ok
{0} tempest.api.volume.test_volumes_snapshots_list.VolumesSnapshotListTestJSON.test_snapshot_list_param_offset [0.056381s] ... ok
{0} tempest.api.volume.test_volumes_snapshots_list.VolumesSnapshotListTestJSON.test_snapshot_list_param_sort_created_at_asc [0.055651s] ... ok
{0} tempest.api.volume.test_volumes_snapshots_list.VolumesSnapshotListTestJSON.test_snapshot_list_param_sort_created_at_desc [0.035824s] ... ok
{0} tempest.api.volume.test_volumes_snapshots_list.VolumesSnapshotListTestJSON.test_snapshot_list_param_sort_id_asc [0.057931s] ... ok
{0} tempest.api.volume.test_volumes_snapshots_list.VolumesSnapshotListTestJSON.test_snapshot_list_param_sort_id_desc [0.054521s] ... ok
{0} tempest.api.volume.test_volumes_snapshots_list.VolumesSnapshotListTestJSON.test_snapshot_list_param_sort_name_asc [0.056373s] ... ok
{0} tempest.api.volume.test_volumes_snapshots_list.VolumesSnapshotListTestJSON.test_snapshot_list_param_sort_name_desc [0.056816s] ... ok
{0} tempest.api.volume.test_volumes_snapshots_list.VolumesSnapshotListTestJSON.test_snapshots_list_details_with_params [0.181540s] ... ok
{0} tempest.api.volume.test_volumes_snapshots_list.VolumesSnapshotListTestJSON.test_snapshots_list_with_params [0.166206s] ... ok
{0} tempest.api.volume.test_volumes_snapshots_negative.VolumesSnapshotNegativeTestJSON.test_create_snapshot_with_nonexistent_volume_id [0.171833s] ... ok
{0} tempest.api.volume.test_volumes_snapshots_negative.VolumesSnapshotNegativeTestJSON.test_create_snapshot_without_passing_volume_id [0.330173s] ... ok
{0} tempest.api.volume.test_volumes_snapshots_negative.VolumesSnapshotNegativeTestJSON.test_list_snapshot_invalid_param_limit [0.012252s] ... ok
{0} tempest.api.volume.test_volumes_snapshots_negative.VolumesSnapshotNegativeTestJSON.test_list_snapshots_invalid_param_marker [0.027084s] ... ok
{0} tempest.api.volume.test_volumes_snapshots_negative.VolumesSnapshotNegativeTestJSON.test_list_snapshots_invalid_param_sort [0.018307s] ... ok
{0} tempest.api.volume.test_volumes_snapshots_negative.VolumesSnapshotNegativeTestJSON.test_volume_from_snapshot_decreasing_size [5.370888s] ... ok

======
Totals
======
Ran: 204 tests in 512.8792 sec.
 - Passed: 197
 - Skipped: 7
 - Expected Fail: 0
 - Unexpected Success: 0
 - Failed: 0
Sum of execute time for each test: 225.8716 sec.

==============
Worker Balance
==============
 - Worker 0 (204 tests) => 0:08:32.879158
