{0} setUpClass (tempest.api.compute.******.test_live_migration.LiveAutoBlockMigrationV225Test) ... SKIPPED: Less than 2 compute nodes, skipping migration test.
{0} setUpClass (tempest.api.compute.******.test_live_migration.LiveMigrationTest) ... SKIPPED: Less than 2 compute nodes, skipping migration test.
{0} setUpClass (tempest.api.compute.******.test_live_migration.LiveMigrationWithoutHostTest) ... SKIPPED: Less than 2 compute nodes, skipping migration test.
{0} setUpClass (tempest.api.compute.servers.test_server_rescue.ServerBootFromVolumeStableRescueTest) ... SKIPPED: Stable rescue not available.
{0} setUpClass (tempest.api.compute.servers.test_server_rescue.ServerStableDeviceRescueTest) ... SKIPPED: Stable rescue not available.
{0} tempest.api.compute.volumes.test_volume_snapshots.VolumesSnapshotsTestJSON.test_volume_snapshot_create_get_list_delete [5.917329s] ... ok
{0} tempest.api.compute.volumes.test_volumes_get.VolumesGetTestJSON.test_volume_create_get_delete [2.161677s] ... ok
{0} tempest.api.compute.volumes.test_volumes_list.VolumesTestJSON.test_volume_list [0.160734s] ... ok
{0} tempest.api.compute.volumes.test_volumes_list.VolumesTestJSON.test_volume_list_param_limit [0.140546s] ... ok
{0} tempest.api.compute.volumes.test_volumes_list.VolumesTestJSON.test_volume_list_param_offset_and_limit [0.169522s] ... ok
{0} tempest.api.compute.volumes.test_volumes_list.VolumesTestJSON.test_volume_list_with_detail_param_limit [0.291565s] ... ok
{0} tempest.api.compute.volumes.test_volumes_list.VolumesTestJSON.test_volume_list_with_detail_param_offset_and_limit [0.162405s] ... ok
{0} tempest.api.compute.volumes.test_volumes_list.VolumesTestJSON.test_volume_list_with_details [0.084926s] ... ok
{0} tempest.api.compute.volumes.test_volumes_negative.VolumesNegativeTest.test_create_volume_with_invalid_size [0.216391s] ... ok
{0} tempest.api.compute.volumes.test_volumes_negative.VolumesNegativeTest.test_create_volume_with_size_zero [0.017625s] ... ok
{0} tempest.api.compute.volumes.test_volumes_negative.VolumesNegativeTest.test_create_volume_without_passing_size [0.017062s] ... ok
{0} tempest.api.compute.volumes.test_volumes_negative.VolumesNegativeTest.test_delete_invalid_volume_id [0.051941s] ... ok
{0} tempest.api.compute.volumes.test_volumes_negative.VolumesNegativeTest.test_delete_volume_without_passing_volume_id [0.012318s] ... ok
{0} tempest.api.compute.volumes.test_volumes_negative.VolumesNegativeTest.test_get_volume_without_passing_volume_id [0.011309s] ... ok
{0} tempest.api.compute.volumes.test_volumes_negative.VolumesNegativeTest.test_volume_delete_nonexistent_volume_id [0.046876s] ... ok
{0} tempest.api.compute.volumes.test_volumes_negative.VolumesNegativeTest.test_volume_get_nonexistent_volume_id [0.053718s] ... ok
{0} tempest.api.volume.******.test_backends_capabilities.BackendsCapabilitiesAdminTestsJSON.test_compare_volume_stats_values [0.157989s] ... ok
{0} tempest.api.volume.******.test_backends_capabilities.BackendsCapabilitiesAdminTestsJSON.test_get_capabilities_backend [0.040356s] ... ok
{0} setUpClass (tempest.api.volume.******.test_encrypted_volumes_extend.EncryptedVolumesExtendAttachedTest) ... SKIPPED: Attached encrypted volume extend is disabled.
{0} tempest.api.volume.******.test_group_snapshots.GroupSnapshotsTest.test_create_group_from_group_snapshot [11.315647s] ... ok
{0} tempest.api.volume.******.test_group_snapshots.GroupSnapshotsTest.test_delete_group_snapshots_following_updated_volumes [15.167583s] ... ok
{0} tempest.api.volume.******.test_group_snapshots.GroupSnapshotsTest.test_group_snapshot_create_show_list_delete [6.832106s] ... ok
{0} tempest.api.volume.******.test_group_snapshots.GroupSnapshotsV319Test.test_reset_group_snapshot_status [7.506755s] ... ok
{0} tempest.api.volume.******.test_group_type_specs.GroupTypeSpecsTest.test_group_type_specs_create_show_update_list_delete [0.709596s] ... ok
{0} tempest.api.volume.******.test_group_types.GroupTypesTest.test_group_type_create_list_update_show_delete [0.358519s] ... ok
{0} tempest.api.volume.******.test_group_types.GroupTypesTest.test_group_type_list_by_optional_params [0.315620s] ... ok
{0} tempest.api.volume.******.test_groups.GroupsTest.test_group_create_show_list_delete [8.403682s] ... ok
{0} tempest.api.volume.******.test_groups.GroupsTest.test_group_update [10.183819s] ... ok
{0} tempest.api.volume.******.test_groups.GroupsV314Test.test_create_group_from_group [10.747251s] ... ok
{0} tempest.api.volume.******.test_groups.GroupsV320Test.test_reset_group_status [3.319258s] ... ok
{0} tempest.api.volume.******.test_multi_backend.VolumeMultiBackendTest.test_backend_name_distinction [0.143074s] ... ok
{0} tempest.api.volume.******.test_multi_backend.VolumeMultiBackendTest.test_backend_name_distinction_with_prefix [0.136592s] ... ok
{0} tempest.api.volume.******.test_multi_backend.VolumeMultiBackendTest.test_backend_name_reporting [0.136094s] ... ok
{0} tempest.api.volume.******.test_multi_backend.VolumeMultiBackendTest.test_backend_name_reporting_with_prefix [0.136153s] ... ok
{0} tempest.api.volume.******.test_qos.QosSpecsTestJSON.test_associate_disassociate_qos [0.792138s] ... ok
{0} tempest.api.volume.******.test_qos.QosSpecsTestJSON.test_create_delete_qos_with_back_end_consumer [0.201563s] ... ok
{0} tempest.api.volume.******.test_qos.QosSpecsTestJSON.test_create_delete_qos_with_both_consumer [0.191577s] ... ok
{0} tempest.api.volume.******.test_qos.QosSpecsTestJSON.test_create_delete_qos_with_front_end_consumer [0.177451s] ... ok
{0} tempest.api.volume.******.test_qos.QosSpecsTestJSON.test_get_qos [0.027850s] ... ok
{0} tempest.api.volume.******.test_qos.QosSpecsTestJSON.test_list_qos [0.030035s] ... ok
{0} tempest.api.volume.******.test_qos.QosSpecsTestJSON.test_set_unset_qos_key [0.182407s] ... ok
{0} tempest.api.volume.******.test_snapshots_actions.SnapshotsActionsTest.test_reset_snapshot_status [0.291864s] ... ok
{0} tempest.api.volume.******.test_snapshots_actions.SnapshotsActionsTest.test_snapshot_force_delete_when_snapshot_is_creating [2.720662s] ... ok
{0} tempest.api.volume.******.test_snapshots_actions.SnapshotsActionsTest.test_snapshot_force_delete_when_snapshot_is_deleting [2.646148s] ... ok
{0} tempest.api.volume.******.test_snapshots_actions.SnapshotsActionsTest.test_snapshot_force_delete_when_snapshot_is_error [2.626129s] ... ok
{0} tempest.api.volume.******.test_snapshots_actions.SnapshotsActionsTest.test_snapshot_force_delete_when_snapshot_is_error_deleting [2.645526s] ... ok
{0} tempest.api.volume.******.test_snapshots_actions.SnapshotsActionsTest.test_update_snapshot_status [0.266099s] ... ok
{0} tempest.api.volume.******.test_user_messages.UserMessagesTest.test_delete_message [2.416310s] ... ok
{0} tempest.api.volume.******.test_user_messages.UserMessagesTest.test_list_show_messages [2.130298s] ... ok
{0} tempest.api.volume.******.test_volume_hosts.VolumeHostsAdminTestsJSON.test_list_hosts [0.191915s] ... ok
{0} tempest.api.volume.******.test_volume_hosts.VolumeHostsAdminTestsJSON.test_show_host [0.271073s] ... ok
{0} setUpClass (tempest.api.volume.******.test_volume_manage.VolumeManageAdminTest) ... SKIPPED: Manage volume tests are disabled
{0} tempest.api.volume.******.test_volume_pools.VolumePoolsAdminTestsJSON.test_get_pools_with_details [0.186111s] ... ok
{0} tempest.api.volume.******.test_volume_pools.VolumePoolsAdminTestsJSON.test_get_pools_without_details [0.042317s] ... ok
{0} tempest.api.volume.******.test_volume_quota_classes.VolumeQuotaClassesTest.test_show_default_quota [0.175467s] ... ok
{0} tempest.api.volume.******.test_volume_quota_classes.VolumeQuotaClassesTest.test_update_default_quota [0.935449s] ... ok
{0} tempest.api.volume.******.test_volume_quotas.VolumeQuotasAdminTestJSON.test_delete_quota [0.408941s] ... ok
{0} tempest.api.volume.******.test_volume_quotas.VolumeQuotasAdminTestJSON.test_list_default_quotas [0.046484s] ... ok
{0} tempest.api.volume.******.test_volume_quotas.VolumeQuotasAdminTestJSON.test_list_quotas [0.054881s] ... ok
{0} tempest.api.volume.******.test_volume_quotas.VolumeQuotasAdminTestJSON.test_quota_usage [3.180668s] ... ok
{0} tempest.api.volume.******.test_volume_quotas.VolumeQuotasAdminTestJSON.test_quota_usage_after_volume_transfer [4.008837s] ... ok
{0} tempest.api.volume.******.test_volume_quotas.VolumeQuotasAdminTestJSON.test_show_quota_usage [0.069715s] ... ok
{0} tempest.api.volume.******.test_volume_quotas.VolumeQuotasAdminTestJSON.test_update_all_quota_resources_for_tenant [0.396173s] ... ok
{0} tempest.api.volume.******.test_volume_quotas_negative.VolumeQuotasNegativeTestJSON.test_quota_volume_gigabytes [0.393813s] ... ok
{0} tempest.api.volume.******.test_volume_quotas_negative.VolumeQuotasNegativeTestJSON.test_quota_volumes [0.366502s] ... ok
{0} tempest.api.volume.******.test_volume_quotas_negative.VolumeQuotasNegativeTestJSON.test_volume_extend_gigabytes_quota_deviation [0.228307s] ... ok
{0} tempest.api.volume.******.test_volume_retype.VolumeRetypeMultiattachTest.test_volume_retype_multiattach [6.126918s] ... ok
{0} tempest.api.volume.******.test_volume_retype.VolumeRetypeWithoutMigrationTest.test_available_volume_retype [4.690616s] ... ok
{0} tempest.api.volume.******.test_volume_services.VolumesServicesTestJSON.test_get_service_by_host_name [0.038491s] ... ok
{0} tempest.api.volume.******.test_volume_services.VolumesServicesTestJSON.test_get_service_by_service_and_host_name [0.035816s] ... ok
{0} tempest.api.volume.******.test_volume_services.VolumesServicesTestJSON.test_get_service_by_service_binary_name [0.032634s] ... ok
{0} tempest.api.volume.******.test_volume_services.VolumesServicesTestJSON.test_get_service_by_volume_host_name [3.135028s] ... ok
{0} tempest.api.volume.******.test_volume_services.VolumesServicesTestJSON.test_list_services [0.026915s] ... ok
{0} tempest.api.volume.******.test_volume_services_negative.VolumeServicesNegativeTest.test_disable_log_reason_with_no_reason [0.021940s] ... ok
{0} tempest.api.volume.******.test_volume_services_negative.VolumeServicesNegativeTest.test_disable_service_with_invalid_binary [0.032114s] ... ok
{0} tempest.api.volume.******.test_volume_services_negative.VolumeServicesNegativeTest.test_enable_service_with_invalid_host [0.035542s] ... ok
{0} tempest.api.volume.******.test_volume_services_negative.VolumeServicesNegativeTest.test_freeze_host_with_invalid_host [0.027126s] ... ok
{0} tempest.api.volume.******.test_volume_services_negative.VolumeServicesNegativeTest.test_thaw_host_with_invalid_host [0.030107s] ... ok
{0} tempest.api.volume.******.test_volume_snapshot_quotas_negative.VolumeSnapshotQuotasNegativeTestJSON.test_quota_volume_gigabytes_snapshots [0.324489s] ... ok
{0} tempest.api.volume.******.test_volume_snapshot_quotas_negative.VolumeSnapshotQuotasNegativeTestJSON.test_quota_volume_snapshots [0.089673s] ... ok
{0} tempest.api.volume.******.test_volume_type_access.VolumeTypesAccessTest.test_volume_type_access_add [3.362626s] ... ok
{0} tempest.api.volume.******.test_volume_type_access.VolumeTypesAccessTest.test_volume_type_access_list [0.312388s] ... ok
{0} tempest.api.volume.******.test_volume_types.VolumeTypesTest.test_volume_crud_with_volume_type_and_extra_specs [5.118480s] ... ok
{0} tempest.api.volume.******.test_volume_types.VolumeTypesTest.test_volume_type_create_get_delete [0.176124s] ... ok
{0} tempest.api.volume.******.test_volume_types.VolumeTypesTest.test_volume_type_encryption_create_get_update_delete [0.505568s] ... ok
{0} tempest.api.volume.******.test_volume_types.VolumeTypesTest.test_volume_type_list [0.056915s] ... ok
{0} tempest.api.volume.******.test_volume_types.VolumeTypesTest.test_volume_type_update [0.254650s] ... ok
{0} tempest.api.volume.******.test_volume_types_extra_specs.VolumeTypesExtraSpecsTest.test_volume_type_extra_spec_create_get_delete [0.251746s] ... ok
{0} tempest.api.volume.******.test_volume_types_extra_specs.VolumeTypesExtraSpecsTest.test_volume_type_extra_specs_list [0.092247s] ... ok
{0} tempest.api.volume.******.test_volume_types_extra_specs.VolumeTypesExtraSpecsTest.test_volume_type_extra_specs_update [0.345228s] ... ok
{0} tempest.api.volume.******.test_volume_types_extra_specs_negative.ExtraSpecsNegativeTest.test_create_invalid_body [0.030051s] ... ok
{0} tempest.api.volume.******.test_volume_types_extra_specs_negative.ExtraSpecsNegativeTest.test_create_none_body [0.018154s] ... ok
{0} tempest.api.volume.******.test_volume_types_extra_specs_negative.ExtraSpecsNegativeTest.test_create_nonexistent_type_id [0.070670s] ... ok
{0} tempest.api.volume.******.test_volume_types_extra_specs_negative.ExtraSpecsNegativeTest.test_delete_nonexistent_volume_type_id [0.028475s] ... ok
{0} tempest.api.volume.******.test_volume_types_extra_specs_negative.ExtraSpecsNegativeTest.test_get_nonexistent_extra_spec_name [0.037157s] ... ok
{0} tempest.api.volume.******.test_volume_types_extra_specs_negative.ExtraSpecsNegativeTest.test_get_nonexistent_volume_type_id [0.025777s] ... ok
{0} tempest.api.volume.******.test_volume_types_extra_specs_negative.ExtraSpecsNegativeTest.test_list_nonexistent_volume_type_id [0.023387s] ... ok
{0} tempest.api.volume.******.test_volume_types_extra_specs_negative.ExtraSpecsNegativeTest.test_update_multiple_extra_spec [0.019559s] ... ok
{0} tempest.api.volume.******.test_volume_types_extra_specs_negative.ExtraSpecsNegativeTest.test_update_no_body [0.018892s] ... ok
{0} tempest.api.volume.******.test_volume_types_extra_specs_negative.ExtraSpecsNegativeTest.test_update_none_extra_spec_id [0.044778s] ... ok
{0} tempest.api.volume.******.test_volume_types_extra_specs_negative.ExtraSpecsNegativeTest.test_update_nonexistent_extra_spec_id [0.048585s] ... ok
{0} tempest.api.volume.******.test_volume_types_extra_specs_negative.ExtraSpecsNegativeTest.test_update_nonexistent_type_id [0.042999s] ... ok
{0} tempest.api.volume.******.test_volume_types_negative.VolumeTypesNegativeTest.test_create_volume_type_encryption_nonexistent_type_id [0.186024s] ... ok
{0} tempest.api.volume.******.test_volume_types_negative.VolumeTypesNegativeTest.test_create_volume_with_private_volume_type [0.307278s] ... ok
{0} tempest.api.volume.******.test_volume_types_negative.VolumeTypesNegativeTest.test_create_with_empty_name [0.018382s] ... ok
{0} tempest.api.volume.******.test_volume_types_negative.VolumeTypesNegativeTest.test_create_with_repeated_name [0.172236s] ... ok
{0} tempest.api.volume.******.test_volume_types_negative.VolumeTypesNegativeTest.test_delete_nonexistent_type_id [0.016754s] ... ok
{0} tempest.api.volume.******.test_volume_types_negative.VolumeTypesNegativeTest.test_get_nonexistent_type_id [0.021219s] ... ok
{0} tempest.api.volume.******.test_volumes_list.VolumesListAdminTestJSON.test_volume_list_param_tenant [1.934547s] ... ok
{0} tempest.api.volume.test_availability_zone.AvailabilityZoneTestJSON.test_get_availability_zone_list [0.156058s] ... ok
{0} tempest.api.volume.test_extensions.ExtensionsTestJSON.test_list_extensions [0.158280s] ... ok
{0} tempest.api.volume.test_snapshot_metadata.SnapshotMetadataTestJSON.test_crud_snapshot_metadata [0.360087s] ... ok
{0} tempest.api.volume.test_snapshot_metadata.SnapshotMetadataTestJSON.test_update_show_snapshot_metadata_item [0.328758s] ... ok
{0} tempest.api.volume.test_versions.VersionsTest.test_list_versions [0.015503s] ... ok
{0} tempest.api.volume.test_versions.VersionsTest.test_show_version [0.172415s] ... ok
{0} tempest.api.volume.test_volume_absolute_limits.AbsoluteLimitsTests.test_get_volume_absolute_limits [0.068109s] ... ok
{0} tempest.api.volume.test_volume_delete_cascade.VolumesDeleteCascade.test_volume_delete_cascade [6.726778s] ... ok
{0} tempest.api.volume.test_volume_delete_cascade.VolumesDeleteCascade.test_volume_from_snapshot_cascade_delete [10.416144s] ... ok
{0} tempest.api.volume.test_volume_metadata.VolumesMetadataTest.test_crud_volume_metadata [0.459369s] ... ok
{0} tempest.api.volume.test_volume_metadata.VolumesMetadataTest.test_update_show_volume_metadata_item [0.304327s] ... ok
{0} tempest.api.volume.test_volume_transfers.VolumesTransfersTest.test_create_get_list_accept_volume_transfer [4.256847s] ... ok
{0} tempest.api.volume.test_volume_transfers.VolumesTransfersTest.test_create_list_delete_volume_transfer [3.129991s] ... ok
{0} tempest.api.volume.test_volume_transfers.VolumesTransfersV355Test.test_create_get_list_accept_volume_transfer [4.058166s] ... ok
{0} tempest.api.volume.test_volume_transfers.VolumesTransfersV355Test.test_create_list_delete_volume_transfer [3.113007s] ... ok
{0} tempest.api.volume.test_volume_transfers.VolumesTransfersV357Test.test_create_get_list_accept_volume_transfer [4.077848s] ... ok
{0} tempest.api.volume.test_volume_transfers.VolumesTransfersV357Test.test_create_list_delete_volume_transfer [3.073142s] ... ok
{0} tempest.api.volume.test_volumes_clone.VolumesCloneTest.test_create_from_volume [6.013550s] ... ok
{0} tempest.api.volume.test_volumes_clone_negative.VolumesCloneNegativeTest.test_create_from_volume_decreasing_size [3.152227s] ... ok
{0} tempest.api.volume.test_volumes_get.VolumesGetTest.test_volume_create_get_update_delete [6.260088s] ... ok
{0} tempest.api.volume.test_volumes_get.VolumesGetTest.test_volume_create_get_update_delete_as_clone [12.071611s] ... ok
{0} tempest.api.volume.test_volumes_get.VolumesSummaryTest.test_show_volume_summary [0.176406s] ... ok
{0} tempest.api.volume.test_volumes_list.VolumesListTestJSON.test_volume_list [0.044582s] ... ok
{0} tempest.api.volume.test_volumes_list.VolumesListTestJSON.test_volume_list_by_name [0.161068s] ... ok
{0} tempest.api.volume.test_volumes_list.VolumesListTestJSON.test_volume_list_details_by_name [0.130345s] ... ok
{0} tempest.api.volume.test_volumes_list.VolumesListTestJSON.test_volume_list_details_pagination [0.418875s] ... ok
{0} tempest.api.volume.test_volumes_list.VolumesListTestJSON.test_volume_list_details_with_multiple_params [0.277084s] ... ok
{0} tempest.api.volume.test_volumes_list.VolumesListTestJSON.test_volume_list_pagination [0.188137s] ... ok
{0} tempest.api.volume.test_volumes_list.VolumesListTestJSON.test_volume_list_param_display_name_and_status [0.134898s] ... ok
{0} tempest.api.volume.test_volumes_list.VolumesListTestJSON.test_volume_list_with_detail_param_display_name_and_status [0.155290s] ... ok
{0} tempest.api.volume.test_volumes_list.VolumesListTestJSON.test_volume_list_with_detail_param_marker [0.153224s] ... ok
{0} tempest.api.volume.test_volumes_list.VolumesListTestJSON.test_volume_list_with_detail_param_metadata [0.161196s] ... ok
{0} tempest.api.volume.test_volumes_list.VolumesListTestJSON.test_volume_list_with_details [0.068212s] ... ok
{0} tempest.api.volume.test_volumes_list.VolumesListTestJSON.test_volume_list_with_param_metadata [0.047871s] ... ok
{0} tempest.api.volume.test_volumes_list.VolumesListTestJSON.test_volumes_list_by_availability_zone [0.243587s] ... ok
{0} tempest.api.volume.test_volumes_list.VolumesListTestJSON.test_volumes_list_by_bootable [0.263024s] ... ok
{0} tempest.api.volume.test_volumes_list.VolumesListTestJSON.test_volumes_list_by_status [0.238960s] ... ok
{0} tempest.api.volume.test_volumes_list.VolumesListTestJSON.test_volumes_list_details_by_availability_zone [0.062335s] ... ok
{0} tempest.api.volume.test_volumes_list.VolumesListTestJSON.test_volumes_list_details_by_bootable [0.063851s] ... ok
{0} tempest.api.volume.test_volumes_list.VolumesListTestJSON.test_volumes_list_details_by_status [0.066861s] ... ok
{0} tempest.api.volume.test_volumes_negative.VolumesNegativeTest.test_create_volume_from_deactivated_image [2.760000s] ... ok
{0} tempest.api.volume.test_volumes_negative.VolumesNegativeTest.test_create_volume_from_image_with_decreasing_size [2.320856s] ... ok
{0} tempest.api.volume.test_volumes_negative.VolumesNegativeTest.test_create_volume_with_invalid_size [0.017529s] ... ok
{0} tempest.api.volume.test_volumes_negative.VolumesNegativeTest.test_create_volume_with_nonexistent_snapshot_id [0.031749s] ... ok
{0} tempest.api.volume.test_volumes_negative.VolumesNegativeTest.test_create_volume_with_nonexistent_source_volid [0.036439s] ... ok
{0} tempest.api.volume.test_volumes_negative.VolumesNegativeTest.test_create_volume_with_nonexistent_volume_type [0.033544s] ... ok
{0} tempest.api.volume.test_volumes_negative.VolumesNegativeTest.test_create_volume_with_size_negative [0.018103s] ... ok
{0} tempest.api.volume.test_volumes_negative.VolumesNegativeTest.test_create_volume_with_size_zero [0.017748s] ... ok
{0} tempest.api.volume.test_volumes_negative.VolumesNegativeTest.test_create_volume_without_passing_size [0.018323s] ... ok
{0} tempest.api.volume.test_volumes_negative.VolumesNegativeTest.test_delete_invalid_volume_id [0.030408s] ... ok
{0} tempest.api.volume.test_volumes_negative.VolumesNegativeTest.test_delete_volume_without_passing_volume_id [0.012196s] ... ok
{0} tempest.api.volume.test_volumes_negative.VolumesNegativeTest.test_detach_volumes_with_invalid_volume_id [0.028733s] ... ok
{0} tempest.api.volume.test_volumes_negative.VolumesNegativeTest.test_get_invalid_volume_id [0.026789s] ... ok
{0} tempest.api.volume.test_volumes_negative.VolumesNegativeTest.test_get_volume_without_passing_volume_id [0.010815s] ... ok
{0} tempest.api.volume.test_volumes_negative.VolumesNegativeTest.test_list_volumes_detail_with_invalid_status [0.055315s] ... ok
{0} tempest.api.volume.test_volumes_negative.VolumesNegativeTest.test_list_volumes_detail_with_nonexistent_name [0.052102s] ... ok
{0} tempest.api.volume.test_volumes_negative.VolumesNegativeTest.test_list_volumes_with_invalid_status [0.034904s] ... ok
{0} tempest.api.volume.test_volumes_negative.VolumesNegativeTest.test_list_volumes_with_nonexistent_name [0.035122s] ... ok
{0} tempest.api.volume.test_volumes_negative.VolumesNegativeTest.test_reserve_volume_with_negative_volume_status [0.166911s] ... ok
{0} tempest.api.volume.test_volumes_negative.VolumesNegativeTest.test_reserve_volume_with_nonexistent_volume_id [0.032511s] ... ok
{0} tempest.api.volume.test_volumes_negative.VolumesNegativeTest.test_unreserve_volume_with_nonexistent_volume_id [0.035531s] ... ok
{0} tempest.api.volume.test_volumes_negative.VolumesNegativeTest.test_update_volume_with_empty_volume_id [0.013968s] ... ok
{0} tempest.api.volume.test_volumes_negative.VolumesNegativeTest.test_update_volume_with_invalid_volume_id [0.030507s] ... ok
{0} tempest.api.volume.test_volumes_negative.VolumesNegativeTest.test_update_volume_with_nonexistent_volume_id [0.032679s] ... ok
{0} tempest.api.volume.test_volumes_negative.VolumesNegativeTest.test_volume_delete_nonexistent_volume_id [0.029682s] ... ok
{0} tempest.api.volume.test_volumes_negative.VolumesNegativeTest.test_volume_extend_with_None_size [0.016642s] ... ok
{0} tempest.api.volume.test_volumes_negative.VolumesNegativeTest.test_volume_extend_with_non_number_size [0.016495s] ... ok
{0} tempest.api.volume.test_volumes_negative.VolumesNegativeTest.test_volume_extend_with_nonexistent_volume_id [0.027915s] ... ok
{0} tempest.api.volume.test_volumes_negative.VolumesNegativeTest.test_volume_extend_with_size_smaller_than_original_size [0.016618s] ... ok
{0} tempest.api.volume.test_volumes_negative.VolumesNegativeTest.test_volume_extend_without_passing_volume_id [0.031775s] ... ok
{0} tempest.api.volume.test_volumes_negative.VolumesNegativeTest.test_volume_get_nonexistent_volume_id [0.028072s] ... ok
{0} tempest.api.volume.test_volumes_snapshots_list.VolumesSnapshotListTestJSON.test_snapshot_list_param_limit [0.032410s] ... ok
{0} tempest.api.volume.test_volumes_snapshots_list.VolumesSnapshotListTestJSON.test_snapshot_list_param_limit_equals_infinite [0.072686s] ... ok
{0} tempest.api.volume.test_volumes_snapshots_list.VolumesSnapshotListTestJSON.test_snapshot_list_param_limit_equals_zero [0.033862s] ... ok
{0} tempest.api.volume.test_volumes_snapshots_list.VolumesSnapshotListTestJSON.test_snapshot_list_param_marker [0.099972s] ... ok
{0} tempest.api.volume.test_volumes_snapshots_list.VolumesSnapshotListTestJSON.test_snapshot_list_param_offset [0.051359s] ... ok
{0} tempest.api.volume.test_volumes_snapshots_list.VolumesSnapshotListTestJSON.test_snapshot_list_param_sort_created_at_asc [0.054813s] ... ok
{0} tempest.api.volume.test_volumes_snapshots_list.VolumesSnapshotListTestJSON.test_snapshot_list_param_sort_created_at_desc [0.032798s] ... ok
{0} tempest.api.volume.test_volumes_snapshots_list.VolumesSnapshotListTestJSON.test_snapshot_list_param_sort_id_asc [0.055933s] ... ok
{0} tempest.api.volume.test_volumes_snapshots_list.VolumesSnapshotListTestJSON.test_snapshot_list_param_sort_id_desc [0.052456s] ... ok
{0} tempest.api.volume.test_volumes_snapshots_list.VolumesSnapshotListTestJSON.test_snapshot_list_param_sort_name_asc [0.296852s] ... ok
{0} tempest.api.volume.test_volumes_snapshots_list.VolumesSnapshotListTestJSON.test_snapshot_list_param_sort_name_desc [0.056226s] ... ok
{0} tempest.api.volume.test_volumes_snapshots_list.VolumesSnapshotListTestJSON.test_snapshots_list_details_with_params [0.171868s] ... ok
{0} tempest.api.volume.test_volumes_snapshots_list.VolumesSnapshotListTestJSON.test_snapshots_list_with_params [0.176193s] ... ok
{0} tempest.api.volume.test_volumes_snapshots_negative.VolumesSnapshotNegativeTestJSON.test_create_snapshot_with_nonexistent_volume_id [0.211783s] ... ok
{0} tempest.api.volume.test_volumes_snapshots_negative.VolumesSnapshotNegativeTestJSON.test_create_snapshot_without_passing_volume_id [0.108985s] ... ok
{0} tempest.api.volume.test_volumes_snapshots_negative.VolumesSnapshotNegativeTestJSON.test_list_snapshot_invalid_param_limit [0.017301s] ... ok
{0} tempest.api.volume.test_volumes_snapshots_negative.VolumesSnapshotNegativeTestJSON.test_list_snapshots_invalid_param_marker [0.029124s] ... ok
{0} tempest.api.volume.test_volumes_snapshots_negative.VolumesSnapshotNegativeTestJSON.test_list_snapshots_invalid_param_sort [0.019958s] ... ok
{0} tempest.api.volume.test_volumes_snapshots_negative.VolumesSnapshotNegativeTestJSON.test_volume_from_snapshot_decreasing_size [5.429444s] ... ok
{0} tempest.scenario.test_snapshots_with_add_location.TestImageHashVerification.test_volume_upload_image_hash_verification [6.014577s] ... FAILED

Captured traceback:
~~~~~~~~~~~~~~~~~~~
    Traceback (most recent call last):

      File "/opt/stack/tempest/tempest/common/utils/__init__.py", line 65, in wrapper
    return f(*func_args, **func_kwargs)
           ^^^^^^^^^^^^^^^^^^^^^^^^^^^^

      File "/opt/stack/tempest/tempest/scenario/test_snapshots_with_add_location.py", line 198, in test_volume_upload_image_hash_verification
    waiters.wait_for_image_status(

      File "/opt/stack/tempest/tempest/common/waiters.py", line 175, in wait_for_image_status
    image = show_image(image_id)
            ^^^^^^^^^^^^^^^^^^^^

      File "/opt/stack/tempest/tempest/lib/services/image/v2/images_client.py", line 119, in show_image
    resp, body = self.get(url)
                 ^^^^^^^^^^^^^

      File "/opt/stack/tempest/tempest/lib/common/rest_client.py", line 345, in get
    return self.request('GET', url, extra_headers, headers,
           ^^^^^^^^^^^^^^^^^^^^^^^^^^^^^^^^^^^^^^^^^^^^^^^^

      File "/opt/stack/tempest/tempest/lib/common/rest_client.py", line 767, in request
    self._error_checker(resp, resp_body)

      File "/opt/stack/tempest/tempest/lib/common/rest_client.py", line 877, in _error_checker
    raise exceptions.NotFound(resp_body, resp=resp)

    tempest.lib.exceptions.NotFound: Object not found
Details: {'message': 'No image found with ID 31df0029-097a-4728-a98d-647c2247a653<br /><br />\n\n\n', 'code': '404 Not Found', 'title': 'Not Found'}


Captured pythonlogging:
~~~~~~~~~~~~~~~~~~~~~~~
    2026-07-28 19:02:42,361 2896874 INFO     [tempest.lib.common.rest_client] Request (TestImageHashVerification:test_volume_upload_image_hash_verification): 202 POST http://10.132.239.110/volume/v3/volumes 0.704s
2026-07-28 19:02:42,361 2896874 DEBUG    [tempest.lib.common.rest_client] Request - Headers: {'Content-Type': 'application/json', 'Accept': 'application/json', 'X-Auth-Token': '<omitted>'}
        Body: {"volume": {"name": "tempest-TestImageHashVerification-volume-1536138258", "snapshot_id": null, "imageRef": null, "volume_type": null, "size": 1}}
    Response - Headers: {'date': 'Tue, 28 Jul 2026 19:02:41 GMT', 'server': 'Apache/2.4.58 (Ubuntu)', 'content-type': 'application/json', 'x-compute-request-id': 'req-6bb4bdce-ca5d-4c35-92bf-48a8567c5dfa', 'content-length': '762', 'openstack-api-version': 'volume 3.0', 'vary': 'OpenStack-API-Version', 'x-openstack-request-id': 'req-6bb4bdce-ca5d-4c35-92bf-48a8567c5dfa', 'connection': 'close', 'status': '202', 'content-location': 'http://10.132.239.110/volume/v3/volumes'}
        Body: b'{"volume": {"id": "d8cd2016-cbdb-4510-bf29-32a9f2ba2773", "status": "creating", "size": 1, "availability_zone": "nova", "created_at": "2026-07-28T19:02:42.202011", "updated_at": null, "name": "tempest-TestImageHashVerification-volume-1536138258", "description": null, "volume_type": "arcusfc1", "snapshot_id": null, "source_volid": null, "metadata": {}, "links": [{"rel": "self", "href": "http://10.132.239.110/volume/v3/volumes/d8cd2016-cbdb-4510-bf29-32a9f2ba2773"}, {"rel": "bookmark", "href": "http://10.132.239.110/volume/volumes/d8cd2016-cbdb-4510-bf29-32a9f2ba2773"}], "user_id": "93573a33de6d43e4859162c4522a0af3", "bootable": "false", "encrypted": false, "replication_status": null, "consistencygroup_id": null, "multiattach": false, "attachments": []}}'
2026-07-28 19:02:42,423 2896874 INFO     [tempest.lib.common.rest_client] Request (TestImageHashVerification:test_volume_upload_image_hash_verification): 200 GET http://10.132.239.110/volume/v3/volumes/d8cd2016-cbdb-4510-bf29-32a9f2ba2773 0.048s
2026-07-28 19:02:42,424 2896874 DEBUG    [tempest.lib.common.rest_client] Request - Headers: {'Content-Type': 'application/json', 'Accept': 'application/json', 'X-Auth-Token': '<omitted>'}
        Body: None
    Response - Headers: {'date': 'Tue, 28 Jul 2026 19:02:42 GMT', 'server': 'Apache/2.4.58 (Ubuntu)', 'content-type': 'application/json', 'x-compute-request-id': 'req-dad09ec0-40a8-4e8f-9889-714f0ce4d9e0', 'content-length': '830', 'openstack-api-version': 'volume 3.0', 'vary': 'OpenStack-API-Version', 'x-openstack-request-id': 'req-dad09ec0-40a8-4e8f-9889-714f0ce4d9e0', 'connection': 'close', 'status': '200', 'content-location': 'http://10.132.239.110/volume/v3/volumes/d8cd2016-cbdb-4510-bf29-32a9f2ba2773'}
        Body: b'{"volume": {"id": "d8cd2016-cbdb-4510-bf29-32a9f2ba2773", "status": "creating", "size": 1, "availability_zone": "nova", "created_at": "2026-07-28T19:02:42.000000", "updated_at": null, "name": "tempest-TestImageHashVerification-volume-1536138258", "description": null, "volume_type": "arcusfc1", "snapshot_id": null, "source_volid": null, "metadata": {}, "links": [{"rel": "self", "href": "http://10.132.239.110/volume/v3/volumes/d8cd2016-cbdb-4510-bf29-32a9f2ba2773"}, {"rel": "bookmark", "href": "http://10.132.239.110/volume/volumes/d8cd2016-cbdb-4510-bf29-32a9f2ba2773"}], "user_id": "93573a33de6d43e4859162c4522a0af3", "bootable": "false", "encrypted": false, "replication_status": null, "consistencygroup_id": null, "multiattach": false, "attachments": [], "os-vol-tenant-attr:tenant_id": "5d08cbcaec0c4a27a7c971978b05edd6"}}'
2026-07-28 19:02:43,492 2896874 INFO     [tempest.lib.common.rest_client] Request (TestImageHashVerification:test_volume_upload_image_hash_verification): 200 GET http://10.132.239.110/volume/v3/volumes/d8cd2016-cbdb-4510-bf29-32a9f2ba2773 0.053s
2026-07-28 19:02:43,492 2896874 DEBUG    [tempest.lib.common.rest_client] Request - Headers: {'Content-Type': 'application/json', 'Accept': 'application/json', 'X-Auth-Token': '<omitted>'}
        Body: None
    Respons
    e - Headers: {'date': 'Tue, 28 Jul 2026 19:02:43 GMT', 'server': 'Apache/2.4.58 (Ubuntu)', 'content-type': 'application/json', 'x-compute-request-id': 'req-6bd5f698-e32f-418b-97b3-41739727734a', 'content-length': '855', 'openstack-api-version': 'volume 3.0', 'vary': 'OpenStack-API-Version', 'x-openstack-request-id': 'req-6bd5f698-e32f-418b-97b3-41739727734a', 'connection': 'close', 'status': '200', 'content-location': 'http://10.132.239.110/volume/v3/volumes/d8cd2016-cbdb-4510-bf29-32a9f2ba2773'}
        Body: b'{"volume": {"id": "d8cd2016-cbdb-4510-bf29-32a9f2ba2773", "status": "available", "size": 1, "availability_zone": "nova", "created_at": "2026-07-28T19:02:42.000000", "updated_at": "2026-07-28T19:02:43.000000", "name": "tempest-TestImageHashVerification-volume-1536138258", "description": null, "volume_type": "arcusfc1", "snapshot_id": null, "source_volid": null, "metadata": {}, "links": [{"rel": "self", "href": "http://10.132.239.110/volume/v3/volumes/d8cd2016-cbdb-4510-bf29-32a9f2ba2773"}, {"rel": "bookmark", "href": "http://10.132.239.110/volume/volumes/d8cd2016-cbdb-4510-bf29-32a9f2ba2773"}], "user_id": "93573a33de6d43e4859162c4522a0af3", "bootable": "false", "encrypted": false, "replication_status": null, "consistencygroup_id": null, "multiattach": false, "attachments": [], "os-vol-tenant-attr:tenant_id": "5d08cbcaec0c4a27a7c971978b05edd6"}}'
2026-07-28 19:02:43,504 2896874 INFO     [tempest.common.waiters] volume d8cd2016-cbdb-4510-bf29-32a9f2ba2773 reached available after waiting for 1.504561 seconds
2026-07-28 19:02:43,551 2896874 INFO     [tempest.lib.common.rest_client] Request (TestImageHashVerification:test_volume_upload_image_hash_verification): 200 GET http://10.132.239.110/volume/v3/volumes/d8cd2016-cbdb-4510-bf29-32a9f2ba2773 0.046s
2026-07-28 19:02:43,551 2896874 DEBUG    [tempest.lib.common.rest_client] Request - Headers: {'Content-Type': 'application/json', 'Accept': 'application/json', 'X-Auth-Token': '<omitted>'}
        Body: None
    Response - Headers: {'date': 'Tue, 28 Jul 2026 19:02:43 GMT', 'server': 'Apache/2.4.58 (Ubuntu)', 'content-type': 'application/json', 'x-compute-request-id': 'req-7fd79225-d025-473e-8f96-d58fdc90574f', 'content-length': '855', 'openstack-api-version': 'volume 3.0', 'vary': 'OpenStack-API-Version', 'x-openstack-request-id': 'req-7fd79225-d025-473e-8f96-d58fdc90574f', 'connection': 'close', 'status': '200', 'content-location': 'http://10.132.239.110/volume/v3/volumes/d8cd2016-cbdb-4510-bf29-32a9f2ba2773'}
        Body: b'{"volume": {"id": "d8cd2016-cbdb-4510-bf29-32a9f2ba2773", "status": "available", "size": 1, "availability_zone": "nova", "created_at": "2026-07-28T19:02:42.000000", "updated_at": "2026-07-28T19:02:43.000000", "name": "tempest-TestImageHashVerification-volume-1536138258", "description": null, "volume_type": "arcusfc1", "snapshot_id": null, "source_volid": null, "metadata": {}, "links": [{"rel": "self", "href": "http://10.132.239.110/volume/v3/volumes/d8cd2016-cbdb-4510-bf29-32a9f2ba2773"}, {"rel": "bookmark", "href": "http://10.132.239.110/volume/volumes/d8cd2016-cbdb-4510-bf29-32a9f2ba2773"}], "user_id": "93573a33de6d43e4859162c4522a0af3", "bootable": "false", "encrypted": false, "replication_status": null, "consistencygroup_id": null, "multiattach": false, "attachments": [], "os-vol-tenant-attr:tenant_id": "5d08cbcaec0c4a27a7c971978b05edd6"}}'
2026-07-28 19:02:44,397 2896874 INFO     [tempest.lib.common.rest_client] Request (TestImageHashVerification:test_volume_upload_image_hash_verification): 202 POST http://10.132.239.110/volume/v3/volumes/d8cd2016-cbdb-4510-bf29-32a9f2ba2773/action 0.830s
2026-07-28 19:02:44,398 2896874 DEBUG    [tempest.lib.common.rest_client] Request - Headers: {'Content-Type': 'application/json', 'Accept': 'application/json', 'X-Auth-Token': '<omitted>'}
        Body: {"os-volume_upload_image": {"image_name": "tempest-volume-upload-hash-test-2063402258", "disk_format": "raw"}}
    Response - Headers: {'date': 'Tue, 28 Jul 2026 19:02:43 GMT', 'server': 'Apache/2.4.58 (Ubuntu)', 'content-type': 'application/json', 'x-compute-r
    equest-id': 'req-33c8c3d0-89a8-4660-a400-7d0bd5faf93e', 'content-length': '736', 'openstack-api-version': 'volume 3.0', 'vary': 'OpenStack-API-Version', 'x-openstack-request-id': 'req-33c8c3d0-89a8-4660-a400-7d0bd5faf93e', 'connection': 'close', 'status': '202', 'content-location': 'http://10.132.239.110/volume/v3/volumes/d8cd2016-cbdb-4510-bf29-32a9f2ba2773/action'}
        Body: b'{"os-volume_upload_image": {"id": "d8cd2016-cbdb-4510-bf29-32a9f2ba2773", "updated_at": "2026-07-28T19:02:43.000000", "status": "uploading", "display_description": null, "size": 1, "volume_type": {"id": "7d8f0351-020c-457f-baae-3df73614b389", "name": "arcusfc1", "description": null, "is_public": true, "extra_specs": {"volume_backend_name": "arcusfc1", "consistent_group_snapshot_enabled": "<is> True"}, "qos_specs_id": null, "created_at": "2026-07-28T18:52:26.000000", "updated_at": null, "deleted_at": null, "deleted": false}, "image_id": "31df0029-097a-4728-a98d-647c2247a653", "container_format": "bare", "disk_format": "raw", "image_name": "tempest-volume-upload-hash-test-2063402258", "protected": false, "visibility": "shared"}}'
2026-07-28 19:02:44,429 2896874 INFO     [tempest.lib.common.rest_client] Request (TestImageHashVerification:test_volume_upload_image_hash_verification): 200 GET http://10.132.239.110/image/v2/images/31df0029-097a-4728-a98d-647c2247a653 0.030s
2026-07-28 19:02:44,429 2896874 DEBUG    [tempest.lib.common.rest_client] Request - Headers: {'Content-Type': 'application/json', 'Accept': 'application/json', 'X-Auth-Token': '<omitted>'}
        Body: None
    Response - Headers: {'date': 'Tue, 28 Jul 2026 19:02:44 GMT', 'server': 'Apache/2.4.58 (Ubuntu)', 'content-length': '649', 'content-type': 'application/json', 'x-openstack-request-id': 'req-a3b4098b-c826-4e40-919e-3fec9bd878f5', 'connection': 'close', 'status': '200', 'content-location': 'http://10.132.239.110/image/v2/images/31df0029-097a-4728-a98d-647c2247a653'}
        Body: b'{"name": "tempest-volume-upload-hash-test-2063402258", "disk_format": "raw", "container_format": "bare", "visibility": "shared", "size": null, "virtual_size": null, "status": "queued", "checksum": null, "protected": false, "min_ram": 0, "min_disk": 0, "owner": "5d08cbcaec0c4a27a7c971978b05edd6", "os_hidden": false, "os_hash_algo": null, "os_hash_value": null, "id": "31df0029-097a-4728-a98d-647c2247a653", "created_at": "2026-07-28T19:02:44Z", "updated_at": "2026-07-28T19:02:44Z", "tags": [], "self": "/v2/images/31df0029-097a-4728-a98d-647c2247a653", "file": "/v2/images/31df0029-097a-4728-a98d-647c2247a653/file", "schema": "/v2/schemas/image"}'
2026-07-28 19:02:45,454 2896874 INFO     [tempest.lib.common.rest_client] Request (TestImageHashVerification:test_volume_upload_image_hash_verification): 200 GET http://10.132.239.110/image/v2/images/31df0029-097a-4728-a98d-647c2247a653 0.024s
2026-07-28 19:02:45,454 2896874 DEBUG    [tempest.lib.common.rest_client] Request - Headers: {'Content-Type': 'application/json', 'Accept': 'application/json', 'X-Auth-Token': '<omitted>'}
        Body: None
    Response - Headers: {'date': 'Tue, 28 Jul 2026 19:02:45 GMT', 'server': 'Apache/2.4.58 (Ubuntu)', 'content-length': '649', 'content-type': 'application/json', 'x-openstack-request-id': 'req-a1877e40-e1fb-47c8-a155-6b5889dc140b', 'connection': 'close', 'status': '200', 'content-location': 'http://10.132.239.110/image/v2/images/31df0029-097a-4728-a98d-647c2247a653'}
        Body: b'{"name": "tempest-volume-upload-hash-test-2063402258", "disk_format": "raw", "container_format": "bare", "visibility": "shared", "size": null, "virtual_size": null, "status": "queued", "checksum": null, "protected": false, "min_ram": 0, "min_disk": 0, "owner": "5d08cbcaec0c4a27a7c971978b05edd6", "os_hidden": false, "os_hash_algo": null, "os_hash_value": null, "id": "31df0029-097a-4728-a98d-647c2247a653", "created_at": "2026-07-28T19:02:44Z", "updated_at": "2026-07-28T19:02:44Z", "tags": [], "self": "/v2/images/31df0029-097a-4728-a98d-647c2247a653", "file": "/v2/images/31df0029-097a-4728-a98d-647c2247a653/file", "schema": "/v2/schemas/i
    mage"}'
2026-07-28 19:02:46,473 2896874 INFO     [tempest.lib.common.rest_client] Request (TestImageHashVerification:test_volume_upload_image_hash_verification): 404 GET http://10.132.239.110/image/v2/images/31df0029-097a-4728-a98d-647c2247a653 0.018s
2026-07-28 19:02:46,474 2896874 DEBUG    [tempest.lib.common.rest_client] Request - Headers: {'Content-Type': 'application/json', 'Accept': 'application/json', 'X-Auth-Token': '<omitted>'}
        Body: None
    Response - Headers: {'date': 'Tue, 28 Jul 2026 19:02:46 GMT', 'server': 'Apache/2.4.58 (Ubuntu)', 'content-length': '139', 'content-type': 'application/json', 'x-openstack-request-id': 'req-b10d1ed5-6a39-4c34-8269-156dd071376c', 'connection': 'close', 'status': '404', 'content-location': 'http://10.132.239.110/image/v2/images/31df0029-097a-4728-a98d-647c2247a653'}
        Body: b'{"message": "No image found with ID 31df0029-097a-4728-a98d-647c2247a653<br /><br />\\n\\n\\n", "code": "404 Not Found", "title": "Not Found"}'
2026-07-28 19:02:46,504 2896874 INFO     [tempest.lib.common.rest_client] Request (TestImageHashVerification:_run_cleanups): 404 DELETE http://10.132.239.110/image/v2/images/31df0029-097a-4728-a98d-647c2247a653 0.025s
2026-07-28 19:02:46,504 2896874 DEBUG    [tempest.lib.common.rest_client] Request - Headers: {'Content-Type': 'application/json', 'Accept': 'application/json', 'X-Auth-Token': '<omitted>'}
        Body: None
    Response - Headers: {'date': 'Tue, 28 Jul 2026 19:02:46 GMT', 'server': 'Apache/2.4.58 (Ubuntu)', 'content-length': '147', 'content-type': 'application/json', 'x-openstack-request-id': 'req-206cda54-539f-4bab-9325-19c9330aba16', 'connection': 'close', 'status': '404', 'content-location': 'http://10.132.239.110/image/v2/images/31df0029-097a-4728-a98d-647c2247a653'}
        Body: b'{"message": "Failed to find image 31df0029-097a-4728-a98d-647c2247a653 to delete<br /><br />\\n\\n\\n", "code": "404 Not Found", "title": "Not Found"}'
2026-07-28 19:02:46,570 2896874 INFO     [tempest.lib.common.rest_client] Request (TestImageHashVerification:_run_cleanups): 202 DELETE http://10.132.239.110/volume/v3/volumes/d8cd2016-cbdb-4510-bf29-32a9f2ba2773 0.065s
2026-07-28 19:02:46,571 2896874 DEBUG    [tempest.lib.common.rest_client] Request - Headers: {'Content-Type': 'application/json', 'Accept': 'application/json', 'X-Auth-Token': '<omitted>'}
        Body: None
    Response - Headers: {'date': 'Tue, 28 Jul 2026 19:02:46 GMT', 'server': 'Apache/2.4.58 (Ubuntu)', 'content-length': '0', 'content-type': 'text/html; charset=UTF-8', 'openstack-api-version': 'volume 3.0', 'vary': 'OpenStack-API-Version', 'x-openstack-request-id': 'req-5ef2c3e7-ee38-4e20-a93c-dd9721643874', 'connection': 'close', 'status': '202', 'content-location': 'http://10.132.239.110/volume/v3/volumes/d8cd2016-cbdb-4510-bf29-32a9f2ba2773'}
        Body: b''
2026-07-28 19:02:46,623 2896874 INFO     [tempest.lib.common.rest_client] Request (TestImageHashVerification:_run_cleanups): 200 GET http://10.132.239.110/volume/v3/volumes/d8cd2016-cbdb-4510-bf29-32a9f2ba2773 0.050s
2026-07-28 19:02:46,623 2896874 DEBUG    [tempest.lib.common.rest_client] Request - Headers: {'Content-Type': 'application/json', 'Accept': 'application/json', 'X-Auth-Token': '<omitted>'}
        Body: None
    Response - Headers: {'date': 'Tue, 28 Jul 2026 19:02:46 GMT', 'server': 'Apache/2.4.58 (Ubuntu)', 'content-type': 'application/json', 'x-compute-request-id': 'req-0cc803b6-2c77-41b9-a750-9ff2f202cfd4', 'content-length': '854', 'openstack-api-version': 'volume 3.0', 'vary': 'OpenStack-API-Version', 'x-openstack-request-id': 'req-0cc803b6-2c77-41b9-a750-9ff2f202cfd4', 'connection': 'close', 'status': '200', 'content-location': 'http://10.132.239.110/volume/v3/volumes/d8cd2016-cbdb-4510-bf29-32a9f2ba2773'}
        Body: b'{"volume": {"id": "d8cd2016-cbdb-4510-bf29-32a9f2ba2773", "status": "deleting", "size": 1, "availability_zone": "nova", "created_at": "2026-07-28T19:02:42.000000", "updated_at": "2026-07-28T19:02:47.000000", "name": "tempest-TestImageHashVerification-volume-1536138258", "description": nul
    l, "volume_type": "arcusfc1", "snapshot_id": null, "source_volid": null, "metadata": {}, "links": [{"rel": "self", "href": "http://10.132.239.110/volume/v3/volumes/d8cd2016-cbdb-4510-bf29-32a9f2ba2773"}, {"rel": "bookmark", "href": "http://10.132.239.110/volume/volumes/d8cd2016-cbdb-4510-bf29-32a9f2ba2773"}], "user_id": "93573a33de6d43e4859162c4522a0af3", "bootable": "false", "encrypted": false, "replication_status": null, "consistencygroup_id": null, "multiattach": false, "attachments": [], "os-vol-tenant-attr:tenant_id": "5d08cbcaec0c4a27a7c971978b05edd6"}}'
2026-07-28 19:02:47,668 2896874 INFO     [tempest.lib.common.rest_client] Request (TestImageHashVerification:_run_cleanups): 404 GET http://10.132.239.110/volume/v3/volumes/d8cd2016-cbdb-4510-bf29-32a9f2ba2773 0.027s
2026-07-28 19:02:47,669 2896874 DEBUG    [tempest.lib.common.rest_client] Request - Headers: {'Content-Type': 'application/json', 'Accept': 'application/json', 'X-Auth-Token': '<omitted>'}
        Body: None
    Response - Headers: {'date': 'Tue, 28 Jul 2026 19:02:47 GMT', 'server': 'Apache/2.4.58 (Ubuntu)', 'openstack-api-version': 'volume 3.0', 'vary': 'OpenStack-API-Version', 'content-length': '109', 'content-type': 'application/json', 'x-compute-request-id': 'req-d784ef70-3dd6-4faf-a7f0-6b04a072193c', 'x-openstack-request-id': 'req-d784ef70-3dd6-4faf-a7f0-6b04a072193c', 'connection': 'close', 'status': '404', 'content-location': 'http://10.132.239.110/volume/v3/volumes/d8cd2016-cbdb-4510-bf29-32a9f2ba2773'}
        Body: b'{"itemNotFound": {"code": 404, "message": "Volume d8cd2016-cbdb-4510-bf29-32a9f2ba2773 could not be found."}}'


==============================
Failed 1 tests - output below:
==============================

tempest.scenario.test_snapshots_with_add_location.TestImageHashVerification.test_volume_upload_image_hash_verification[compute,id-b2c3d4e5-f6a7-8901-bcde-f12345678901,image,volume]
------------------------------------------------------------------------------------------------------------------------------------------------------------------------------------

Captured traceback:
~~~~~~~~~~~~~~~~~~~
    Traceback (most recent call last):

      File "/opt/stack/tempest/tempest/common/utils/__init__.py", line 65, in wrapper
    return f(*func_args, **func_kwargs)
           ^^^^^^^^^^^^^^^^^^^^^^^^^^^^

      File "/opt/stack/tempest/tempest/scenario/test_snapshots_with_add_location.py", line 198, in test_volume_upload_image_hash_verification
    waiters.wait_for_image_status(

      File "/opt/stack/tempest/tempest/common/waiters.py", line 175, in wait_for_image_status
    image = show_image(image_id)
            ^^^^^^^^^^^^^^^^^^^^

      File "/opt/stack/tempest/tempest/lib/services/image/v2/images_client.py", line 119, in show_image
    resp, body = self.get(url)
                 ^^^^^^^^^^^^^

      File "/opt/stack/tempest/tempest/lib/common/rest_client.py", line 345, in get
    return self.request('GET', url, extra_headers, headers,
           ^^^^^^^^^^^^^^^^^^^^^^^^^^^^^^^^^^^^^^^^^^^^^^^^

      File "/opt/stack/tempest/tempest/lib/common/rest_client.py", line 767, in request
    self._error_checker(resp, resp_body)

      File "/opt/stack/tempest/tempest/lib/common/rest_client.py", line 877, in _error_checker
    raise exceptions.NotFound(resp_body, resp=resp)

    tempest.lib.exceptions.NotFound: Object not found
Details: {'message': 'No image found with ID 31df0029-097a-4728-a98d-647c2247a653<br /><br />\n\n\n', 'code': '404 Not Found', 'title': 'Not Found'}


Captured pythonlogging:
~~~~~~~~~~~~~~~~~~~~~~~
    2026-07-28 19:02:42,361 2896874 INFO     [tempest.lib.common.rest_client] Request (TestImageHashVerification:test_volume_upload_image_hash_verification): 202 POST http://10.132.239.110/volume/v3/volumes 0.704s
2026-07-28 19:02:42,361 2896874 DEBUG    [tempest.lib.common.rest_client] Request - Headers: {'Content-Type': 'application/json', 'Accept': 'application/json', 'X-Auth-Token': '<omitted>'}
        Body: {"volume": {"name": "tempest-TestImageHashVerification-volume-1536138258", "snapshot_id": null, "imageRef": null, "volume_type": null, "size": 1}}
    Response - Headers: {'date': 'Tue, 28 Jul 2026 19:02:41 GMT', 'server': 'Apache/2.4.58 (Ubuntu)', 'content-type': 'application/json', 'x-compute-request-id': 'req-6bb4bdce-ca5d-4c35-92bf-48a8567c5dfa', 'content-length': '762', 'openstack-api-version': 'volume 3.0', 'vary': 'OpenStack-API-Version', 'x-openstack-request-id': 'req-6bb4bdce-ca5d-4c35-92bf-48a8567c5dfa', 'connection': 'close', 'status': '202', 'content-location': 'http://10.132.239.110/volume/v3/volumes'}
        Body: b'{"volume": {"id": "d8cd2016-cbdb-4510-bf29-32a9f2ba2773", "status": "creating", "size": 1, "availability_zone": "nova", "created_at": "2026-07-28T19:02:42.202011", "updated_at": null, "name": "tempest-TestImageHashVerification-volume-1536138258", "description": null, "volume_type": "arcusfc1", "snapshot_id": null, "source_volid": null, "metadata": {}, "links": [{"rel": "self", "href": "http://10.132.239.110/volume/v3/volumes/d8cd2016-cbdb-4510-bf29-32a9f2ba2773"}, {"rel": "bookmark", "href": "http://10.132.239.110/volume/volumes/d8cd2016-cbdb-4510-bf29-32a9f2ba2773"}], "user_id": "93573a33de6d43e4859162c4522a0af3", "bootable": "false", "encrypted": false, "replication_status": null, "consistencygroup_id": null, "multiattach": false, "attachments": []}}'
2026-07-28 19:02:42,423 2896874 INFO     [tempest.lib.common.rest_client] Request (TestImageHashVerification:test_volume_upload_image_hash_verification): 200 GET http://10.132.239.110/volume/v3/volumes/d8cd2016-cbdb-4510-bf29-32a9f2ba2773 0.048s
2026-07-28 19:02:42,424 2896874 DEBUG    [tempest.lib.common.rest_client] Request - Headers: {'Content-Type': 'application/json', 'Accept': 'application/json', 'X-Auth-Token': '<omitted>'}
        Body: None
    Response - Headers: {'date': 'Tue, 28 Jul 2026 19:02:42 GMT', 'server': 'Apache/2.4.58 (Ubuntu)', 'content-type': 'application/json', 'x-compute-request-id': 'req-dad09ec0-40a8-4e8f-9889-714f0ce4d9e0', 'content-length': '830', 'openstack-api-version': 'volume 3.0', 'vary': 'OpenStack-API-Version', 'x-openstack-request-id': 'req-dad09ec0-40a8-4e8f-9889-714f0ce4d9e0', 'connection': 'close', 'status': '200', 'content-location': 'http://10.132.239.110/volume/v3/volumes/d8cd2016-cbdb-4510-bf29-32a9f2ba2773'}
        Body: b'{"volume": {"id": "d8cd2016-cbdb-4510-bf29-32a9f2ba2773", "status": "creating", "size": 1, "availability_zone": "nova", "created_at": "2026-07-28T19:02:42.000000", "updated_at": null, "name": "tempest-TestImageHashVerification-volume-1536138258", "description": null, "volume_type": "arcusfc1", "snapshot_id": null, "source_volid": null, "metadata": {}, "links": [{"rel": "self", "href": "http://10.132.239.110/volume/v3/volumes/d8cd2016-cbdb-4510-bf29-32a9f2ba2773"}, {"rel": "bookmark", "href": "http://10.132.239.110/volume/volumes/d8cd2016-cbdb-4510-bf29-32a9f2ba2773"}], "user_id": "93573a33de6d43e4859162c4522a0af3", "bootable": "false", "encrypted": false, "replication_status": null, "consistencygroup_id": null, "multiattach": false, "attachments": [], "os-vol-tenant-attr:tenant_id": "5d08cbcaec0c4a27a7c971978b05edd6"}}'
2026-07-28 19:02:43,492 2896874 INFO     [tempest.lib.common.rest_client] Request (TestImageHashVerification:test_volume_upload_image_hash_verification): 200 GET http://10.132.239.110/volume/v3/volumes/d8cd2016-cbdb-4510-bf29-32a9f2ba2773 0.053s
2026-07-28 19:02:43,492 2896874 DEBUG    [tempest.lib.common.rest_client] Request - Headers: {'Content-Type': 'application/json', 'Accept': 'application/json', 'X-Auth-Token': '<omitted>'}
        Body: None
    Respons
    e - Headers: {'date': 'Tue, 28 Jul 2026 19:02:43 GMT', 'server': 'Apache/2.4.58 (Ubuntu)', 'content-type': 'application/json', 'x-compute-request-id': 'req-6bd5f698-e32f-418b-97b3-41739727734a', 'content-length': '855', 'openstack-api-version': 'volume 3.0', 'vary': 'OpenStack-API-Version', 'x-openstack-request-id': 'req-6bd5f698-e32f-418b-97b3-41739727734a', 'connection': 'close', 'status': '200', 'content-location': 'http://10.132.239.110/volume/v3/volumes/d8cd2016-cbdb-4510-bf29-32a9f2ba2773'}
        Body: b'{"volume": {"id": "d8cd2016-cbdb-4510-bf29-32a9f2ba2773", "status": "available", "size": 1, "availability_zone": "nova", "created_at": "2026-07-28T19:02:42.000000", "updated_at": "2026-07-28T19:02:43.000000", "name": "tempest-TestImageHashVerification-volume-1536138258", "description": null, "volume_type": "arcusfc1", "snapshot_id": null, "source_volid": null, "metadata": {}, "links": [{"rel": "self", "href": "http://10.132.239.110/volume/v3/volumes/d8cd2016-cbdb-4510-bf29-32a9f2ba2773"}, {"rel": "bookmark", "href": "http://10.132.239.110/volume/volumes/d8cd2016-cbdb-4510-bf29-32a9f2ba2773"}], "user_id": "93573a33de6d43e4859162c4522a0af3", "bootable": "false", "encrypted": false, "replication_status": null, "consistencygroup_id": null, "multiattach": false, "attachments": [], "os-vol-tenant-attr:tenant_id": "5d08cbcaec0c4a27a7c971978b05edd6"}}'
2026-07-28 19:02:43,504 2896874 INFO     [tempest.common.waiters] volume d8cd2016-cbdb-4510-bf29-32a9f2ba2773 reached available after waiting for 1.504561 seconds
2026-07-28 19:02:43,551 2896874 INFO     [tempest.lib.common.rest_client] Request (TestImageHashVerification:test_volume_upload_image_hash_verification): 200 GET http://10.132.239.110/volume/v3/volumes/d8cd2016-cbdb-4510-bf29-32a9f2ba2773 0.046s
2026-07-28 19:02:43,551 2896874 DEBUG    [tempest.lib.common.rest_client] Request - Headers: {'Content-Type': 'application/json', 'Accept': 'application/json', 'X-Auth-Token': '<omitted>'}
        Body: None
    Response - Headers: {'date': 'Tue, 28 Jul 2026 19:02:43 GMT', 'server': 'Apache/2.4.58 (Ubuntu)', 'content-type': 'application/json', 'x-compute-request-id': 'req-7fd79225-d025-473e-8f96-d58fdc90574f', 'content-length': '855', 'openstack-api-version': 'volume 3.0', 'vary': 'OpenStack-API-Version', 'x-openstack-request-id': 'req-7fd79225-d025-473e-8f96-d58fdc90574f', 'connection': 'close', 'status': '200', 'content-location': 'http://10.132.239.110/volume/v3/volumes/d8cd2016-cbdb-4510-bf29-32a9f2ba2773'}
        Body: b'{"volume": {"id": "d8cd2016-cbdb-4510-bf29-32a9f2ba2773", "status": "available", "size": 1, "availability_zone": "nova", "created_at": "2026-07-28T19:02:42.000000", "updated_at": "2026-07-28T19:02:43.000000", "name": "tempest-TestImageHashVerification-volume-1536138258", "description": null, "volume_type": "arcusfc1", "snapshot_id": null, "source_volid": null, "metadata": {}, "links": [{"rel": "self", "href": "http://10.132.239.110/volume/v3/volumes/d8cd2016-cbdb-4510-bf29-32a9f2ba2773"}, {"rel": "bookmark", "href": "http://10.132.239.110/volume/volumes/d8cd2016-cbdb-4510-bf29-32a9f2ba2773"}], "user_id": "93573a33de6d43e4859162c4522a0af3", "bootable": "false", "encrypted": false, "replication_status": null, "consistencygroup_id": null, "multiattach": false, "attachments": [], "os-vol-tenant-attr:tenant_id": "5d08cbcaec0c4a27a7c971978b05edd6"}}'
2026-07-28 19:02:44,397 2896874 INFO     [tempest.lib.common.rest_client] Request (TestImageHashVerification:test_volume_upload_image_hash_verification): 202 POST http://10.132.239.110/volume/v3/volumes/d8cd2016-cbdb-4510-bf29-32a9f2ba2773/action 0.830s
2026-07-28 19:02:44,398 2896874 DEBUG    [tempest.lib.common.rest_client] Request - Headers: {'Content-Type': 'application/json', 'Accept': 'application/json', 'X-Auth-Token': '<omitted>'}
        Body: {"os-volume_upload_image": {"image_name": "tempest-volume-upload-hash-test-2063402258", "disk_format": "raw"}}
    Response - Headers: {'date': 'Tue, 28 Jul 2026 19:02:43 GMT', 'server': 'Apache/2.4.58 (Ubuntu)', 'content-type': 'application/json', 'x-compute-r
    equest-id': 'req-33c8c3d0-89a8-4660-a400-7d0bd5faf93e', 'content-length': '736', 'openstack-api-version': 'volume 3.0', 'vary': 'OpenStack-API-Version', 'x-openstack-request-id': 'req-33c8c3d0-89a8-4660-a400-7d0bd5faf93e', 'connection': 'close', 'status': '202', 'content-location': 'http://10.132.239.110/volume/v3/volumes/d8cd2016-cbdb-4510-bf29-32a9f2ba2773/action'}
        Body: b'{"os-volume_upload_image": {"id": "d8cd2016-cbdb-4510-bf29-32a9f2ba2773", "updated_at": "2026-07-28T19:02:43.000000", "status": "uploading", "display_description": null, "size": 1, "volume_type": {"id": "7d8f0351-020c-457f-baae-3df73614b389", "name": "arcusfc1", "description": null, "is_public": true, "extra_specs": {"volume_backend_name": "arcusfc1", "consistent_group_snapshot_enabled": "<is> True"}, "qos_specs_id": null, "created_at": "2026-07-28T18:52:26.000000", "updated_at": null, "deleted_at": null, "deleted": false}, "image_id": "31df0029-097a-4728-a98d-647c2247a653", "container_format": "bare", "disk_format": "raw", "image_name": "tempest-volume-upload-hash-test-2063402258", "protected": false, "visibility": "shared"}}'
2026-07-28 19:02:44,429 2896874 INFO     [tempest.lib.common.rest_client] Request (TestImageHashVerification:test_volume_upload_image_hash_verification): 200 GET http://10.132.239.110/image/v2/images/31df0029-097a-4728-a98d-647c2247a653 0.030s
2026-07-28 19:02:44,429 2896874 DEBUG    [tempest.lib.common.rest_client] Request - Headers: {'Content-Type': 'application/json', 'Accept': 'application/json', 'X-Auth-Token': '<omitted>'}
        Body: None
    Response - Headers: {'date': 'Tue, 28 Jul 2026 19:02:44 GMT', 'server': 'Apache/2.4.58 (Ubuntu)', 'content-length': '649', 'content-type': 'application/json', 'x-openstack-request-id': 'req-a3b4098b-c826-4e40-919e-3fec9bd878f5', 'connection': 'close', 'status': '200', 'content-location': 'http://10.132.239.110/image/v2/images/31df0029-097a-4728-a98d-647c2247a653'}
        Body: b'{"name": "tempest-volume-upload-hash-test-2063402258", "disk_format": "raw", "container_format": "bare", "visibility": "shared", "size": null, "virtual_size": null, "status": "queued", "checksum": null, "protected": false, "min_ram": 0, "min_disk": 0, "owner": "5d08cbcaec0c4a27a7c971978b05edd6", "os_hidden": false, "os_hash_algo": null, "os_hash_value": null, "id": "31df0029-097a-4728-a98d-647c2247a653", "created_at": "2026-07-28T19:02:44Z", "updated_at": "2026-07-28T19:02:44Z", "tags": [], "self": "/v2/images/31df0029-097a-4728-a98d-647c2247a653", "file": "/v2/images/31df0029-097a-4728-a98d-647c2247a653/file", "schema": "/v2/schemas/image"}'
2026-07-28 19:02:45,454 2896874 INFO     [tempest.lib.common.rest_client] Request (TestImageHashVerification:test_volume_upload_image_hash_verification): 200 GET http://10.132.239.110/image/v2/images/31df0029-097a-4728-a98d-647c2247a653 0.024s
2026-07-28 19:02:45,454 2896874 DEBUG    [tempest.lib.common.rest_client] Request - Headers: {'Content-Type': 'application/json', 'Accept': 'application/json', 'X-Auth-Token': '<omitted>'}
        Body: None
    Response - Headers: {'date': 'Tue, 28 Jul 2026 19:02:45 GMT', 'server': 'Apache/2.4.58 (Ubuntu)', 'content-length': '649', 'content-type': 'application/json', 'x-openstack-request-id': 'req-a1877e40-e1fb-47c8-a155-6b5889dc140b', 'connection': 'close', 'status': '200', 'content-location': 'http://10.132.239.110/image/v2/images/31df0029-097a-4728-a98d-647c2247a653'}
        Body: b'{"name": "tempest-volume-upload-hash-test-2063402258", "disk_format": "raw", "container_format": "bare", "visibility": "shared", "size": null, "virtual_size": null, "status": "queued", "checksum": null, "protected": false, "min_ram": 0, "min_disk": 0, "owner": "5d08cbcaec0c4a27a7c971978b05edd6", "os_hidden": false, "os_hash_algo": null, "os_hash_value": null, "id": "31df0029-097a-4728-a98d-647c2247a653", "created_at": "2026-07-28T19:02:44Z", "updated_at": "2026-07-28T19:02:44Z", "tags": [], "self": "/v2/images/31df0029-097a-4728-a98d-647c2247a653", "file": "/v2/images/31df0029-097a-4728-a98d-647c2247a653/file", "schema": "/v2/schemas/i
    mage"}'
2026-07-28 19:02:46,473 2896874 INFO     [tempest.lib.common.rest_client] Request (TestImageHashVerification:test_volume_upload_image_hash_verification): 404 GET http://10.132.239.110/image/v2/images/31df0029-097a-4728-a98d-647c2247a653 0.018s
2026-07-28 19:02:46,474 2896874 DEBUG    [tempest.lib.common.rest_client] Request - Headers: {'Content-Type': 'application/json', 'Accept': 'application/json', 'X-Auth-Token': '<omitted>'}
        Body: None
    Response - Headers: {'date': 'Tue, 28 Jul 2026 19:02:46 GMT', 'server': 'Apache/2.4.58 (Ubuntu)', 'content-length': '139', 'content-type': 'application/json', 'x-openstack-request-id': 'req-b10d1ed5-6a39-4c34-8269-156dd071376c', 'connection': 'close', 'status': '404', 'content-location': 'http://10.132.239.110/image/v2/images/31df0029-097a-4728-a98d-647c2247a653'}
        Body: b'{"message": "No image found with ID 31df0029-097a-4728-a98d-647c2247a653<br /><br />\\n\\n\\n", "code": "404 Not Found", "title": "Not Found"}'
2026-07-28 19:02:46,504 2896874 INFO     [tempest.lib.common.rest_client] Request (TestImageHashVerification:_run_cleanups): 404 DELETE http://10.132.239.110/image/v2/images/31df0029-097a-4728-a98d-647c2247a653 0.025s
2026-07-28 19:02:46,504 2896874 DEBUG    [tempest.lib.common.rest_client] Request - Headers: {'Content-Type': 'application/json', 'Accept': 'application/json', 'X-Auth-Token': '<omitted>'}
        Body: None
    Response - Headers: {'date': 'Tue, 28 Jul 2026 19:02:46 GMT', 'server': 'Apache/2.4.58 (Ubuntu)', 'content-length': '147', 'content-type': 'application/json', 'x-openstack-request-id': 'req-206cda54-539f-4bab-9325-19c9330aba16', 'connection': 'close', 'status': '404', 'content-location': 'http://10.132.239.110/image/v2/images/31df0029-097a-4728-a98d-647c2247a653'}
        Body: b'{"message": "Failed to find image 31df0029-097a-4728-a98d-647c2247a653 to delete<br /><br />\\n\\n\\n", "code": "404 Not Found", "title": "Not Found"}'
2026-07-28 19:02:46,570 2896874 INFO     [tempest.lib.common.rest_client] Request (TestImageHashVerification:_run_cleanups): 202 DELETE http://10.132.239.110/volume/v3/volumes/d8cd2016-cbdb-4510-bf29-32a9f2ba2773 0.065s
2026-07-28 19:02:46,571 2896874 DEBUG    [tempest.lib.common.rest_client] Request - Headers: {'Content-Type': 'application/json', 'Accept': 'application/json', 'X-Auth-Token': '<omitted>'}
        Body: None
    Response - Headers: {'date': 'Tue, 28 Jul 2026 19:02:46 GMT', 'server': 'Apache/2.4.58 (Ubuntu)', 'content-length': '0', 'content-type': 'text/html; charset=UTF-8', 'openstack-api-version': 'volume 3.0', 'vary': 'OpenStack-API-Version', 'x-openstack-request-id': 'req-5ef2c3e7-ee38-4e20-a93c-dd9721643874', 'connection': 'close', 'status': '202', 'content-location': 'http://10.132.239.110/volume/v3/volumes/d8cd2016-cbdb-4510-bf29-32a9f2ba2773'}
        Body: b''
2026-07-28 19:02:46,623 2896874 INFO     [tempest.lib.common.rest_client] Request (TestImageHashVerification:_run_cleanups): 200 GET http://10.132.239.110/volume/v3/volumes/d8cd2016-cbdb-4510-bf29-32a9f2ba2773 0.050s
2026-07-28 19:02:46,623 2896874 DEBUG    [tempest.lib.common.rest_client] Request - Headers: {'Content-Type': 'application/json', 'Accept': 'application/json', 'X-Auth-Token': '<omitted>'}
        Body: None
    Response - Headers: {'date': 'Tue, 28 Jul 2026 19:02:46 GMT', 'server': 'Apache/2.4.58 (Ubuntu)', 'content-type': 'application/json', 'x-compute-request-id': 'req-0cc803b6-2c77-41b9-a750-9ff2f202cfd4', 'content-length': '854', 'openstack-api-version': 'volume 3.0', 'vary': 'OpenStack-API-Version', 'x-openstack-request-id': 'req-0cc803b6-2c77-41b9-a750-9ff2f202cfd4', 'connection': 'close', 'status': '200', 'content-location': 'http://10.132.239.110/volume/v3/volumes/d8cd2016-cbdb-4510-bf29-32a9f2ba2773'}
        Body: b'{"volume": {"id": "d8cd2016-cbdb-4510-bf29-32a9f2ba2773", "status": "deleting", "size": 1, "availability_zone": "nova", "created_at": "2026-07-28T19:02:42.000000", "updated_at": "2026-07-28T19:02:47.000000", "name": "tempest-TestImageHashVerification-volume-1536138258", "description": nul
    l, "volume_type": "arcusfc1", "snapshot_id": null, "source_volid": null, "metadata": {}, "links": [{"rel": "self", "href": "http://10.132.239.110/volume/v3/volumes/d8cd2016-cbdb-4510-bf29-32a9f2ba2773"}, {"rel": "bookmark", "href": "http://10.132.239.110/volume/volumes/d8cd2016-cbdb-4510-bf29-32a9f2ba2773"}], "user_id": "93573a33de6d43e4859162c4522a0af3", "bootable": "false", "encrypted": false, "replication_status": null, "consistencygroup_id": null, "multiattach": false, "attachments": [], "os-vol-tenant-attr:tenant_id": "5d08cbcaec0c4a27a7c971978b05edd6"}}'
2026-07-28 19:02:47,668 2896874 INFO     [tempest.lib.common.rest_client] Request (TestImageHashVerification:_run_cleanups): 404 GET http://10.132.239.110/volume/v3/volumes/d8cd2016-cbdb-4510-bf29-32a9f2ba2773 0.027s
2026-07-28 19:02:47,669 2896874 DEBUG    [tempest.lib.common.rest_client] Request - Headers: {'Content-Type': 'application/json', 'Accept': 'application/json', 'X-Auth-Token': '<omitted>'}
        Body: None
    Response - Headers: {'date': 'Tue, 28 Jul 2026 19:02:47 GMT', 'server': 'Apache/2.4.58 (Ubuntu)', 'openstack-api-version': 'volume 3.0', 'vary': 'OpenStack-API-Version', 'content-length': '109', 'content-type': 'application/json', 'x-compute-request-id': 'req-d784ef70-3dd6-4faf-a7f0-6b04a072193c', 'x-openstack-request-id': 'req-d784ef70-3dd6-4faf-a7f0-6b04a072193c', 'connection': 'close', 'status': '404', 'content-location': 'http://10.132.239.110/volume/v3/volumes/d8cd2016-cbdb-4510-bf29-32a9f2ba2773'}
        Body: b'{"itemNotFound": {"code": 404, "message": "Volume d8cd2016-cbdb-4510-bf29-32a9f2ba2773 could not be found."}}'



======
Totals
======
Ran: 205 tests in 542.4648 sec.
 - Passed: 197
 - Skipped: 7
 - Expected Fail: 0
 - Unexpected Success: 0
 - Failed: 1
Sum of execute time for each test: 232.0837 sec.

==============
Worker Balance
==============
 - Worker 0 (205 tests) => 0:09:02.464814
