{0} setUpClass (tempest.api.compute.******.test_live_migration.LiveAutoBlockMigrationV225Test) ... SKIPPED: Less than 2 compute nodes, skipping migration test.
{0} setUpClass (tempest.api.compute.******.test_live_migration.LiveMigrationTest) ... SKIPPED: Less than 2 compute nodes, skipping migration test.
{0} setUpClass (tempest.api.compute.******.test_live_migration.LiveMigrationWithoutHostTest) ... SKIPPED: Less than 2 compute nodes, skipping migration test.
{0} setUpClass (tempest.api.compute.servers.test_server_rescue.ServerBootFromVolumeStableRescueTest) ... SKIPPED: Stable rescue not available.
{0} setUpClass (tempest.api.compute.servers.test_server_rescue.ServerStableDeviceRescueTest) ... SKIPPED: Stable rescue not available.
{0} tempest.api.compute.volumes.test_volume_snapshots.VolumesSnapshotsTestJSON.test_volume_snapshot_create_get_list_delete [6.041560s] ... ok
{0} tempest.api.compute.volumes.test_volumes_get.VolumesGetTestJSON.test_volume_create_get_delete [2.141069s] ... ok
{0} tempest.api.compute.volumes.test_volumes_list.VolumesTestJSON.test_volume_list [0.165436s] ... ok
{0} tempest.api.compute.volumes.test_volumes_list.VolumesTestJSON.test_volume_list_param_limit [0.117241s] ... ok
{0} tempest.api.compute.volumes.test_volumes_list.VolumesTestJSON.test_volume_list_param_offset_and_limit [0.197749s] ... ok
{0} tempest.api.compute.volumes.test_volumes_list.VolumesTestJSON.test_volume_list_with_detail_param_limit [0.298812s] ... ok
{0} tempest.api.compute.volumes.test_volumes_list.VolumesTestJSON.test_volume_list_with_detail_param_offset_and_limit [0.158907s] ... ok
{0} tempest.api.compute.volumes.test_volumes_list.VolumesTestJSON.test_volume_list_with_details [0.088848s] ... ok
{0} tempest.api.compute.volumes.test_volumes_negative.VolumesNegativeTest.test_create_volume_with_invalid_size [0.291578s] ... ok
{0} tempest.api.compute.volumes.test_volumes_negative.VolumesNegativeTest.test_create_volume_with_size_zero [0.021235s] ... ok
{0} tempest.api.compute.volumes.test_volumes_negative.VolumesNegativeTest.test_create_volume_without_passing_size [0.019626s] ... ok
{0} tempest.api.compute.volumes.test_volumes_negative.VolumesNegativeTest.test_delete_invalid_volume_id [0.060741s] ... ok
{0} tempest.api.compute.volumes.test_volumes_negative.VolumesNegativeTest.test_delete_volume_without_passing_volume_id [0.014830s] ... ok
{0} tempest.api.compute.volumes.test_volumes_negative.VolumesNegativeTest.test_get_volume_without_passing_volume_id [0.015818s] ... ok
{0} tempest.api.compute.volumes.test_volumes_negative.VolumesNegativeTest.test_volume_delete_nonexistent_volume_id [0.056307s] ... ok
{0} tempest.api.compute.volumes.test_volumes_negative.VolumesNegativeTest.test_volume_get_nonexistent_volume_id [0.052733s] ... ok
{0} tempest.api.volume.******.test_backends_capabilities.BackendsCapabilitiesAdminTestsJSON.test_compare_volume_stats_values [0.201694s] ... ok
{0} tempest.api.volume.******.test_backends_capabilities.BackendsCapabilitiesAdminTestsJSON.test_get_capabilities_backend [0.047780s] ... ok
{0} setUpClass (tempest.api.volume.******.test_encrypted_volumes_extend.EncryptedVolumesExtendAttachedTest) ... SKIPPED: Attached encrypted volume extend is disabled.
{0} tempest.api.volume.******.test_group_snapshots.GroupSnapshotsTest.test_create_group_from_group_snapshot [11.998895s] ... ok
{0} tempest.api.volume.******.test_group_snapshots.GroupSnapshotsTest.test_delete_group_snapshots_following_updated_volumes [15.975926s] ... ok
{0} tempest.api.volume.******.test_group_snapshots.GroupSnapshotsTest.test_group_snapshot_create_show_list_delete [6.999258s] ... ok
{0} tempest.api.volume.******.test_group_snapshots.GroupSnapshotsV319Test.test_reset_group_snapshot_status [8.669967s] ... ok
{0} tempest.api.volume.******.test_group_type_specs.GroupTypeSpecsTest.test_group_type_specs_create_show_update_list_delete [0.737046s] ... ok
{0} tempest.api.volume.******.test_group_types.GroupTypesTest.test_group_type_create_list_update_show_delete [0.430926s] ... ok
{0} tempest.api.volume.******.test_group_types.GroupTypesTest.test_group_type_list_by_optional_params [0.341010s] ... ok
{0} tempest.api.volume.******.test_groups.GroupsTest.test_group_create_show_list_delete [8.542064s] ... ok
{0} tempest.api.volume.******.test_groups.GroupsTest.test_group_update [10.510681s] ... ok
{0} tempest.api.volume.******.test_groups.GroupsV314Test.test_create_group_from_group [12.076254s] ... ok
{0} tempest.api.volume.******.test_groups.GroupsV320Test.test_reset_group_status [3.475119s] ... ok
{0} tempest.api.volume.******.test_multi_backend.VolumeMultiBackendTest.test_backend_name_distinction [0.148903s] ... ok
{0} tempest.api.volume.******.test_multi_backend.VolumeMultiBackendTest.test_backend_name_distinction_with_prefix [0.142979s] ... ok
{0} tempest.api.volume.******.test_multi_backend.VolumeMultiBackendTest.test_backend_name_reporting [0.143625s] ... ok
{0} tempest.api.volume.******.test_multi_backend.VolumeMultiBackendTest.test_backend_name_reporting_with_prefix [0.136857s] ... ok
{0} tempest.api.volume.******.test_qos.QosSpecsTestJSON.test_associate_disassociate_qos [0.984636s] ... ok
{0} tempest.api.volume.******.test_qos.QosSpecsTestJSON.test_create_delete_qos_with_back_end_consumer [0.243547s] ... ok
{0} tempest.api.volume.******.test_qos.QosSpecsTestJSON.test_create_delete_qos_with_both_consumer [0.236328s] ... ok
{0} tempest.api.volume.******.test_qos.QosSpecsTestJSON.test_create_delete_qos_with_front_end_consumer [0.217440s] ... ok
{0} tempest.api.volume.******.test_qos.QosSpecsTestJSON.test_get_qos [0.031700s] ... ok
{0} tempest.api.volume.******.test_qos.QosSpecsTestJSON.test_list_qos [0.031013s] ... ok
{0} tempest.api.volume.******.test_qos.QosSpecsTestJSON.test_set_unset_qos_key [0.219041s] ... ok
{0} tempest.api.volume.******.test_snapshots_actions.SnapshotsActionsTest.test_reset_snapshot_status [0.305772s] ... ok
{0} tempest.api.volume.******.test_snapshots_actions.SnapshotsActionsTest.test_snapshot_force_delete_when_snapshot_is_creating [2.715758s] ... ok
{0} tempest.api.volume.******.test_snapshots_actions.SnapshotsActionsTest.test_snapshot_force_delete_when_snapshot_is_deleting [2.645006s] ... ok
{0} tempest.api.volume.******.test_snapshots_actions.SnapshotsActionsTest.test_snapshot_force_delete_when_snapshot_is_error [2.667783s] ... ok
{0} tempest.api.volume.******.test_snapshots_actions.SnapshotsActionsTest.test_snapshot_force_delete_when_snapshot_is_error_deleting [2.707760s] ... ok
{0} tempest.api.volume.******.test_snapshots_actions.SnapshotsActionsTest.test_update_snapshot_status [0.298158s] ... ok
{0} tempest.api.volume.******.test_user_messages.UserMessagesTest.test_delete_message [2.594351s] ... ok
{0} tempest.api.volume.******.test_user_messages.UserMessagesTest.test_list_show_messages [2.266318s] ... ok
{0} tempest.api.volume.******.test_volume_hosts.VolumeHostsAdminTestsJSON.test_list_hosts [0.200234s] ... ok
{0} tempest.api.volume.******.test_volume_hosts.VolumeHostsAdminTestsJSON.test_show_host [0.306040s] ... ok
{0} setUpClass (tempest.api.volume.******.test_volume_manage.VolumeManageAdminTest) ... SKIPPED: Manage volume tests are disabled
{0} tempest.api.volume.******.test_volume_pools.VolumePoolsAdminTestsJSON.test_get_pools_with_details [0.190585s] ... ok
{0} tempest.api.volume.******.test_volume_pools.VolumePoolsAdminTestsJSON.test_get_pools_without_details [0.043161s] ... ok
{0} tempest.api.volume.******.test_volume_quota_classes.VolumeQuotaClassesTest.test_show_default_quota [0.204677s] ... ok
{0} tempest.api.volume.******.test_volume_quota_classes.VolumeQuotaClassesTest.test_update_default_quota [1.194432s] ... ok
{0} tempest.api.volume.******.test_volume_quotas.VolumeQuotasAdminTestJSON.test_delete_quota [0.494585s] ... ok
{0} tempest.api.volume.******.test_volume_quotas.VolumeQuotasAdminTestJSON.test_list_default_quotas [0.058020s] ... ok
{0} tempest.api.volume.******.test_volume_quotas.VolumeQuotasAdminTestJSON.test_list_quotas [0.060280s] ... ok
{0} tempest.api.volume.******.test_volume_quotas.VolumeQuotasAdminTestJSON.test_quota_usage [3.264536s] ... ok
{0} tempest.api.volume.******.test_volume_quotas.VolumeQuotasAdminTestJSON.test_quota_usage_after_volume_transfer [4.045265s] ... ok
{0} tempest.api.volume.******.test_volume_quotas.VolumeQuotasAdminTestJSON.test_show_quota_usage [0.071055s] ... ok
{0} tempest.api.volume.******.test_volume_quotas.VolumeQuotasAdminTestJSON.test_update_all_quota_resources_for_tenant [0.364442s] ... ok
{0} tempest.api.volume.******.test_volume_quotas_negative.VolumeQuotasNegativeTestJSON.test_quota_volume_gigabytes [0.417272s] ... ok
{0} tempest.api.volume.******.test_volume_quotas_negative.VolumeQuotasNegativeTestJSON.test_quota_volumes [0.398930s] ... ok
{0} tempest.api.volume.******.test_volume_quotas_negative.VolumeQuotasNegativeTestJSON.test_volume_extend_gigabytes_quota_deviation [0.245171s] ... ok
{0} tempest.api.volume.******.test_volume_retype.VolumeRetypeMultiattachTest.test_volume_retype_multiattach [6.442723s] ... ok
{0} tempest.api.volume.******.test_volume_retype.VolumeRetypeWithoutMigrationTest.test_available_volume_retype [4.941147s] ... ok
{0} tempest.api.volume.******.test_volume_services.VolumesServicesTestJSON.test_get_service_by_host_name [0.035387s] ... ok
{0} tempest.api.volume.******.test_volume_services.VolumesServicesTestJSON.test_get_service_by_service_and_host_name [0.035531s] ... ok
{0} tempest.api.volume.******.test_volume_services.VolumesServicesTestJSON.test_get_service_by_service_binary_name [0.029775s] ... ok
{0} tempest.api.volume.******.test_volume_services.VolumesServicesTestJSON.test_get_service_by_volume_host_name [3.260097s] ... ok
{0} tempest.api.volume.******.test_volume_services.VolumesServicesTestJSON.test_list_services [0.036669s] ... ok
{0} tempest.api.volume.******.test_volume_services_negative.VolumeServicesNegativeTest.test_disable_log_reason_with_no_reason [0.022280s] ... ok
{0} tempest.api.volume.******.test_volume_services_negative.VolumeServicesNegativeTest.test_disable_service_with_invalid_binary [0.039741s] ... ok
{0} tempest.api.volume.******.test_volume_services_negative.VolumeServicesNegativeTest.test_enable_service_with_invalid_host [0.031647s] ... ok
{0} tempest.api.volume.******.test_volume_services_negative.VolumeServicesNegativeTest.test_freeze_host_with_invalid_host [0.030244s] ... ok
{0} tempest.api.volume.******.test_volume_services_negative.VolumeServicesNegativeTest.test_thaw_host_with_invalid_host [0.051213s] ... ok
{0} tempest.api.volume.******.test_volume_snapshot_quotas_negative.VolumeSnapshotQuotasNegativeTestJSON.test_quota_volume_gigabytes_snapshots [0.608421s] ... ok
{0} tempest.api.volume.******.test_volume_snapshot_quotas_negative.VolumeSnapshotQuotasNegativeTestJSON.test_quota_volume_snapshots [0.097521s] ... ok
{0} tempest.api.volume.******.test_volume_type_access.VolumeTypesAccessTest.test_volume_type_access_add [3.543429s] ... ok
{0} tempest.api.volume.******.test_volume_type_access.VolumeTypesAccessTest.test_volume_type_access_list [0.361738s] ... ok
{0} tempest.api.volume.******.test_volume_types.VolumeTypesTest.test_volume_type_create_get_delete [0.366849s] ... ok
{0} tempest.api.volume.******.test_volume_types.VolumeTypesTest.test_volume_type_encryption_create_get_update_delete [0.563530s] ... ok
{0} tempest.api.volume.******.test_volume_types.VolumeTypesTest.test_volume_type_list [0.081685s] ... ok
{0} tempest.api.volume.******.test_volume_types.VolumeTypesTest.test_volume_type_update [0.310295s] ... ok
{0} tempest.api.volume.******.test_volume_types_extra_specs.VolumeTypesExtraSpecsTest.test_volume_type_extra_spec_create_get_delete [0.268219s] ... ok
{0} tempest.api.volume.******.test_volume_types_extra_specs.VolumeTypesExtraSpecsTest.test_volume_type_extra_specs_list [0.111917s] ... ok
{0} tempest.api.volume.******.test_volume_types_extra_specs.VolumeTypesExtraSpecsTest.test_volume_type_extra_specs_update [0.366629s] ... ok
{0} tempest.api.volume.******.test_volume_types_extra_specs_negative.ExtraSpecsNegativeTest.test_create_invalid_body [0.021966s] ... ok
{0} tempest.api.volume.******.test_volume_types_extra_specs_negative.ExtraSpecsNegativeTest.test_create_none_body [0.021749s] ... ok
{0} tempest.api.volume.******.test_volume_types_extra_specs_negative.ExtraSpecsNegativeTest.test_create_nonexistent_type_id [0.042780s] ... ok
{0} tempest.api.volume.******.test_volume_types_extra_specs_negative.ExtraSpecsNegativeTest.test_delete_nonexistent_volume_type_id [0.028403s] ... ok
{0} tempest.api.volume.******.test_volume_types_extra_specs_negative.ExtraSpecsNegativeTest.test_get_nonexistent_extra_spec_name [0.038686s] ... ok
{0} tempest.api.volume.******.test_volume_types_extra_specs_negative.ExtraSpecsNegativeTest.test_get_nonexistent_volume_type_id [0.025662s] ... ok
{0} tempest.api.volume.******.test_volume_types_extra_specs_negative.ExtraSpecsNegativeTest.test_list_nonexistent_volume_type_id [0.027880s] ... ok
{0} tempest.api.volume.******.test_volume_types_extra_specs_negative.ExtraSpecsNegativeTest.test_update_multiple_extra_spec [0.019472s] ... ok
{0} tempest.api.volume.******.test_volume_types_extra_specs_negative.ExtraSpecsNegativeTest.test_update_no_body [0.020042s] ... ok
{0} tempest.api.volume.******.test_volume_types_extra_specs_negative.ExtraSpecsNegativeTest.test_update_none_extra_spec_id [0.046435s] ... ok
{0} tempest.api.volume.******.test_volume_types_extra_specs_negative.ExtraSpecsNegativeTest.test_update_nonexistent_extra_spec_id [0.047527s] ... ok
{0} tempest.api.volume.******.test_volume_types_extra_specs_negative.ExtraSpecsNegativeTest.test_update_nonexistent_type_id [0.042776s] ... ok
{0} tempest.api.volume.******.test_volume_types_negative.VolumeTypesNegativeTest.test_create_volume_type_encryption_nonexistent_type_id [0.198768s] ... ok
{0} tempest.api.volume.******.test_volume_types_negative.VolumeTypesNegativeTest.test_create_volume_with_private_volume_type [0.351002s] ... ok
{0} tempest.api.volume.******.test_volume_types_negative.VolumeTypesNegativeTest.test_create_with_empty_name [0.021336s] ... ok
{0} tempest.api.volume.******.test_volume_types_negative.VolumeTypesNegativeTest.test_create_with_repeated_name [0.191707s] ... ok
{0} tempest.api.volume.******.test_volume_types_negative.VolumeTypesNegativeTest.test_delete_nonexistent_type_id [0.025512s] ... ok
{0} tempest.api.volume.******.test_volume_types_negative.VolumeTypesNegativeTest.test_get_nonexistent_type_id [0.021733s] ... ok
{0} tempest.api.volume.******.test_volumes_list.VolumesListAdminTestJSON.test_volume_list_param_tenant [2.007525s] ... ok
{0} tempest.api.volume.test_availability_zone.AvailabilityZoneTestJSON.test_get_availability_zone_list [0.188776s] ... ok
{0} tempest.api.volume.test_extensions.ExtensionsTestJSON.test_list_extensions [0.197737s] ... ok
{0} tempest.api.volume.test_snapshot_metadata.SnapshotMetadataTestJSON.test_crud_snapshot_metadata [0.390614s] ... ok
{0} tempest.api.volume.test_snapshot_metadata.SnapshotMetadataTestJSON.test_update_show_snapshot_metadata_item [0.363374s] ... ok
{0} tempest.api.volume.test_versions.VersionsTest.test_list_versions [0.016593s] ... ok
{0} tempest.api.volume.test_versions.VersionsTest.test_show_version [0.174836s] ... ok
{0} tempest.api.volume.test_volume_absolute_limits.AbsoluteLimitsTests.test_get_volume_absolute_limits [0.085545s] ... ok
{0} tempest.api.volume.test_volume_delete_cascade.VolumesDeleteCascade.test_volume_delete_cascade [7.259864s] ... ok
{0} tempest.api.volume.test_volume_delete_cascade.VolumesDeleteCascade.test_volume_from_snapshot_cascade_delete [10.940408s] ... ok
{0} tempest.api.volume.test_volume_metadata.VolumesMetadataTest.test_crud_volume_metadata [0.482113s] ... ok
{0} tempest.api.volume.test_volume_metadata.VolumesMetadataTest.test_update_show_volume_metadata_item [0.289013s] ... ok
{0} tempest.api.volume.test_volume_transfers.VolumesTransfersTest.test_create_get_list_accept_volume_transfer [4.380396s] ... ok
{0} tempest.api.volume.test_volume_transfers.VolumesTransfersTest.test_create_list_delete_volume_transfer [3.202931s] ... ok
{0} tempest.api.volume.test_volume_transfers.VolumesTransfersV355Test.test_create_get_list_accept_volume_transfer [4.427350s] ... ok
{0} tempest.api.volume.test_volume_transfers.VolumesTransfersV355Test.test_create_list_delete_volume_transfer [3.226492s] ... ok
{0} tempest.api.volume.test_volume_transfers.VolumesTransfersV357Test.test_create_get_list_accept_volume_transfer [4.220951s] ... ok
{0} tempest.api.volume.test_volume_transfers.VolumesTransfersV357Test.test_create_list_delete_volume_transfer [3.204246s] ... ok
{0} tempest.api.volume.test_volumes_clone.VolumesCloneTest.test_create_from_volume [6.145848s] ... ok
{0} tempest.api.volume.test_volumes_clone_negative.VolumesCloneNegativeTest.test_create_from_volume_decreasing_size [3.267417s] ... ok
{0} tempest.api.volume.test_volumes_get.VolumesGetTest.test_volume_create_get_update_delete [6.583914s] ... ok
{0} tempest.api.volume.test_volumes_get.VolumesGetTest.test_volume_create_get_update_delete_as_clone [11.408440s] ... ok
{0} tempest.api.volume.test_volumes_get.VolumesSummaryTest.test_show_volume_summary [0.191141s] ... ok
{0} tempest.api.volume.test_volumes_list.VolumesListTestJSON.test_volume_list [0.044186s] ... ok
{0} tempest.api.volume.test_volumes_list.VolumesListTestJSON.test_volume_list_by_name [0.110826s] ... ok
{0} tempest.api.volume.test_volumes_list.VolumesListTestJSON.test_volume_list_details_by_name [0.167909s] ... ok
{0} tempest.api.volume.test_volumes_list.VolumesListTestJSON.test_volume_list_details_pagination [0.457682s] ... ok
{0} tempest.api.volume.test_volumes_list.VolumesListTestJSON.test_volume_list_details_with_multiple_params [0.310923s] ... ok
{0} tempest.api.volume.test_volumes_list.VolumesListTestJSON.test_volume_list_pagination [0.226017s] ... ok
{0} tempest.api.volume.test_volumes_list.VolumesListTestJSON.test_volume_list_param_display_name_and_status [0.113450s] ... ok
{0} tempest.api.volume.test_volumes_list.VolumesListTestJSON.test_volume_list_with_detail_param_display_name_and_status [0.136457s] ... ok
{0} tempest.api.volume.test_volumes_list.VolumesListTestJSON.test_volume_list_with_detail_param_marker [0.159004s] ... ok
{0} tempest.api.volume.test_volumes_list.VolumesListTestJSON.test_volume_list_with_detail_param_metadata [0.151086s] ... ok
{0} tempest.api.volume.test_volumes_list.VolumesListTestJSON.test_volume_list_with_details [0.071852s] ... ok
{0} tempest.api.volume.test_volumes_list.VolumesListTestJSON.test_volume_list_with_param_metadata [0.049909s] ... ok
{0} tempest.api.volume.test_volumes_list.VolumesListTestJSON.test_volumes_list_by_availability_zone [0.249549s] ... ok
{0} tempest.api.volume.test_volumes_list.VolumesListTestJSON.test_volumes_list_by_bootable [0.280169s] ... ok
{0} tempest.api.volume.test_volumes_list.VolumesListTestJSON.test_volumes_list_by_status [0.281092s] ... ok
{0} tempest.api.volume.test_volumes_list.VolumesListTestJSON.test_volumes_list_details_by_availability_zone [0.070444s] ... ok
{0} tempest.api.volume.test_volumes_list.VolumesListTestJSON.test_volumes_list_details_by_bootable [0.082002s] ... ok
{0} tempest.api.volume.test_volumes_list.VolumesListTestJSON.test_volumes_list_details_by_status [0.082035s] ... ok
{0} tempest.api.volume.test_volumes_negative.VolumesNegativeTest.test_create_volume_from_deactivated_image [3.310166s] ... ok
{0} tempest.api.volume.test_volumes_negative.VolumesNegativeTest.test_create_volume_from_image_with_decreasing_size [2.762682s] ... ok
{0} tempest.api.volume.test_volumes_negative.VolumesNegativeTest.test_create_volume_with_invalid_size [0.026511s] ... ok
{0} tempest.api.volume.test_volumes_negative.VolumesNegativeTest.test_create_volume_with_nonexistent_snapshot_id [0.041241s] ... ok
{0} tempest.api.volume.test_volumes_negative.VolumesNegativeTest.test_create_volume_with_nonexistent_source_volid [0.045692s] ... ok
{0} tempest.api.volume.test_volumes_negative.VolumesNegativeTest.test_create_volume_with_nonexistent_volume_type [0.063840s] ... ok
{0} tempest.api.volume.test_volumes_negative.VolumesNegativeTest.test_create_volume_with_size_negative [0.019566s] ... ok
{0} tempest.api.volume.test_volumes_negative.VolumesNegativeTest.test_create_volume_with_size_zero [0.025072s] ... ok
{0} tempest.api.volume.test_volumes_negative.VolumesNegativeTest.test_create_volume_without_passing_size [0.019460s] ... ok
{0} tempest.api.volume.test_volumes_negative.VolumesNegativeTest.test_delete_invalid_volume_id [0.046761s] ... ok
{0} tempest.api.volume.test_volumes_negative.VolumesNegativeTest.test_delete_volume_without_passing_volume_id [0.015723s] ... ok
{0} tempest.api.volume.test_volumes_negative.VolumesNegativeTest.test_detach_volumes_with_invalid_volume_id [0.044756s] ... ok
{0} tempest.api.volume.test_volumes_negative.VolumesNegativeTest.test_get_invalid_volume_id [0.030962s] ... ok
{0} tempest.api.volume.test_volumes_negative.VolumesNegativeTest.test_get_volume_without_passing_volume_id [0.017009s] ... ok
{0} tempest.api.volume.test_volumes_negative.VolumesNegativeTest.test_list_volumes_detail_with_invalid_status [0.061397s] ... ok
{0} tempest.api.volume.test_volumes_negative.VolumesNegativeTest.test_list_volumes_detail_with_nonexistent_name [0.063578s] ... ok
{0} tempest.api.volume.test_volumes_negative.VolumesNegativeTest.test_list_volumes_with_invalid_status [0.039769s] ... ok
{0} tempest.api.volume.test_volumes_negative.VolumesNegativeTest.test_list_volumes_with_nonexistent_name [0.037009s] ... ok
{0} tempest.api.volume.test_volumes_negative.VolumesNegativeTest.test_reserve_volume_with_negative_volume_status [0.194081s] ... ok
{0} tempest.api.volume.test_volumes_negative.VolumesNegativeTest.test_reserve_volume_with_nonexistent_volume_id [0.055332s] ... ok
{0} tempest.api.volume.test_volumes_negative.VolumesNegativeTest.test_unreserve_volume_with_nonexistent_volume_id [0.037736s] ... ok
{0} tempest.api.volume.test_volumes_negative.VolumesNegativeTest.test_update_volume_with_empty_volume_id [0.014546s] ... ok
{0} tempest.api.volume.test_volumes_negative.VolumesNegativeTest.test_update_volume_with_invalid_volume_id [0.039003s] ... ok
{0} tempest.api.volume.test_volumes_negative.VolumesNegativeTest.test_update_volume_with_nonexistent_volume_id [0.036360s] ... ok
{0} tempest.api.volume.test_volumes_negative.VolumesNegativeTest.test_volume_delete_nonexistent_volume_id [0.028860s] ... ok
{0} tempest.api.volume.test_volumes_negative.VolumesNegativeTest.test_volume_extend_with_None_size [0.017810s] ... ok
{0} tempest.api.volume.test_volumes_negative.VolumesNegativeTest.test_volume_extend_with_non_number_size [0.020468s] ... ok
{0} tempest.api.volume.test_volumes_negative.VolumesNegativeTest.test_volume_extend_with_nonexistent_volume_id [0.037952s] ... ok
{0} tempest.api.volume.test_volumes_negative.VolumesNegativeTest.test_volume_extend_with_size_smaller_than_original_size [0.014045s] ... ok
{0} tempest.api.volume.test_volumes_negative.VolumesNegativeTest.test_volume_extend_without_passing_volume_id [0.025174s] ... ok
{0} tempest.api.volume.test_volumes_negative.VolumesNegativeTest.test_volume_get_nonexistent_volume_id [0.034691s] ... ok
{0} tempest.api.volume.test_volumes_snapshots_list.VolumesSnapshotListTestJSON.test_snapshot_list_param_limit [0.039276s] ... ok
{0} tempest.api.volume.test_volumes_snapshots_list.VolumesSnapshotListTestJSON.test_snapshot_list_param_limit_equals_infinite [0.067423s] ... ok
{0} tempest.api.volume.test_volumes_snapshots_list.VolumesSnapshotListTestJSON.test_snapshot_list_param_limit_equals_zero [0.030085s] ... ok
{0} tempest.api.volume.test_volumes_snapshots_list.VolumesSnapshotListTestJSON.test_snapshot_list_param_marker [0.118727s] ... ok
{0} tempest.api.volume.test_volumes_snapshots_list.VolumesSnapshotListTestJSON.test_snapshot_list_param_offset [0.062695s] ... ok
{0} tempest.api.volume.test_volumes_snapshots_list.VolumesSnapshotListTestJSON.test_snapshot_list_param_sort_created_at_asc [0.053456s] ... ok
{0} tempest.api.volume.test_volumes_snapshots_list.VolumesSnapshotListTestJSON.test_snapshot_list_param_sort_created_at_desc [0.033552s] ... ok
{0} tempest.api.volume.test_volumes_snapshots_list.VolumesSnapshotListTestJSON.test_snapshot_list_param_sort_id_asc [0.054441s] ... ok
{0} tempest.api.volume.test_volumes_snapshots_list.VolumesSnapshotListTestJSON.test_snapshot_list_param_sort_id_desc [0.069515s] ... ok
{0} tempest.api.volume.test_volumes_snapshots_list.VolumesSnapshotListTestJSON.test_snapshot_list_param_sort_name_asc [0.058725s] ... ok
{0} tempest.api.volume.test_volumes_snapshots_list.VolumesSnapshotListTestJSON.test_snapshot_list_param_sort_name_desc [0.353552s] ... ok
{0} tempest.api.volume.test_volumes_snapshots_list.VolumesSnapshotListTestJSON.test_snapshots_list_details_with_params [0.153011s] ... ok
{0} tempest.api.volume.test_volumes_snapshots_list.VolumesSnapshotListTestJSON.test_snapshots_list_with_params [0.437978s] ... ok
{0} tempest.api.volume.test_volumes_snapshots_negative.VolumesSnapshotNegativeTestJSON.test_create_snapshot_with_nonexistent_volume_id [0.171351s] ... ok
{0} tempest.api.volume.test_volumes_snapshots_negative.VolumesSnapshotNegativeTestJSON.test_create_snapshot_without_passing_volume_id [0.092356s] ... ok
{0} tempest.api.volume.test_volumes_snapshots_negative.VolumesSnapshotNegativeTestJSON.test_list_snapshot_invalid_param_limit [0.014306s] ... ok
{0} tempest.api.volume.test_volumes_snapshots_negative.VolumesSnapshotNegativeTestJSON.test_list_snapshots_invalid_param_marker [0.028988s] ... ok
{0} tempest.api.volume.test_volumes_snapshots_negative.VolumesSnapshotNegativeTestJSON.test_list_snapshots_invalid_param_sort [0.018222s] ... ok
{0} tempest.api.volume.test_volumes_snapshots_negative.VolumesSnapshotNegativeTestJSON.test_volume_from_snapshot_decreasing_size [5.382468s] ... ok
{0} tempest.scenario.test_snapshots_with_add_location.TestImageHashVerification.test_volume_upload_image_hash_verification [7.404777s] ... FAILED

Captured traceback:
~~~~~~~~~~~~~~~~~~~
    Traceback (most recent call last):

      File "/opt/stack/tempest/tempest/common/utils/__init__.py", line 65, in wrapper
    return f(*func_args, **func_kwargs)
           ^^^^^^^^^^^^^^^^^^^^^^^^^^^^

      File "/opt/stack/tempest/tempest/scenario/test_snapshots_with_add_location.py", line 198, in test_volume_upload_image_hash_verification
    waiters.wait_for_image_status(

      File "/opt/stack/tempest/tempest/common/waiters.py", line 175, in wait_for_image_status
    image = show_image(image_id)
            ^^^^^^^^^^^^^^^^^^^^

      File "/opt/stack/tempest/tempest/lib/services/image/v2/images_client.py", line 119, in show_image
    resp, body = self.get(url)
                 ^^^^^^^^^^^^^

      File "/opt/stack/tempest/tempest/lib/common/rest_client.py", line 345, in get
    return self.request('GET', url, extra_headers, headers,
           ^^^^^^^^^^^^^^^^^^^^^^^^^^^^^^^^^^^^^^^^^^^^^^^^

      File "/opt/stack/tempest/tempest/lib/common/rest_client.py", line 767, in request
    self._error_checker(resp, resp_body)

      File "/opt/stack/tempest/tempest/lib/common/rest_client.py", line 877, in _error_checker
    raise exceptions.NotFound(resp_body, resp=resp)

    tempest.lib.exceptions.NotFound: Object not found
Details: {'message': 'No image found with ID 9102741a-b001-4567-83d5-4e7a251ca40c<br /><br />\n\n\n', 'code': '404 Not Found', 'title': 'Not Found'}


Captured pythonlogging:
~~~~~~~~~~~~~~~~~~~~~~~
    2026-07-27 10:28:02,696 2985272 INFO     [tempest.lib.common.rest_client] Request (TestImageHashVerification:test_volume_upload_image_hash_verification): 202 POST http://10.132.239.111/volume/v3/volumes 0.833s
2026-07-27 10:28:02,697 2985272 DEBUG    [tempest.lib.common.rest_client] Request - Headers: {'Content-Type': 'application/json', 'Accept': 'application/json', 'X-Auth-Token': '<omitted>'}
        Body: {"volume": {"name": "tempest-TestImageHashVerification-volume-1400928527", "snapshot_id": null, "imageRef": null, "volume_type": null, "size": 1}}
    Response - Headers: {'date': 'Mon, 27 Jul 2026 10:28:01 GMT', 'server': 'Apache/2.4.58 (Ubuntu)', 'content-type': 'application/json', 'x-compute-request-id': 'req-91a79b18-b5da-4afe-b14d-89f6741abf26', 'content-length': '762', 'openstack-api-version': 'volume 3.0', 'vary': 'OpenStack-API-Version', 'x-openstack-request-id': 'req-91a79b18-b5da-4afe-b14d-89f6741abf26', 'connection': 'close', 'status': '202', 'content-location': 'http://10.132.239.111/volume/v3/volumes'}
        Body: b'{"volume": {"id": "f1da6a84-ce6b-4395-ac9a-a1a5bf7faa43", "status": "creating", "size": 1, "availability_zone": "nova", "created_at": "2026-07-27T10:28:02.528460", "updated_at": null, "name": "tempest-TestImageHashVerification-volume-1400928527", "description": null, "volume_type": "nvmetcp1", "snapshot_id": null, "source_volid": null, "metadata": {}, "links": [{"rel": "self", "href": "http://10.132.239.111/volume/v3/volumes/f1da6a84-ce6b-4395-ac9a-a1a5bf7faa43"}, {"rel": "bookmark", "href": "http://10.132.239.111/volume/volumes/f1da6a84-ce6b-4395-ac9a-a1a5bf7faa43"}], "user_id": "dcc48f3e2af4406b9f0a41f085d70279", "bootable": "false", "encrypted": false, "replication_status": null, "consistencygroup_id": null, "multiattach": false, "attachments": []}}'
2026-07-27 10:28:02,763 2985272 INFO     [tempest.lib.common.rest_client] Request (TestImageHashVerification:test_volume_upload_image_hash_verification): 200 GET http://10.132.239.111/volume/v3/volumes/f1da6a84-ce6b-4395-ac9a-a1a5bf7faa43 0.052s
2026-07-27 10:28:02,764 2985272 DEBUG    [tempest.lib.common.rest_client] Request - Headers: {'Content-Type': 'application/json', 'Accept': 'application/json', 'X-Auth-Token': '<omitted>'}
        Body: None
    Response - Headers: {'date': 'Mon, 27 Jul 2026 10:28:02 GMT', 'server': 'Apache/2.4.58 (Ubuntu)', 'content-type': 'application/json', 'x-compute-request-id': 'req-55a4e970-8e13-4bad-bd43-318a31df419c', 'content-length': '830', 'openstack-api-version': 'volume 3.0', 'vary': 'OpenStack-API-Version', 'x-openstack-request-id': 'req-55a4e970-8e13-4bad-bd43-318a31df419c', 'connection': 'close', 'status': '200', 'content-location': 'http://10.132.239.111/volume/v3/volumes/f1da6a84-ce6b-4395-ac9a-a1a5bf7faa43'}
        Body: b'{"volume": {"id": "f1da6a84-ce6b-4395-ac9a-a1a5bf7faa43", "status": "creating", "size": 1, "availability_zone": "nova", "created_at": "2026-07-27T10:28:03.000000", "updated_at": null, "name": "tempest-TestImageHashVerification-volume-1400928527", "description": null, "volume_type": "nvmetcp1", "snapshot_id": null, "source_volid": null, "metadata": {}, "links": [{"rel": "self", "href": "http://10.132.239.111/volume/v3/volumes/f1da6a84-ce6b-4395-ac9a-a1a5bf7faa43"}, {"rel": "bookmark", "href": "http://10.132.239.111/volume/volumes/f1da6a84-ce6b-4395-ac9a-a1a5bf7faa43"}], "user_id": "dcc48f3e2af4406b9f0a41f085d70279", "bootable": "false", "encrypted": false, "replication_status": null, "consistencygroup_id": null, "multiattach": false, "attachments": [], "os-vol-tenant-attr:tenant_id": "a57b559ec5c1467d899f174f66bfec08"}}'
2026-07-27 10:28:03,840 2985272 INFO     [tempest.lib.common.rest_client] Request (TestImageHashVerification:test_volume_upload_image_hash_verification): 200 GET http://10.132.239.111/volume/v3/volumes/f1da6a84-ce6b-4395-ac9a-a1a5bf7faa43 0.056s
2026-07-27 10:28:03,841 2985272 DEBUG    [tempest.lib.common.rest_client] Request - Headers: {'Content-Type': 'application/json', 'Accept': 'application/json', 'X-Auth-Token': '<omitted>'}
        Body: None
    Respons
    e - Headers: {'date': 'Mon, 27 Jul 2026 10:28:03 GMT', 'server': 'Apache/2.4.58 (Ubuntu)', 'content-type': 'application/json', 'x-compute-request-id': 'req-4b704154-04f0-4aca-9573-2417218f3c87', 'content-length': '855', 'openstack-api-version': 'volume 3.0', 'vary': 'OpenStack-API-Version', 'x-openstack-request-id': 'req-4b704154-04f0-4aca-9573-2417218f3c87', 'connection': 'close', 'status': '200', 'content-location': 'http://10.132.239.111/volume/v3/volumes/f1da6a84-ce6b-4395-ac9a-a1a5bf7faa43'}
        Body: b'{"volume": {"id": "f1da6a84-ce6b-4395-ac9a-a1a5bf7faa43", "status": "available", "size": 1, "availability_zone": "nova", "created_at": "2026-07-27T10:28:03.000000", "updated_at": "2026-07-27T10:28:03.000000", "name": "tempest-TestImageHashVerification-volume-1400928527", "description": null, "volume_type": "nvmetcp1", "snapshot_id": null, "source_volid": null, "metadata": {}, "links": [{"rel": "self", "href": "http://10.132.239.111/volume/v3/volumes/f1da6a84-ce6b-4395-ac9a-a1a5bf7faa43"}, {"rel": "bookmark", "href": "http://10.132.239.111/volume/volumes/f1da6a84-ce6b-4395-ac9a-a1a5bf7faa43"}], "user_id": "dcc48f3e2af4406b9f0a41f085d70279", "bootable": "false", "encrypted": false, "replication_status": null, "consistencygroup_id": null, "multiattach": false, "attachments": [], "os-vol-tenant-attr:tenant_id": "a57b559ec5c1467d899f174f66bfec08"}}'
2026-07-27 10:28:03,856 2985272 INFO     [tempest.common.waiters] volume f1da6a84-ce6b-4395-ac9a-a1a5bf7faa43 reached available after waiting for 1.856766 seconds
2026-07-27 10:28:03,907 2985272 INFO     [tempest.lib.common.rest_client] Request (TestImageHashVerification:test_volume_upload_image_hash_verification): 200 GET http://10.132.239.111/volume/v3/volumes/f1da6a84-ce6b-4395-ac9a-a1a5bf7faa43 0.050s
2026-07-27 10:28:03,908 2985272 DEBUG    [tempest.lib.common.rest_client] Request - Headers: {'Content-Type': 'application/json', 'Accept': 'application/json', 'X-Auth-Token': '<omitted>'}
        Body: None
    Response - Headers: {'date': 'Mon, 27 Jul 2026 10:28:03 GMT', 'server': 'Apache/2.4.58 (Ubuntu)', 'content-type': 'application/json', 'x-compute-request-id': 'req-ff364bae-1690-44b5-8516-35ad80acb695', 'content-length': '855', 'openstack-api-version': 'volume 3.0', 'vary': 'OpenStack-API-Version', 'x-openstack-request-id': 'req-ff364bae-1690-44b5-8516-35ad80acb695', 'connection': 'close', 'status': '200', 'content-location': 'http://10.132.239.111/volume/v3/volumes/f1da6a84-ce6b-4395-ac9a-a1a5bf7faa43'}
        Body: b'{"volume": {"id": "f1da6a84-ce6b-4395-ac9a-a1a5bf7faa43", "status": "available", "size": 1, "availability_zone": "nova", "created_at": "2026-07-27T10:28:03.000000", "updated_at": "2026-07-27T10:28:03.000000", "name": "tempest-TestImageHashVerification-volume-1400928527", "description": null, "volume_type": "nvmetcp1", "snapshot_id": null, "source_volid": null, "metadata": {}, "links": [{"rel": "self", "href": "http://10.132.239.111/volume/v3/volumes/f1da6a84-ce6b-4395-ac9a-a1a5bf7faa43"}, {"rel": "bookmark", "href": "http://10.132.239.111/volume/volumes/f1da6a84-ce6b-4395-ac9a-a1a5bf7faa43"}], "user_id": "dcc48f3e2af4406b9f0a41f085d70279", "bootable": "false", "encrypted": false, "replication_status": null, "consistencygroup_id": null, "multiattach": false, "attachments": [], "os-vol-tenant-attr:tenant_id": "a57b559ec5c1467d899f174f66bfec08"}}'
2026-07-27 10:28:04,893 2985272 INFO     [tempest.lib.common.rest_client] Request (TestImageHashVerification:test_volume_upload_image_hash_verification): 202 POST http://10.132.239.111/volume/v3/volumes/f1da6a84-ce6b-4395-ac9a-a1a5bf7faa43/action 0.969s
2026-07-27 10:28:04,894 2985272 DEBUG    [tempest.lib.common.rest_client] Request - Headers: {'Content-Type': 'application/json', 'Accept': 'application/json', 'X-Auth-Token': '<omitted>'}
        Body: {"os-volume_upload_image": {"image_name": "tempest-volume-upload-hash-test-810385259", "disk_format": "raw"}}
    Response - Headers: {'date': 'Mon, 27 Jul 2026 10:28:03 GMT', 'server': 'Apache/2.4.58 (Ubuntu)', 'content-type': 'application/json', 'x-compute-re
    quest-id': 'req-9a22719c-50ce-4b6e-b858-52210a4108fd', 'content-length': '735', 'openstack-api-version': 'volume 3.0', 'vary': 'OpenStack-API-Version', 'x-openstack-request-id': 'req-9a22719c-50ce-4b6e-b858-52210a4108fd', 'connection': 'close', 'status': '202', 'content-location': 'http://10.132.239.111/volume/v3/volumes/f1da6a84-ce6b-4395-ac9a-a1a5bf7faa43/action'}
        Body: b'{"os-volume_upload_image": {"id": "f1da6a84-ce6b-4395-ac9a-a1a5bf7faa43", "updated_at": "2026-07-27T10:28:03.000000", "status": "uploading", "display_description": null, "size": 1, "volume_type": {"id": "1a7f7a50-7aad-4abf-a602-0d7070ec3997", "name": "nvmetcp1", "description": null, "is_public": true, "extra_specs": {"volume_backend_name": "nvmetcp1", "consistent_group_snapshot_enabled": "<is> True"}, "qos_specs_id": null, "created_at": "2026-07-27T10:17:14.000000", "updated_at": null, "deleted_at": null, "deleted": false}, "image_id": "9102741a-b001-4567-83d5-4e7a251ca40c", "container_format": "bare", "disk_format": "raw", "image_name": "tempest-volume-upload-hash-test-810385259", "protected": false, "visibility": "shared"}}'
2026-07-27 10:28:04,923 2985272 INFO     [tempest.lib.common.rest_client] Request (TestImageHashVerification:test_volume_upload_image_hash_verification): 200 GET http://10.132.239.111/image/v2/images/9102741a-b001-4567-83d5-4e7a251ca40c 0.028s
2026-07-27 10:28:04,923 2985272 DEBUG    [tempest.lib.common.rest_client] Request - Headers: {'Content-Type': 'application/json', 'Accept': 'application/json', 'X-Auth-Token': '<omitted>'}
        Body: None
    Response - Headers: {'date': 'Mon, 27 Jul 2026 10:28:04 GMT', 'server': 'Apache/2.4.58 (Ubuntu)', 'content-length': '648', 'content-type': 'application/json', 'x-openstack-request-id': 'req-4c703628-8a24-4c11-a6ca-519fdd293ba5', 'connection': 'close', 'status': '200', 'content-location': 'http://10.132.239.111/image/v2/images/9102741a-b001-4567-83d5-4e7a251ca40c'}
        Body: b'{"name": "tempest-volume-upload-hash-test-810385259", "disk_format": "raw", "container_format": "bare", "visibility": "shared", "size": null, "virtual_size": null, "status": "queued", "checksum": null, "protected": false, "min_ram": 0, "min_disk": 0, "owner": "a57b559ec5c1467d899f174f66bfec08", "os_hidden": false, "os_hash_algo": null, "os_hash_value": null, "id": "9102741a-b001-4567-83d5-4e7a251ca40c", "created_at": "2026-07-27T10:28:05Z", "updated_at": "2026-07-27T10:28:05Z", "tags": [], "self": "/v2/images/9102741a-b001-4567-83d5-4e7a251ca40c", "file": "/v2/images/9102741a-b001-4567-83d5-4e7a251ca40c/file", "schema": "/v2/schemas/image"}'
2026-07-27 10:28:05,961 2985272 INFO     [tempest.lib.common.rest_client] Request (TestImageHashVerification:test_volume_upload_image_hash_verification): 200 GET http://10.132.239.111/image/v2/images/9102741a-b001-4567-83d5-4e7a251ca40c 0.036s
2026-07-27 10:28:05,961 2985272 DEBUG    [tempest.lib.common.rest_client] Request - Headers: {'Content-Type': 'application/json', 'Accept': 'application/json', 'X-Auth-Token': '<omitted>'}
        Body: None
    Response - Headers: {'date': 'Mon, 27 Jul 2026 10:28:05 GMT', 'server': 'Apache/2.4.58 (Ubuntu)', 'content-length': '648', 'content-type': 'application/json', 'x-openstack-request-id': 'req-0ada3520-4f2c-45d7-b5ed-bba0730479e8', 'connection': 'close', 'status': '200', 'content-location': 'http://10.132.239.111/image/v2/images/9102741a-b001-4567-83d5-4e7a251ca40c'}
        Body: b'{"name": "tempest-volume-upload-hash-test-810385259", "disk_format": "raw", "container_format": "bare", "visibility": "shared", "size": null, "virtual_size": null, "status": "queued", "checksum": null, "protected": false, "min_ram": 0, "min_disk": 0, "owner": "a57b559ec5c1467d899f174f66bfec08", "os_hidden": false, "os_hash_algo": null, "os_hash_value": null, "id": "9102741a-b001-4567-83d5-4e7a251ca40c", "created_at": "2026-07-27T10:28:05Z", "updated_at": "2026-07-27T10:28:05Z", "tags": [], "self": "/v2/images/9102741a-b001-4567-83d5-4e7a251ca40c", "file": "/v2/images/9102741a-b001-4567-83d5-4e7a251ca40c/file", "schema": "/v2/schemas/image
    "}'
2026-07-27 10:28:07,004 2985272 INFO     [tempest.lib.common.rest_client] Request (TestImageHashVerification:test_volume_upload_image_hash_verification): 200 GET http://10.132.239.111/image/v2/images/9102741a-b001-4567-83d5-4e7a251ca40c 0.041s
2026-07-27 10:28:07,005 2985272 DEBUG    [tempest.lib.common.rest_client] Request - Headers: {'Content-Type': 'application/json', 'Accept': 'application/json', 'X-Auth-Token': '<omitted>'}
        Body: None
    Response - Headers: {'date': 'Mon, 27 Jul 2026 10:28:06 GMT', 'server': 'Apache/2.4.58 (Ubuntu)', 'content-length': '648', 'content-type': 'application/json', 'x-openstack-request-id': 'req-11dcbbfd-f1de-44ee-80ac-a383846e2d1d', 'connection': 'close', 'status': '200', 'content-location': 'http://10.132.239.111/image/v2/images/9102741a-b001-4567-83d5-4e7a251ca40c'}
        Body: b'{"name": "tempest-volume-upload-hash-test-810385259", "disk_format": "raw", "container_format": "bare", "visibility": "shared", "size": null, "virtual_size": null, "status": "queued", "checksum": null, "protected": false, "min_ram": 0, "min_disk": 0, "owner": "a57b559ec5c1467d899f174f66bfec08", "os_hidden": false, "os_hash_algo": null, "os_hash_value": null, "id": "9102741a-b001-4567-83d5-4e7a251ca40c", "created_at": "2026-07-27T10:28:05Z", "updated_at": "2026-07-27T10:28:05Z", "tags": [], "self": "/v2/images/9102741a-b001-4567-83d5-4e7a251ca40c", "file": "/v2/images/9102741a-b001-4567-83d5-4e7a251ca40c/file", "schema": "/v2/schemas/image"}'
2026-07-27 10:28:08,027 2985272 INFO     [tempest.lib.common.rest_client] Request (TestImageHashVerification:test_volume_upload_image_hash_verification): 404 GET http://10.132.239.111/image/v2/images/9102741a-b001-4567-83d5-4e7a251ca40c 0.021s
2026-07-27 10:28:08,027 2985272 DEBUG    [tempest.lib.common.rest_client] Request - Headers: {'Content-Type': 'application/json', 'Accept': 'application/json', 'X-Auth-Token': '<omitted>'}
        Body: None
    Response - Headers: {'date': 'Mon, 27 Jul 2026 10:28:08 GMT', 'server': 'Apache/2.4.58 (Ubuntu)', 'content-length': '139', 'content-type': 'application/json', 'x-openstack-request-id': 'req-66ab7dea-e713-4bb1-adaa-d4dd85370003', 'connection': 'close', 'status': '404', 'content-location': 'http://10.132.239.111/image/v2/images/9102741a-b001-4567-83d5-4e7a251ca40c'}
        Body: b'{"message": "No image found with ID 9102741a-b001-4567-83d5-4e7a251ca40c<br /><br />\\n\\n\\n", "code": "404 Not Found", "title": "Not Found"}'
2026-07-27 10:28:08,064 2985272 INFO     [tempest.lib.common.rest_client] Request (TestImageHashVerification:_run_cleanups): 404 DELETE http://10.132.239.111/image/v2/images/9102741a-b001-4567-83d5-4e7a251ca40c 0.031s
2026-07-27 10:28:08,065 2985272 DEBUG    [tempest.lib.common.rest_client] Request - Headers: {'Content-Type': 'application/json', 'Accept': 'application/json', 'X-Auth-Token': '<omitted>'}
        Body: None
    Response - Headers: {'date': 'Mon, 27 Jul 2026 10:28:08 GMT', 'server': 'Apache/2.4.58 (Ubuntu)', 'content-length': '147', 'content-type': 'application/json', 'x-openstack-request-id': 'req-4f262114-7482-4947-8970-6e1f56fd9c4a', 'connection': 'close', 'status': '404', 'content-location': 'http://10.132.239.111/image/v2/images/9102741a-b001-4567-83d5-4e7a251ca40c'}
        Body: b'{"message": "Failed to find image 9102741a-b001-4567-83d5-4e7a251ca40c to delete<br /><br />\\n\\n\\n", "code": "404 Not Found", "title": "Not Found"}'
2026-07-27 10:28:08,144 2985272 INFO     [tempest.lib.common.rest_client] Request (TestImageHashVerification:_run_cleanups): 202 DELETE http://10.132.239.111/volume/v3/volumes/f1da6a84-ce6b-4395-ac9a-a1a5bf7faa43 0.078s
2026-07-27 10:28:08,144 2985272 DEBUG    [tempest.lib.common.rest_client] Request - Headers: {'Content-Type': 'application/json', 'Accept': 'application/json', 'X-Auth-Token': '<omitted>'}
        Body: None
    Response - Headers: {'date': 'Mon, 27 Jul 2026 10:28:08 GMT', 'server': 'Apache/2.4.58 (Ubuntu)', 'content-length': '0', 'content-type': 'text/html; charset=UTF-8', 'openstack-api-version': 'volume 3.0', 'vary': 'OpenStack-
    API-Version', 'x-openstack-request-id': 'req-1c5eb988-8734-4bf9-8580-344162569f68', 'connection': 'close', 'status': '202', 'content-location': 'http://10.132.239.111/volume/v3/volumes/f1da6a84-ce6b-4395-ac9a-a1a5bf7faa43'}
        Body: b''
2026-07-27 10:28:08,209 2985272 INFO     [tempest.lib.common.rest_client] Request (TestImageHashVerification:_run_cleanups): 200 GET http://10.132.239.111/volume/v3/volumes/f1da6a84-ce6b-4395-ac9a-a1a5bf7faa43 0.063s
2026-07-27 10:28:08,210 2985272 DEBUG    [tempest.lib.common.rest_client] Request - Headers: {'Content-Type': 'application/json', 'Accept': 'application/json', 'X-Auth-Token': '<omitted>'}
        Body: None
    Response - Headers: {'date': 'Mon, 27 Jul 2026 10:28:08 GMT', 'server': 'Apache/2.4.58 (Ubuntu)', 'content-type': 'application/json', 'x-compute-request-id': 'req-d8c1bc60-86e6-4d16-ba8e-5b161b675f9d', 'content-length': '854', 'openstack-api-version': 'volume 3.0', 'vary': 'OpenStack-API-Version', 'x-openstack-request-id': 'req-d8c1bc60-86e6-4d16-ba8e-5b161b675f9d', 'connection': 'close', 'status': '200', 'content-location': 'http://10.132.239.111/volume/v3/volumes/f1da6a84-ce6b-4395-ac9a-a1a5bf7faa43'}
        Body: b'{"volume": {"id": "f1da6a84-ce6b-4395-ac9a-a1a5bf7faa43", "status": "deleting", "size": 1, "availability_zone": "nova", "created_at": "2026-07-27T10:28:03.000000", "updated_at": "2026-07-27T10:28:08.000000", "name": "tempest-TestImageHashVerification-volume-1400928527", "description": null, "volume_type": "nvmetcp1", "snapshot_id": null, "source_volid": null, "metadata": {}, "links": [{"rel": "self", "href": "http://10.132.239.111/volume/v3/volumes/f1da6a84-ce6b-4395-ac9a-a1a5bf7faa43"}, {"rel": "bookmark", "href": "http://10.132.239.111/volume/volumes/f1da6a84-ce6b-4395-ac9a-a1a5bf7faa43"}], "user_id": "dcc48f3e2af4406b9f0a41f085d70279", "bootable": "false", "encrypted": false, "replication_status": null, "consistencygroup_id": null, "multiattach": false, "attachments": [], "os-vol-tenant-attr:tenant_id": "a57b559ec5c1467d899f174f66bfec08"}}'
2026-07-27 10:28:09,264 2985272 INFO     [tempest.lib.common.rest_client] Request (TestImageHashVerification:_run_cleanups): 404 GET http://10.132.239.111/volume/v3/volumes/f1da6a84-ce6b-4395-ac9a-a1a5bf7faa43 0.035s
2026-07-27 10:28:09,265 2985272 DEBUG    [tempest.lib.common.rest_client] Request - Headers: {'Content-Type': 'application/json', 'Accept': 'application/json', 'X-Auth-Token': '<omitted>'}
        Body: None
    Response - Headers: {'date': 'Mon, 27 Jul 2026 10:28:09 GMT', 'server': 'Apache/2.4.58 (Ubuntu)', 'openstack-api-version': 'volume 3.0', 'vary': 'OpenStack-API-Version', 'content-length': '109', 'content-type': 'application/json', 'x-compute-request-id': 'req-d239c197-8e2f-4fe9-a8d3-3db217df060e', 'x-openstack-request-id': 'req-d239c197-8e2f-4fe9-a8d3-3db217df060e', 'connection': 'close', 'status': '404', 'content-location': 'http://10.132.239.111/volume/v3/volumes/f1da6a84-ce6b-4395-ac9a-a1a5bf7faa43'}
        Body: b'{"itemNotFound": {"code": 404, "message": "Volume f1da6a84-ce6b-4395-ac9a-a1a5bf7faa43 could not be found."}}'


==============================
Failed 1 tests - output below:
==============================

tempest.scenario.test_snapshots_with_add_location.TestImageHashVerification.test_volume_upload_image_hash_verification[compute,id-b2c3d4e5-f6a7-8901-bcde-f12345678901,image,volume]
------------------------------------------------------------------------------------------------------------------------------------------------------------------------------------

Captured traceback:
~~~~~~~~~~~~~~~~~~~
    Traceback (most recent call last):

      File "/opt/stack/tempest/tempest/common/utils/__init__.py", line 65, in wrapper
    return f(*func_args, **func_kwargs)
           ^^^^^^^^^^^^^^^^^^^^^^^^^^^^

      File "/opt/stack/tempest/tempest/scenario/test_snapshots_with_add_location.py", line 198, in test_volume_upload_image_hash_verification
    waiters.wait_for_image_status(

      File "/opt/stack/tempest/tempest/common/waiters.py", line 175, in wait_for_image_status
    image = show_image(image_id)
            ^^^^^^^^^^^^^^^^^^^^

      File "/opt/stack/tempest/tempest/lib/services/image/v2/images_client.py", line 119, in show_image
    resp, body = self.get(url)
                 ^^^^^^^^^^^^^

      File "/opt/stack/tempest/tempest/lib/common/rest_client.py", line 345, in get
    return self.request('GET', url, extra_headers, headers,
           ^^^^^^^^^^^^^^^^^^^^^^^^^^^^^^^^^^^^^^^^^^^^^^^^

      File "/opt/stack/tempest/tempest/lib/common/rest_client.py", line 767, in request
    self._error_checker(resp, resp_body)

      File "/opt/stack/tempest/tempest/lib/common/rest_client.py", line 877, in _error_checker
    raise exceptions.NotFound(resp_body, resp=resp)

    tempest.lib.exceptions.NotFound: Object not found
Details: {'message': 'No image found with ID 9102741a-b001-4567-83d5-4e7a251ca40c<br /><br />\n\n\n', 'code': '404 Not Found', 'title': 'Not Found'}


Captured pythonlogging:
~~~~~~~~~~~~~~~~~~~~~~~
    2026-07-27 10:28:02,696 2985272 INFO     [tempest.lib.common.rest_client] Request (TestImageHashVerification:test_volume_upload_image_hash_verification): 202 POST http://10.132.239.111/volume/v3/volumes 0.833s
2026-07-27 10:28:02,697 2985272 DEBUG    [tempest.lib.common.rest_client] Request - Headers: {'Content-Type': 'application/json', 'Accept': 'application/json', 'X-Auth-Token': '<omitted>'}
        Body: {"volume": {"name": "tempest-TestImageHashVerification-volume-1400928527", "snapshot_id": null, "imageRef": null, "volume_type": null, "size": 1}}
    Response - Headers: {'date': 'Mon, 27 Jul 2026 10:28:01 GMT', 'server': 'Apache/2.4.58 (Ubuntu)', 'content-type': 'application/json', 'x-compute-request-id': 'req-91a79b18-b5da-4afe-b14d-89f6741abf26', 'content-length': '762', 'openstack-api-version': 'volume 3.0', 'vary': 'OpenStack-API-Version', 'x-openstack-request-id': 'req-91a79b18-b5da-4afe-b14d-89f6741abf26', 'connection': 'close', 'status': '202', 'content-location': 'http://10.132.239.111/volume/v3/volumes'}
        Body: b'{"volume": {"id": "f1da6a84-ce6b-4395-ac9a-a1a5bf7faa43", "status": "creating", "size": 1, "availability_zone": "nova", "created_at": "2026-07-27T10:28:02.528460", "updated_at": null, "name": "tempest-TestImageHashVerification-volume-1400928527", "description": null, "volume_type": "nvmetcp1", "snapshot_id": null, "source_volid": null, "metadata": {}, "links": [{"rel": "self", "href": "http://10.132.239.111/volume/v3/volumes/f1da6a84-ce6b-4395-ac9a-a1a5bf7faa43"}, {"rel": "bookmark", "href": "http://10.132.239.111/volume/volumes/f1da6a84-ce6b-4395-ac9a-a1a5bf7faa43"}], "user_id": "dcc48f3e2af4406b9f0a41f085d70279", "bootable": "false", "encrypted": false, "replication_status": null, "consistencygroup_id": null, "multiattach": false, "attachments": []}}'
2026-07-27 10:28:02,763 2985272 INFO     [tempest.lib.common.rest_client] Request (TestImageHashVerification:test_volume_upload_image_hash_verification): 200 GET http://10.132.239.111/volume/v3/volumes/f1da6a84-ce6b-4395-ac9a-a1a5bf7faa43 0.052s
2026-07-27 10:28:02,764 2985272 DEBUG    [tempest.lib.common.rest_client] Request - Headers: {'Content-Type': 'application/json', 'Accept': 'application/json', 'X-Auth-Token': '<omitted>'}
        Body: None
    Response - Headers: {'date': 'Mon, 27 Jul 2026 10:28:02 GMT', 'server': 'Apache/2.4.58 (Ubuntu)', 'content-type': 'application/json', 'x-compute-request-id': 'req-55a4e970-8e13-4bad-bd43-318a31df419c', 'content-length': '830', 'openstack-api-version': 'volume 3.0', 'vary': 'OpenStack-API-Version', 'x-openstack-request-id': 'req-55a4e970-8e13-4bad-bd43-318a31df419c', 'connection': 'close', 'status': '200', 'content-location': 'http://10.132.239.111/volume/v3/volumes/f1da6a84-ce6b-4395-ac9a-a1a5bf7faa43'}
        Body: b'{"volume": {"id": "f1da6a84-ce6b-4395-ac9a-a1a5bf7faa43", "status": "creating", "size": 1, "availability_zone": "nova", "created_at": "2026-07-27T10:28:03.000000", "updated_at": null, "name": "tempest-TestImageHashVerification-volume-1400928527", "description": null, "volume_type": "nvmetcp1", "snapshot_id": null, "source_volid": null, "metadata": {}, "links": [{"rel": "self", "href": "http://10.132.239.111/volume/v3/volumes/f1da6a84-ce6b-4395-ac9a-a1a5bf7faa43"}, {"rel": "bookmark", "href": "http://10.132.239.111/volume/volumes/f1da6a84-ce6b-4395-ac9a-a1a5bf7faa43"}], "user_id": "dcc48f3e2af4406b9f0a41f085d70279", "bootable": "false", "encrypted": false, "replication_status": null, "consistencygroup_id": null, "multiattach": false, "attachments": [], "os-vol-tenant-attr:tenant_id": "a57b559ec5c1467d899f174f66bfec08"}}'
2026-07-27 10:28:03,840 2985272 INFO     [tempest.lib.common.rest_client] Request (TestImageHashVerification:test_volume_upload_image_hash_verification): 200 GET http://10.132.239.111/volume/v3/volumes/f1da6a84-ce6b-4395-ac9a-a1a5bf7faa43 0.056s
2026-07-27 10:28:03,841 2985272 DEBUG    [tempest.lib.common.rest_client] Request - Headers: {'Content-Type': 'application/json', 'Accept': 'application/json', 'X-Auth-Token': '<omitted>'}
        Body: None
    Respons
    e - Headers: {'date': 'Mon, 27 Jul 2026 10:28:03 GMT', 'server': 'Apache/2.4.58 (Ubuntu)', 'content-type': 'application/json', 'x-compute-request-id': 'req-4b704154-04f0-4aca-9573-2417218f3c87', 'content-length': '855', 'openstack-api-version': 'volume 3.0', 'vary': 'OpenStack-API-Version', 'x-openstack-request-id': 'req-4b704154-04f0-4aca-9573-2417218f3c87', 'connection': 'close', 'status': '200', 'content-location': 'http://10.132.239.111/volume/v3/volumes/f1da6a84-ce6b-4395-ac9a-a1a5bf7faa43'}
        Body: b'{"volume": {"id": "f1da6a84-ce6b-4395-ac9a-a1a5bf7faa43", "status": "available", "size": 1, "availability_zone": "nova", "created_at": "2026-07-27T10:28:03.000000", "updated_at": "2026-07-27T10:28:03.000000", "name": "tempest-TestImageHashVerification-volume-1400928527", "description": null, "volume_type": "nvmetcp1", "snapshot_id": null, "source_volid": null, "metadata": {}, "links": [{"rel": "self", "href": "http://10.132.239.111/volume/v3/volumes/f1da6a84-ce6b-4395-ac9a-a1a5bf7faa43"}, {"rel": "bookmark", "href": "http://10.132.239.111/volume/volumes/f1da6a84-ce6b-4395-ac9a-a1a5bf7faa43"}], "user_id": "dcc48f3e2af4406b9f0a41f085d70279", "bootable": "false", "encrypted": false, "replication_status": null, "consistencygroup_id": null, "multiattach": false, "attachments": [], "os-vol-tenant-attr:tenant_id": "a57b559ec5c1467d899f174f66bfec08"}}'
2026-07-27 10:28:03,856 2985272 INFO     [tempest.common.waiters] volume f1da6a84-ce6b-4395-ac9a-a1a5bf7faa43 reached available after waiting for 1.856766 seconds
2026-07-27 10:28:03,907 2985272 INFO     [tempest.lib.common.rest_client] Request (TestImageHashVerification:test_volume_upload_image_hash_verification): 200 GET http://10.132.239.111/volume/v3/volumes/f1da6a84-ce6b-4395-ac9a-a1a5bf7faa43 0.050s
2026-07-27 10:28:03,908 2985272 DEBUG    [tempest.lib.common.rest_client] Request - Headers: {'Content-Type': 'application/json', 'Accept': 'application/json', 'X-Auth-Token': '<omitted>'}
        Body: None
    Response - Headers: {'date': 'Mon, 27 Jul 2026 10:28:03 GMT', 'server': 'Apache/2.4.58 (Ubuntu)', 'content-type': 'application/json', 'x-compute-request-id': 'req-ff364bae-1690-44b5-8516-35ad80acb695', 'content-length': '855', 'openstack-api-version': 'volume 3.0', 'vary': 'OpenStack-API-Version', 'x-openstack-request-id': 'req-ff364bae-1690-44b5-8516-35ad80acb695', 'connection': 'close', 'status': '200', 'content-location': 'http://10.132.239.111/volume/v3/volumes/f1da6a84-ce6b-4395-ac9a-a1a5bf7faa43'}
        Body: b'{"volume": {"id": "f1da6a84-ce6b-4395-ac9a-a1a5bf7faa43", "status": "available", "size": 1, "availability_zone": "nova", "created_at": "2026-07-27T10:28:03.000000", "updated_at": "2026-07-27T10:28:03.000000", "name": "tempest-TestImageHashVerification-volume-1400928527", "description": null, "volume_type": "nvmetcp1", "snapshot_id": null, "source_volid": null, "metadata": {}, "links": [{"rel": "self", "href": "http://10.132.239.111/volume/v3/volumes/f1da6a84-ce6b-4395-ac9a-a1a5bf7faa43"}, {"rel": "bookmark", "href": "http://10.132.239.111/volume/volumes/f1da6a84-ce6b-4395-ac9a-a1a5bf7faa43"}], "user_id": "dcc48f3e2af4406b9f0a41f085d70279", "bootable": "false", "encrypted": false, "replication_status": null, "consistencygroup_id": null, "multiattach": false, "attachments": [], "os-vol-tenant-attr:tenant_id": "a57b559ec5c1467d899f174f66bfec08"}}'
2026-07-27 10:28:04,893 2985272 INFO     [tempest.lib.common.rest_client] Request (TestImageHashVerification:test_volume_upload_image_hash_verification): 202 POST http://10.132.239.111/volume/v3/volumes/f1da6a84-ce6b-4395-ac9a-a1a5bf7faa43/action 0.969s
2026-07-27 10:28:04,894 2985272 DEBUG    [tempest.lib.common.rest_client] Request - Headers: {'Content-Type': 'application/json', 'Accept': 'application/json', 'X-Auth-Token': '<omitted>'}
        Body: {"os-volume_upload_image": {"image_name": "tempest-volume-upload-hash-test-810385259", "disk_format": "raw"}}
    Response - Headers: {'date': 'Mon, 27 Jul 2026 10:28:03 GMT', 'server': 'Apache/2.4.58 (Ubuntu)', 'content-type': 'application/json', 'x-compute-re
    quest-id': 'req-9a22719c-50ce-4b6e-b858-52210a4108fd', 'content-length': '735', 'openstack-api-version': 'volume 3.0', 'vary': 'OpenStack-API-Version', 'x-openstack-request-id': 'req-9a22719c-50ce-4b6e-b858-52210a4108fd', 'connection': 'close', 'status': '202', 'content-location': 'http://10.132.239.111/volume/v3/volumes/f1da6a84-ce6b-4395-ac9a-a1a5bf7faa43/action'}
        Body: b'{"os-volume_upload_image": {"id": "f1da6a84-ce6b-4395-ac9a-a1a5bf7faa43", "updated_at": "2026-07-27T10:28:03.000000", "status": "uploading", "display_description": null, "size": 1, "volume_type": {"id": "1a7f7a50-7aad-4abf-a602-0d7070ec3997", "name": "nvmetcp1", "description": null, "is_public": true, "extra_specs": {"volume_backend_name": "nvmetcp1", "consistent_group_snapshot_enabled": "<is> True"}, "qos_specs_id": null, "created_at": "2026-07-27T10:17:14.000000", "updated_at": null, "deleted_at": null, "deleted": false}, "image_id": "9102741a-b001-4567-83d5-4e7a251ca40c", "container_format": "bare", "disk_format": "raw", "image_name": "tempest-volume-upload-hash-test-810385259", "protected": false, "visibility": "shared"}}'
2026-07-27 10:28:04,923 2985272 INFO     [tempest.lib.common.rest_client] Request (TestImageHashVerification:test_volume_upload_image_hash_verification): 200 GET http://10.132.239.111/image/v2/images/9102741a-b001-4567-83d5-4e7a251ca40c 0.028s
2026-07-27 10:28:04,923 2985272 DEBUG    [tempest.lib.common.rest_client] Request - Headers: {'Content-Type': 'application/json', 'Accept': 'application/json', 'X-Auth-Token': '<omitted>'}
        Body: None
    Response - Headers: {'date': 'Mon, 27 Jul 2026 10:28:04 GMT', 'server': 'Apache/2.4.58 (Ubuntu)', 'content-length': '648', 'content-type': 'application/json', 'x-openstack-request-id': 'req-4c703628-8a24-4c11-a6ca-519fdd293ba5', 'connection': 'close', 'status': '200', 'content-location': 'http://10.132.239.111/image/v2/images/9102741a-b001-4567-83d5-4e7a251ca40c'}
        Body: b'{"name": "tempest-volume-upload-hash-test-810385259", "disk_format": "raw", "container_format": "bare", "visibility": "shared", "size": null, "virtual_size": null, "status": "queued", "checksum": null, "protected": false, "min_ram": 0, "min_disk": 0, "owner": "a57b559ec5c1467d899f174f66bfec08", "os_hidden": false, "os_hash_algo": null, "os_hash_value": null, "id": "9102741a-b001-4567-83d5-4e7a251ca40c", "created_at": "2026-07-27T10:28:05Z", "updated_at": "2026-07-27T10:28:05Z", "tags": [], "self": "/v2/images/9102741a-b001-4567-83d5-4e7a251ca40c", "file": "/v2/images/9102741a-b001-4567-83d5-4e7a251ca40c/file", "schema": "/v2/schemas/image"}'
2026-07-27 10:28:05,961 2985272 INFO     [tempest.lib.common.rest_client] Request (TestImageHashVerification:test_volume_upload_image_hash_verification): 200 GET http://10.132.239.111/image/v2/images/9102741a-b001-4567-83d5-4e7a251ca40c 0.036s
2026-07-27 10:28:05,961 2985272 DEBUG    [tempest.lib.common.rest_client] Request - Headers: {'Content-Type': 'application/json', 'Accept': 'application/json', 'X-Auth-Token': '<omitted>'}
        Body: None
    Response - Headers: {'date': 'Mon, 27 Jul 2026 10:28:05 GMT', 'server': 'Apache/2.4.58 (Ubuntu)', 'content-length': '648', 'content-type': 'application/json', 'x-openstack-request-id': 'req-0ada3520-4f2c-45d7-b5ed-bba0730479e8', 'connection': 'close', 'status': '200', 'content-location': 'http://10.132.239.111/image/v2/images/9102741a-b001-4567-83d5-4e7a251ca40c'}
        Body: b'{"name": "tempest-volume-upload-hash-test-810385259", "disk_format": "raw", "container_format": "bare", "visibility": "shared", "size": null, "virtual_size": null, "status": "queued", "checksum": null, "protected": false, "min_ram": 0, "min_disk": 0, "owner": "a57b559ec5c1467d899f174f66bfec08", "os_hidden": false, "os_hash_algo": null, "os_hash_value": null, "id": "9102741a-b001-4567-83d5-4e7a251ca40c", "created_at": "2026-07-27T10:28:05Z", "updated_at": "2026-07-27T10:28:05Z", "tags": [], "self": "/v2/images/9102741a-b001-4567-83d5-4e7a251ca40c", "file": "/v2/images/9102741a-b001-4567-83d5-4e7a251ca40c/file", "schema": "/v2/schemas/image
    "}'
2026-07-27 10:28:07,004 2985272 INFO     [tempest.lib.common.rest_client] Request (TestImageHashVerification:test_volume_upload_image_hash_verification): 200 GET http://10.132.239.111/image/v2/images/9102741a-b001-4567-83d5-4e7a251ca40c 0.041s
2026-07-27 10:28:07,005 2985272 DEBUG    [tempest.lib.common.rest_client] Request - Headers: {'Content-Type': 'application/json', 'Accept': 'application/json', 'X-Auth-Token': '<omitted>'}
        Body: None
    Response - Headers: {'date': 'Mon, 27 Jul 2026 10:28:06 GMT', 'server': 'Apache/2.4.58 (Ubuntu)', 'content-length': '648', 'content-type': 'application/json', 'x-openstack-request-id': 'req-11dcbbfd-f1de-44ee-80ac-a383846e2d1d', 'connection': 'close', 'status': '200', 'content-location': 'http://10.132.239.111/image/v2/images/9102741a-b001-4567-83d5-4e7a251ca40c'}
        Body: b'{"name": "tempest-volume-upload-hash-test-810385259", "disk_format": "raw", "container_format": "bare", "visibility": "shared", "size": null, "virtual_size": null, "status": "queued", "checksum": null, "protected": false, "min_ram": 0, "min_disk": 0, "owner": "a57b559ec5c1467d899f174f66bfec08", "os_hidden": false, "os_hash_algo": null, "os_hash_value": null, "id": "9102741a-b001-4567-83d5-4e7a251ca40c", "created_at": "2026-07-27T10:28:05Z", "updated_at": "2026-07-27T10:28:05Z", "tags": [], "self": "/v2/images/9102741a-b001-4567-83d5-4e7a251ca40c", "file": "/v2/images/9102741a-b001-4567-83d5-4e7a251ca40c/file", "schema": "/v2/schemas/image"}'
2026-07-27 10:28:08,027 2985272 INFO     [tempest.lib.common.rest_client] Request (TestImageHashVerification:test_volume_upload_image_hash_verification): 404 GET http://10.132.239.111/image/v2/images/9102741a-b001-4567-83d5-4e7a251ca40c 0.021s
2026-07-27 10:28:08,027 2985272 DEBUG    [tempest.lib.common.rest_client] Request - Headers: {'Content-Type': 'application/json', 'Accept': 'application/json', 'X-Auth-Token': '<omitted>'}
        Body: None
    Response - Headers: {'date': 'Mon, 27 Jul 2026 10:28:08 GMT', 'server': 'Apache/2.4.58 (Ubuntu)', 'content-length': '139', 'content-type': 'application/json', 'x-openstack-request-id': 'req-66ab7dea-e713-4bb1-adaa-d4dd85370003', 'connection': 'close', 'status': '404', 'content-location': 'http://10.132.239.111/image/v2/images/9102741a-b001-4567-83d5-4e7a251ca40c'}
        Body: b'{"message": "No image found with ID 9102741a-b001-4567-83d5-4e7a251ca40c<br /><br />\\n\\n\\n", "code": "404 Not Found", "title": "Not Found"}'
2026-07-27 10:28:08,064 2985272 INFO     [tempest.lib.common.rest_client] Request (TestImageHashVerification:_run_cleanups): 404 DELETE http://10.132.239.111/image/v2/images/9102741a-b001-4567-83d5-4e7a251ca40c 0.031s
2026-07-27 10:28:08,065 2985272 DEBUG    [tempest.lib.common.rest_client] Request - Headers: {'Content-Type': 'application/json', 'Accept': 'application/json', 'X-Auth-Token': '<omitted>'}
        Body: None
    Response - Headers: {'date': 'Mon, 27 Jul 2026 10:28:08 GMT', 'server': 'Apache/2.4.58 (Ubuntu)', 'content-length': '147', 'content-type': 'application/json', 'x-openstack-request-id': 'req-4f262114-7482-4947-8970-6e1f56fd9c4a', 'connection': 'close', 'status': '404', 'content-location': 'http://10.132.239.111/image/v2/images/9102741a-b001-4567-83d5-4e7a251ca40c'}
        Body: b'{"message": "Failed to find image 9102741a-b001-4567-83d5-4e7a251ca40c to delete<br /><br />\\n\\n\\n", "code": "404 Not Found", "title": "Not Found"}'
2026-07-27 10:28:08,144 2985272 INFO     [tempest.lib.common.rest_client] Request (TestImageHashVerification:_run_cleanups): 202 DELETE http://10.132.239.111/volume/v3/volumes/f1da6a84-ce6b-4395-ac9a-a1a5bf7faa43 0.078s
2026-07-27 10:28:08,144 2985272 DEBUG    [tempest.lib.common.rest_client] Request - Headers: {'Content-Type': 'application/json', 'Accept': 'application/json', 'X-Auth-Token': '<omitted>'}
        Body: None
    Response - Headers: {'date': 'Mon, 27 Jul 2026 10:28:08 GMT', 'server': 'Apache/2.4.58 (Ubuntu)', 'content-length': '0', 'content-type': 'text/html; charset=UTF-8', 'openstack-api-version': 'volume 3.0', 'vary': 'OpenStack-
    API-Version', 'x-openstack-request-id': 'req-1c5eb988-8734-4bf9-8580-344162569f68', 'connection': 'close', 'status': '202', 'content-location': 'http://10.132.239.111/volume/v3/volumes/f1da6a84-ce6b-4395-ac9a-a1a5bf7faa43'}
        Body: b''
2026-07-27 10:28:08,209 2985272 INFO     [tempest.lib.common.rest_client] Request (TestImageHashVerification:_run_cleanups): 200 GET http://10.132.239.111/volume/v3/volumes/f1da6a84-ce6b-4395-ac9a-a1a5bf7faa43 0.063s
2026-07-27 10:28:08,210 2985272 DEBUG    [tempest.lib.common.rest_client] Request - Headers: {'Content-Type': 'application/json', 'Accept': 'application/json', 'X-Auth-Token': '<omitted>'}
        Body: None
    Response - Headers: {'date': 'Mon, 27 Jul 2026 10:28:08 GMT', 'server': 'Apache/2.4.58 (Ubuntu)', 'content-type': 'application/json', 'x-compute-request-id': 'req-d8c1bc60-86e6-4d16-ba8e-5b161b675f9d', 'content-length': '854', 'openstack-api-version': 'volume 3.0', 'vary': 'OpenStack-API-Version', 'x-openstack-request-id': 'req-d8c1bc60-86e6-4d16-ba8e-5b161b675f9d', 'connection': 'close', 'status': '200', 'content-location': 'http://10.132.239.111/volume/v3/volumes/f1da6a84-ce6b-4395-ac9a-a1a5bf7faa43'}
        Body: b'{"volume": {"id": "f1da6a84-ce6b-4395-ac9a-a1a5bf7faa43", "status": "deleting", "size": 1, "availability_zone": "nova", "created_at": "2026-07-27T10:28:03.000000", "updated_at": "2026-07-27T10:28:08.000000", "name": "tempest-TestImageHashVerification-volume-1400928527", "description": null, "volume_type": "nvmetcp1", "snapshot_id": null, "source_volid": null, "metadata": {}, "links": [{"rel": "self", "href": "http://10.132.239.111/volume/v3/volumes/f1da6a84-ce6b-4395-ac9a-a1a5bf7faa43"}, {"rel": "bookmark", "href": "http://10.132.239.111/volume/volumes/f1da6a84-ce6b-4395-ac9a-a1a5bf7faa43"}], "user_id": "dcc48f3e2af4406b9f0a41f085d70279", "bootable": "false", "encrypted": false, "replication_status": null, "consistencygroup_id": null, "multiattach": false, "attachments": [], "os-vol-tenant-attr:tenant_id": "a57b559ec5c1467d899f174f66bfec08"}}'
2026-07-27 10:28:09,264 2985272 INFO     [tempest.lib.common.rest_client] Request (TestImageHashVerification:_run_cleanups): 404 GET http://10.132.239.111/volume/v3/volumes/f1da6a84-ce6b-4395-ac9a-a1a5bf7faa43 0.035s
2026-07-27 10:28:09,265 2985272 DEBUG    [tempest.lib.common.rest_client] Request - Headers: {'Content-Type': 'application/json', 'Accept': 'application/json', 'X-Auth-Token': '<omitted>'}
        Body: None
    Response - Headers: {'date': 'Mon, 27 Jul 2026 10:28:09 GMT', 'server': 'Apache/2.4.58 (Ubuntu)', 'openstack-api-version': 'volume 3.0', 'vary': 'OpenStack-API-Version', 'content-length': '109', 'content-type': 'application/json', 'x-compute-request-id': 'req-d239c197-8e2f-4fe9-a8d3-3db217df060e', 'x-openstack-request-id': 'req-d239c197-8e2f-4fe9-a8d3-3db217df060e', 'connection': 'close', 'status': '404', 'content-location': 'http://10.132.239.111/volume/v3/volumes/f1da6a84-ce6b-4395-ac9a-a1a5bf7faa43'}
        Body: b'{"itemNotFound": {"code": 404, "message": "Volume f1da6a84-ce6b-4395-ac9a-a1a5bf7faa43 could not be found."}}'



======
Totals
======
Ran: 204 tests in 576.1115 sec.
 - Passed: 196
 - Skipped: 7
 - Expected Fail: 0
 - Unexpected Success: 0
 - Failed: 1
Sum of execute time for each test: 240.4472 sec.

==============
Worker Balance
==============
 - Worker 0 (204 tests) => 0:09:36.111508
