{0} setUpClass (tempest.api.compute.******.test_live_migration.LiveAutoBlockMigrationV225Test) ... SKIPPED: Less than 2 compute nodes, skipping migration test.
{0} setUpClass (tempest.api.compute.******.test_live_migration.LiveMigrationTest) ... SKIPPED: Less than 2 compute nodes, skipping migration test.
{0} setUpClass (tempest.api.compute.******.test_live_migration.LiveMigrationWithoutHostTest) ... SKIPPED: Less than 2 compute nodes, skipping migration test.
{0} setUpClass (tempest.api.compute.servers.test_server_rescue.ServerBootFromVolumeStableRescueTest) ... SKIPPED: Stable rescue not available.
{0} setUpClass (tempest.api.compute.servers.test_server_rescue.ServerStableDeviceRescueTest) ... SKIPPED: Stable rescue not available.
{0} tempest.api.compute.volumes.test_volume_snapshots.VolumesSnapshotsTestJSON.test_volume_snapshot_create_get_list_delete [5.993926s] ... ok
{0} tempest.api.compute.volumes.test_volumes_get.VolumesGetTestJSON.test_volume_create_get_delete [2.158109s] ... ok
{0} tempest.api.compute.volumes.test_volumes_list.VolumesTestJSON.test_volume_list [0.154681s] ... ok
{0} tempest.api.compute.volumes.test_volumes_list.VolumesTestJSON.test_volume_list_param_limit [0.170296s] ... ok
{0} tempest.api.compute.volumes.test_volumes_list.VolumesTestJSON.test_volume_list_param_offset_and_limit [0.182505s] ... ok
{0} tempest.api.compute.volumes.test_volumes_list.VolumesTestJSON.test_volume_list_with_detail_param_limit [0.320472s] ... ok
{0} tempest.api.compute.volumes.test_volumes_list.VolumesTestJSON.test_volume_list_with_detail_param_offset_and_limit [0.155482s] ... ok
{0} tempest.api.compute.volumes.test_volumes_list.VolumesTestJSON.test_volume_list_with_details [0.088438s] ... ok
{0} tempest.api.compute.volumes.test_volumes_negative.VolumesNegativeTest.test_create_volume_with_invalid_size [0.296687s] ... ok
{0} tempest.api.compute.volumes.test_volumes_negative.VolumesNegativeTest.test_create_volume_with_size_zero [0.020162s] ... ok
{0} tempest.api.compute.volumes.test_volumes_negative.VolumesNegativeTest.test_create_volume_without_passing_size [0.021752s] ... ok
{0} tempest.api.compute.volumes.test_volumes_negative.VolumesNegativeTest.test_delete_invalid_volume_id [0.049771s] ... ok
{0} tempest.api.compute.volumes.test_volumes_negative.VolumesNegativeTest.test_delete_volume_without_passing_volume_id [0.013099s] ... ok
{0} tempest.api.compute.volumes.test_volumes_negative.VolumesNegativeTest.test_get_volume_without_passing_volume_id [0.013553s] ... ok
{0} tempest.api.compute.volumes.test_volumes_negative.VolumesNegativeTest.test_volume_delete_nonexistent_volume_id [0.050528s] ... ok
{0} tempest.api.compute.volumes.test_volumes_negative.VolumesNegativeTest.test_volume_get_nonexistent_volume_id [0.053136s] ... ok
{0} tempest.api.volume.******.test_backends_capabilities.BackendsCapabilitiesAdminTestsJSON.test_compare_volume_stats_values [0.162424s] ... ok
{0} tempest.api.volume.******.test_backends_capabilities.BackendsCapabilitiesAdminTestsJSON.test_get_capabilities_backend [0.044203s] ... ok
{0} setUpClass (tempest.api.volume.******.test_encrypted_volumes_extend.EncryptedVolumesExtendAttachedTest) ... SKIPPED: Attached encrypted volume extend is disabled.
{0} tempest.api.volume.******.test_group_snapshots.GroupSnapshotsTest.test_create_group_from_group_snapshot [10.756624s] ... ok
{0} tempest.api.volume.******.test_group_snapshots.GroupSnapshotsTest.test_delete_group_snapshots_following_updated_volumes [15.056689s] ... ok
{0} tempest.api.volume.******.test_group_snapshots.GroupSnapshotsTest.test_group_snapshot_create_show_list_delete [7.831769s] ... ok
{0} tempest.api.volume.******.test_group_snapshots.GroupSnapshotsV319Test.test_reset_group_snapshot_status [7.432131s] ... ok
{0} tempest.api.volume.******.test_group_type_specs.GroupTypeSpecsTest.test_group_type_specs_create_show_update_list_delete [0.682187s] ... ok
{0} tempest.api.volume.******.test_group_types.GroupTypesTest.test_group_type_create_list_update_show_delete [0.392115s] ... ok
{0} tempest.api.volume.******.test_group_types.GroupTypesTest.test_group_type_list_by_optional_params [0.347763s] ... ok
{0} tempest.api.volume.******.test_groups.GroupsTest.test_group_create_show_list_delete [8.315162s] ... ok
{0} tempest.api.volume.******.test_groups.GroupsTest.test_group_update [10.207039s] ... ok
{0} tempest.api.volume.******.test_groups.GroupsV314Test.test_create_group_from_group [11.797994s] ... ok
{0} tempest.api.volume.******.test_groups.GroupsV320Test.test_reset_group_status [3.446704s] ... ok
{0} tempest.api.volume.******.test_multi_backend.VolumeMultiBackendTest.test_backend_name_distinction [0.128947s] ... ok
{0} tempest.api.volume.******.test_multi_backend.VolumeMultiBackendTest.test_backend_name_distinction_with_prefix [0.134981s] ... ok
{0} tempest.api.volume.******.test_multi_backend.VolumeMultiBackendTest.test_backend_name_reporting [0.138214s] ... ok
{0} tempest.api.volume.******.test_multi_backend.VolumeMultiBackendTest.test_backend_name_reporting_with_prefix [0.132270s] ... ok
{0} tempest.api.volume.******.test_qos.QosSpecsTestJSON.test_associate_disassociate_qos [0.828929s] ... ok
{0} tempest.api.volume.******.test_qos.QosSpecsTestJSON.test_create_delete_qos_with_back_end_consumer [0.199684s] ... ok
{0} tempest.api.volume.******.test_qos.QosSpecsTestJSON.test_create_delete_qos_with_both_consumer [0.188406s] ... ok
{0} tempest.api.volume.******.test_qos.QosSpecsTestJSON.test_create_delete_qos_with_front_end_consumer [0.227490s] ... ok
{0} tempest.api.volume.******.test_qos.QosSpecsTestJSON.test_get_qos [0.028573s] ... ok
{0} tempest.api.volume.******.test_qos.QosSpecsTestJSON.test_list_qos [0.029053s] ... ok
{0} tempest.api.volume.******.test_qos.QosSpecsTestJSON.test_set_unset_qos_key [0.194762s] ... ok
{0} tempest.api.volume.******.test_snapshots_actions.SnapshotsActionsTest.test_reset_snapshot_status [0.285428s] ... ok
{0} tempest.api.volume.******.test_snapshots_actions.SnapshotsActionsTest.test_snapshot_force_delete_when_snapshot_is_creating [2.696088s] ... ok
{0} tempest.api.volume.******.test_snapshots_actions.SnapshotsActionsTest.test_snapshot_force_delete_when_snapshot_is_deleting [2.607289s] ... ok
{0} tempest.api.volume.******.test_snapshots_actions.SnapshotsActionsTest.test_snapshot_force_delete_when_snapshot_is_error [2.639366s] ... ok
{0} tempest.api.volume.******.test_snapshots_actions.SnapshotsActionsTest.test_snapshot_force_delete_when_snapshot_is_error_deleting [2.640660s] ... ok
{0} tempest.api.volume.******.test_snapshots_actions.SnapshotsActionsTest.test_update_snapshot_status [0.275659s] ... ok
{0} tempest.api.volume.******.test_user_messages.UserMessagesTest.test_delete_message [2.442854s] ... ok
{0} tempest.api.volume.******.test_user_messages.UserMessagesTest.test_list_show_messages [2.200421s] ... ok
{0} tempest.api.volume.******.test_volume_hosts.VolumeHostsAdminTestsJSON.test_list_hosts [0.186102s] ... ok
{0} tempest.api.volume.******.test_volume_hosts.VolumeHostsAdminTestsJSON.test_show_host [0.316868s] ... ok
{0} setUpClass (tempest.api.volume.******.test_volume_manage.VolumeManageAdminTest) ... SKIPPED: Manage volume tests are disabled
{0} tempest.api.volume.******.test_volume_pools.VolumePoolsAdminTestsJSON.test_get_pools_with_details [0.195207s] ... ok
{0} tempest.api.volume.******.test_volume_pools.VolumePoolsAdminTestsJSON.test_get_pools_without_details [0.051841s] ... ok
{0} tempest.api.volume.******.test_volume_quota_classes.VolumeQuotaClassesTest.test_show_default_quota [0.199346s] ... ok
{0} tempest.api.volume.******.test_volume_quota_classes.VolumeQuotaClassesTest.test_update_default_quota [1.101605s] ... ok
{0} tempest.api.volume.******.test_volume_quotas.VolumeQuotasAdminTestJSON.test_delete_quota [0.433535s] ... ok
{0} tempest.api.volume.******.test_volume_quotas.VolumeQuotasAdminTestJSON.test_list_default_quotas [0.045345s] ... ok
{0} tempest.api.volume.******.test_volume_quotas.VolumeQuotasAdminTestJSON.test_list_quotas [0.054203s] ... ok
{0} tempest.api.volume.******.test_volume_quotas.VolumeQuotasAdminTestJSON.test_quota_usage [3.187185s] ... ok
{0} tempest.api.volume.******.test_volume_quotas.VolumeQuotasAdminTestJSON.test_quota_usage_after_volume_transfer [3.926294s] ... ok
{0} tempest.api.volume.******.test_volume_quotas.VolumeQuotasAdminTestJSON.test_show_quota_usage [0.073391s] ... ok
{0} tempest.api.volume.******.test_volume_quotas.VolumeQuotasAdminTestJSON.test_update_all_quota_resources_for_tenant [0.364801s] ... ok
{0} tempest.api.volume.******.test_volume_quotas_negative.VolumeQuotasNegativeTestJSON.test_quota_volume_gigabytes [0.403695s] ... ok
{0} tempest.api.volume.******.test_volume_quotas_negative.VolumeQuotasNegativeTestJSON.test_quota_volumes [0.384957s] ... ok
{0} tempest.api.volume.******.test_volume_quotas_negative.VolumeQuotasNegativeTestJSON.test_volume_extend_gigabytes_quota_deviation [0.231472s] ... ok
{0} tempest.api.volume.******.test_volume_retype.VolumeRetypeMultiattachTest.test_volume_retype_multiattach [6.227732s] ... ok
{0} tempest.api.volume.******.test_volume_retype.VolumeRetypeWithoutMigrationTest.test_available_volume_retype [4.529364s] ... ok
{0} tempest.api.volume.******.test_volume_services.VolumesServicesTestJSON.test_get_service_by_host_name [0.043776s] ... ok
{0} tempest.api.volume.******.test_volume_services.VolumesServicesTestJSON.test_get_service_by_service_and_host_name [0.031711s] ... ok
{0} tempest.api.volume.******.test_volume_services.VolumesServicesTestJSON.test_get_service_by_service_binary_name [0.027446s] ... ok
{0} tempest.api.volume.******.test_volume_services.VolumesServicesTestJSON.test_get_service_by_volume_host_name [3.139240s] ... ok
{0} tempest.api.volume.******.test_volume_services.VolumesServicesTestJSON.test_list_services [0.035581s] ... ok
{0} tempest.api.volume.******.test_volume_services_negative.VolumeServicesNegativeTest.test_disable_log_reason_with_no_reason [0.021890s] ... ok
{0} tempest.api.volume.******.test_volume_services_negative.VolumeServicesNegativeTest.test_disable_service_with_invalid_binary [0.031791s] ... ok
{0} tempest.api.volume.******.test_volume_services_negative.VolumeServicesNegativeTest.test_enable_service_with_invalid_host [0.298549s] ... ok
{0} tempest.api.volume.******.test_volume_services_negative.VolumeServicesNegativeTest.test_freeze_host_with_invalid_host [0.026104s] ... ok
{0} tempest.api.volume.******.test_volume_services_negative.VolumeServicesNegativeTest.test_thaw_host_with_invalid_host [0.029847s] ... ok
{0} tempest.api.volume.******.test_volume_snapshot_quotas_negative.VolumeSnapshotQuotasNegativeTestJSON.test_quota_volume_gigabytes_snapshots [0.643278s] ... ok
{0} tempest.api.volume.******.test_volume_snapshot_quotas_negative.VolumeSnapshotQuotasNegativeTestJSON.test_quota_volume_snapshots [0.092283s] ... ok
{0} tempest.api.volume.******.test_volume_type_access.VolumeTypesAccessTest.test_volume_type_access_add [3.440040s] ... ok
{0} tempest.api.volume.******.test_volume_type_access.VolumeTypesAccessTest.test_volume_type_access_list [0.335505s] ... ok
{0} tempest.api.volume.******.test_volume_types.VolumeTypesTest.test_volume_crud_with_volume_type_and_extra_specs [4.884993s] ... ok
{0} tempest.api.volume.******.test_volume_types.VolumeTypesTest.test_volume_type_create_get_delete [0.184278s] ... ok
{0} tempest.api.volume.******.test_volume_types.VolumeTypesTest.test_volume_type_encryption_create_get_update_delete [0.586209s] ... ok
{0} tempest.api.volume.******.test_volume_types.VolumeTypesTest.test_volume_type_list [0.063757s] ... ok
{0} tempest.api.volume.******.test_volume_types.VolumeTypesTest.test_volume_type_update [0.282035s] ... ok
{0} tempest.api.volume.******.test_volume_types_extra_specs.VolumeTypesExtraSpecsTest.test_volume_type_extra_spec_create_get_delete [0.251785s] ... ok
{0} tempest.api.volume.******.test_volume_types_extra_specs.VolumeTypesExtraSpecsTest.test_volume_type_extra_specs_list [0.099995s] ... ok
{0} tempest.api.volume.******.test_volume_types_extra_specs.VolumeTypesExtraSpecsTest.test_volume_type_extra_specs_update [0.337302s] ... ok
{0} tempest.api.volume.******.test_volume_types_extra_specs_negative.ExtraSpecsNegativeTest.test_create_invalid_body [0.020392s] ... ok
{0} tempest.api.volume.******.test_volume_types_extra_specs_negative.ExtraSpecsNegativeTest.test_create_none_body [0.028062s] ... ok
{0} tempest.api.volume.******.test_volume_types_extra_specs_negative.ExtraSpecsNegativeTest.test_create_nonexistent_type_id [0.045920s] ... ok
{0} tempest.api.volume.******.test_volume_types_extra_specs_negative.ExtraSpecsNegativeTest.test_delete_nonexistent_volume_type_id [0.025552s] ... ok
{0} tempest.api.volume.******.test_volume_types_extra_specs_negative.ExtraSpecsNegativeTest.test_get_nonexistent_extra_spec_name [0.030555s] ... ok
{0} tempest.api.volume.******.test_volume_types_extra_specs_negative.ExtraSpecsNegativeTest.test_get_nonexistent_volume_type_id [0.024678s] ... ok
{0} tempest.api.volume.******.test_volume_types_extra_specs_negative.ExtraSpecsNegativeTest.test_list_nonexistent_volume_type_id [0.022777s] ... ok
{0} tempest.api.volume.******.test_volume_types_extra_specs_negative.ExtraSpecsNegativeTest.test_update_multiple_extra_spec [0.018905s] ... ok
{0} tempest.api.volume.******.test_volume_types_extra_specs_negative.ExtraSpecsNegativeTest.test_update_no_body [0.018548s] ... ok
{0} tempest.api.volume.******.test_volume_types_extra_specs_negative.ExtraSpecsNegativeTest.test_update_none_extra_spec_id [0.040236s] ... ok
{0} tempest.api.volume.******.test_volume_types_extra_specs_negative.ExtraSpecsNegativeTest.test_update_nonexistent_extra_spec_id [0.041924s] ... ok
{0} tempest.api.volume.******.test_volume_types_extra_specs_negative.ExtraSpecsNegativeTest.test_update_nonexistent_type_id [0.041471s] ... ok
{0} tempest.api.volume.******.test_volume_types_negative.VolumeTypesNegativeTest.test_create_volume_type_encryption_nonexistent_type_id [0.188984s] ... ok
{0} tempest.api.volume.******.test_volume_types_negative.VolumeTypesNegativeTest.test_create_volume_with_private_volume_type [0.311760s] ... ok
{0} tempest.api.volume.******.test_volume_types_negative.VolumeTypesNegativeTest.test_create_with_empty_name [0.019159s] ... ok
{0} tempest.api.volume.******.test_volume_types_negative.VolumeTypesNegativeTest.test_create_with_repeated_name [0.174816s] ... ok
{0} tempest.api.volume.******.test_volume_types_negative.VolumeTypesNegativeTest.test_delete_nonexistent_type_id [0.024093s] ... ok
{0} tempest.api.volume.******.test_volume_types_negative.VolumeTypesNegativeTest.test_get_nonexistent_type_id [0.024211s] ... ok
{0} tempest.api.volume.******.test_volumes_list.VolumesListAdminTestJSON.test_volume_list_param_tenant [1.897546s] ... ok
{0} tempest.api.volume.test_availability_zone.AvailabilityZoneTestJSON.test_get_availability_zone_list [0.171253s] ... ok
{0} tempest.api.volume.test_extensions.ExtensionsTestJSON.test_list_extensions [0.163953s] ... ok
{0} tempest.api.volume.test_snapshot_metadata.SnapshotMetadataTestJSON.test_crud_snapshot_metadata [0.379808s] ... ok
{0} tempest.api.volume.test_snapshot_metadata.SnapshotMetadataTestJSON.test_update_show_snapshot_metadata_item [0.326842s] ... ok
{0} tempest.api.volume.test_versions.VersionsTest.test_list_versions [0.016071s] ... ok
{0} tempest.api.volume.test_versions.VersionsTest.test_show_version [0.170079s] ... ok
{0} tempest.api.volume.test_volume_absolute_limits.AbsoluteLimitsTests.test_get_volume_absolute_limits [0.070427s] ... ok
{0} tempest.api.volume.test_volume_delete_cascade.VolumesDeleteCascade.test_volume_delete_cascade [6.773369s] ... ok
{0} tempest.api.volume.test_volume_delete_cascade.VolumesDeleteCascade.test_volume_from_snapshot_cascade_delete [10.496180s] ... ok
{0} tempest.api.volume.test_volume_metadata.VolumesMetadataTest.test_crud_volume_metadata [0.394091s] ... ok
{0} tempest.api.volume.test_volume_metadata.VolumesMetadataTest.test_update_show_volume_metadata_item [0.279328s] ... ok
{0} tempest.api.volume.test_volume_transfers.VolumesTransfersTest.test_create_get_list_accept_volume_transfer [4.207565s] ... ok
{0} tempest.api.volume.test_volume_transfers.VolumesTransfersTest.test_create_list_delete_volume_transfer [3.151214s] ... ok
{0} tempest.api.volume.test_volume_transfers.VolumesTransfersV355Test.test_create_get_list_accept_volume_transfer [4.201158s] ... ok
{0} tempest.api.volume.test_volume_transfers.VolumesTransfersV355Test.test_create_list_delete_volume_transfer [3.185186s] ... ok
{0} tempest.api.volume.test_volume_transfers.VolumesTransfersV357Test.test_create_get_list_accept_volume_transfer [4.137333s] ... ok
{0} tempest.api.volume.test_volume_transfers.VolumesTransfersV357Test.test_create_list_delete_volume_transfer [3.148086s] ... ok
{0} tempest.api.volume.test_volumes_clone.VolumesCloneTest.test_create_from_volume [7.171593s] ... ok
{0} tempest.api.volume.test_volumes_clone_negative.VolumesCloneNegativeTest.test_create_from_volume_decreasing_size [3.149609s] ... ok
{0} tempest.api.volume.test_volumes_get.VolumesGetTest.test_volume_create_get_update_delete [6.278783s] ... ok
{0} tempest.api.volume.test_volumes_get.VolumesGetTest.test_volume_create_get_update_delete_as_clone [11.102690s] ... ok
{0} tempest.api.volume.test_volumes_get.VolumesSummaryTest.test_show_volume_summary [0.180220s] ... ok
{0} tempest.api.volume.test_volumes_list.VolumesListTestJSON.test_volume_list [0.043665s] ... ok
{0} tempest.api.volume.test_volumes_list.VolumesListTestJSON.test_volume_list_by_name [0.108722s] ... ok
{0} tempest.api.volume.test_volumes_list.VolumesListTestJSON.test_volume_list_details_by_name [0.134666s] ... ok
{0} tempest.api.volume.test_volumes_list.VolumesListTestJSON.test_volume_list_details_pagination [0.433642s] ... ok
{0} tempest.api.volume.test_volumes_list.VolumesListTestJSON.test_volume_list_details_with_multiple_params [0.279650s] ... ok
{0} tempest.api.volume.test_volumes_list.VolumesListTestJSON.test_volume_list_pagination [0.193533s] ... ok
{0} tempest.api.volume.test_volumes_list.VolumesListTestJSON.test_volume_list_param_display_name_and_status [0.112270s] ... ok
{0} tempest.api.volume.test_volumes_list.VolumesListTestJSON.test_volume_list_with_detail_param_display_name_and_status [0.130892s] ... ok
{0} tempest.api.volume.test_volumes_list.VolumesListTestJSON.test_volume_list_with_detail_param_marker [0.146676s] ... ok
{0} tempest.api.volume.test_volumes_list.VolumesListTestJSON.test_volume_list_with_detail_param_metadata [0.165610s] ... ok
{0} tempest.api.volume.test_volumes_list.VolumesListTestJSON.test_volume_list_with_details [0.081824s] ... ok
{0} tempest.api.volume.test_volumes_list.VolumesListTestJSON.test_volume_list_with_param_metadata [0.051028s] ... ok
{0} tempest.api.volume.test_volumes_list.VolumesListTestJSON.test_volumes_list_by_availability_zone [0.233116s] ... ok
{0} tempest.api.volume.test_volumes_list.VolumesListTestJSON.test_volumes_list_by_bootable [0.225205s] ... ok
{0} tempest.api.volume.test_volumes_list.VolumesListTestJSON.test_volumes_list_by_status [0.242334s] ... ok
{0} tempest.api.volume.test_volumes_list.VolumesListTestJSON.test_volumes_list_details_by_availability_zone [0.071759s] ... ok
{0} tempest.api.volume.test_volumes_list.VolumesListTestJSON.test_volumes_list_details_by_bootable [0.067046s] ... ok
{0} tempest.api.volume.test_volumes_list.VolumesListTestJSON.test_volumes_list_details_by_status [0.072889s] ... ok
{0} tempest.api.volume.test_volumes_negative.VolumesNegativeTest.test_create_volume_from_deactivated_image [3.040555s] ... ok
{0} tempest.api.volume.test_volumes_negative.VolumesNegativeTest.test_create_volume_from_image_with_decreasing_size [2.421119s] ... ok
{0} tempest.api.volume.test_volumes_negative.VolumesNegativeTest.test_create_volume_with_invalid_size [0.021665s] ... ok
{0} tempest.api.volume.test_volumes_negative.VolumesNegativeTest.test_create_volume_with_nonexistent_snapshot_id [0.038184s] ... ok
{0} tempest.api.volume.test_volumes_negative.VolumesNegativeTest.test_create_volume_with_nonexistent_source_volid [0.036118s] ... ok
{0} tempest.api.volume.test_volumes_negative.VolumesNegativeTest.test_create_volume_with_nonexistent_volume_type [0.035932s] ... ok
{0} tempest.api.volume.test_volumes_negative.VolumesNegativeTest.test_create_volume_with_size_negative [0.017798s] ... ok
{0} tempest.api.volume.test_volumes_negative.VolumesNegativeTest.test_create_volume_with_size_zero [0.018088s] ... ok
{0} tempest.api.volume.test_volumes_negative.VolumesNegativeTest.test_create_volume_without_passing_size [0.017308s] ... ok
{0} tempest.api.volume.test_volumes_negative.VolumesNegativeTest.test_delete_invalid_volume_id [0.044692s] ... ok
{0} tempest.api.volume.test_volumes_negative.VolumesNegativeTest.test_delete_volume_without_passing_volume_id [0.015154s] ... ok
{0} tempest.api.volume.test_volumes_negative.VolumesNegativeTest.test_detach_volumes_with_invalid_volume_id [0.038123s] ... ok
{0} tempest.api.volume.test_volumes_negative.VolumesNegativeTest.test_get_invalid_volume_id [0.033852s] ... ok
{0} tempest.api.volume.test_volumes_negative.VolumesNegativeTest.test_get_volume_without_passing_volume_id [0.013829s] ... ok
{0} tempest.api.volume.test_volumes_negative.VolumesNegativeTest.test_list_volumes_detail_with_invalid_status [0.056983s] ... ok
{0} tempest.api.volume.test_volumes_negative.VolumesNegativeTest.test_list_volumes_detail_with_nonexistent_name [0.059165s] ... ok
{0} tempest.api.volume.test_volumes_negative.VolumesNegativeTest.test_list_volumes_with_invalid_status [0.037563s] ... ok
{0} tempest.api.volume.test_volumes_negative.VolumesNegativeTest.test_list_volumes_with_nonexistent_name [0.043082s] ... ok
{0} tempest.api.volume.test_volumes_negative.VolumesNegativeTest.test_reserve_volume_with_negative_volume_status [0.169193s] ... ok
{0} tempest.api.volume.test_volumes_negative.VolumesNegativeTest.test_reserve_volume_with_nonexistent_volume_id [0.038433s] ... ok
{0} tempest.api.volume.test_volumes_negative.VolumesNegativeTest.test_unreserve_volume_with_nonexistent_volume_id [0.032564s] ... ok
{0} tempest.api.volume.test_volumes_negative.VolumesNegativeTest.test_update_volume_with_empty_volume_id [0.012202s] ... ok
{0} tempest.api.volume.test_volumes_negative.VolumesNegativeTest.test_update_volume_with_invalid_volume_id [0.030319s] ... ok
{0} tempest.api.volume.test_volumes_negative.VolumesNegativeTest.test_update_volume_with_nonexistent_volume_id [0.036955s] ... ok
{0} tempest.api.volume.test_volumes_negative.VolumesNegativeTest.test_volume_delete_nonexistent_volume_id [0.029727s] ... ok
{0} tempest.api.volume.test_volumes_negative.VolumesNegativeTest.test_volume_extend_with_None_size [0.020806s] ... ok
{0} tempest.api.volume.test_volumes_negative.VolumesNegativeTest.test_volume_extend_with_non_number_size [0.023266s] ... ok
{0} tempest.api.volume.test_volumes_negative.VolumesNegativeTest.test_volume_extend_with_nonexistent_volume_id [0.042018s] ... ok
{0} tempest.api.volume.test_volumes_negative.VolumesNegativeTest.test_volume_extend_with_size_smaller_than_original_size [0.019601s] ... ok
{0} tempest.api.volume.test_volumes_negative.VolumesNegativeTest.test_volume_extend_without_passing_volume_id [0.034939s] ... ok
{0} tempest.api.volume.test_volumes_negative.VolumesNegativeTest.test_volume_get_nonexistent_volume_id [0.027100s] ... ok
{0} tempest.api.volume.test_volumes_snapshots_list.VolumesSnapshotListTestJSON.test_snapshot_list_param_limit [0.038037s] ... ok
{0} tempest.api.volume.test_volumes_snapshots_list.VolumesSnapshotListTestJSON.test_snapshot_list_param_limit_equals_infinite [0.072807s] ... ok
{0} tempest.api.volume.test_volumes_snapshots_list.VolumesSnapshotListTestJSON.test_snapshot_list_param_limit_equals_zero [0.036653s] ... ok
{0} tempest.api.volume.test_volumes_snapshots_list.VolumesSnapshotListTestJSON.test_snapshot_list_param_marker [0.103578s] ... ok
{0} tempest.api.volume.test_volumes_snapshots_list.VolumesSnapshotListTestJSON.test_snapshot_list_param_offset [0.056093s] ... ok
{0} tempest.api.volume.test_volumes_snapshots_list.VolumesSnapshotListTestJSON.test_snapshot_list_param_sort_created_at_asc [0.056853s] ... ok
{0} tempest.api.volume.test_volumes_snapshots_list.VolumesSnapshotListTestJSON.test_snapshot_list_param_sort_created_at_desc [0.037284s] ... ok
{0} tempest.api.volume.test_volumes_snapshots_list.VolumesSnapshotListTestJSON.test_snapshot_list_param_sort_id_asc [0.058096s] ... ok
{0} tempest.api.volume.test_volumes_snapshots_list.VolumesSnapshotListTestJSON.test_snapshot_list_param_sort_id_desc [0.056115s] ... ok
{0} tempest.api.volume.test_volumes_snapshots_list.VolumesSnapshotListTestJSON.test_snapshot_list_param_sort_name_asc [0.060461s] ... ok
{0} tempest.api.volume.test_volumes_snapshots_list.VolumesSnapshotListTestJSON.test_snapshot_list_param_sort_name_desc [0.058813s] ... ok
{0} tempest.api.volume.test_volumes_snapshots_list.VolumesSnapshotListTestJSON.test_snapshots_list_details_with_params [0.460078s] ... ok
{0} tempest.api.volume.test_volumes_snapshots_list.VolumesSnapshotListTestJSON.test_snapshots_list_with_params [0.496728s] ... ok
{0} tempest.api.volume.test_volumes_snapshots_negative.VolumesSnapshotNegativeTestJSON.test_create_snapshot_with_nonexistent_volume_id [0.174214s] ... ok
{0} tempest.api.volume.test_volumes_snapshots_negative.VolumesSnapshotNegativeTestJSON.test_create_snapshot_without_passing_volume_id [0.104803s] ... ok
{0} tempest.api.volume.test_volumes_snapshots_negative.VolumesSnapshotNegativeTestJSON.test_list_snapshot_invalid_param_limit [0.017017s] ... ok
{0} tempest.api.volume.test_volumes_snapshots_negative.VolumesSnapshotNegativeTestJSON.test_list_snapshots_invalid_param_marker [0.028064s] ... ok
{0} tempest.api.volume.test_volumes_snapshots_negative.VolumesSnapshotNegativeTestJSON.test_list_snapshots_invalid_param_sort [0.019627s] ... ok
{0} tempest.api.volume.test_volumes_snapshots_negative.VolumesSnapshotNegativeTestJSON.test_volume_from_snapshot_decreasing_size [5.386813s] ... ok
{0} tempest.scenario.test_snapshots_with_add_location.TestImageHashVerification.test_volume_upload_image_hash_verification [7.200395s] ... FAILED

Captured traceback:
~~~~~~~~~~~~~~~~~~~
    Traceback (most recent call last):

      File "/opt/stack/tempest/tempest/common/utils/__init__.py", line 65, in wrapper
    return f(*func_args, **func_kwargs)
           ^^^^^^^^^^^^^^^^^^^^^^^^^^^^

      File "/opt/stack/tempest/tempest/scenario/test_snapshots_with_add_location.py", line 198, in test_volume_upload_image_hash_verification
    waiters.wait_for_image_status(

      File "/opt/stack/tempest/tempest/common/waiters.py", line 175, in wait_for_image_status
    image = show_image(image_id)
            ^^^^^^^^^^^^^^^^^^^^

      File "/opt/stack/tempest/tempest/lib/services/image/v2/images_client.py", line 119, in show_image
    resp, body = self.get(url)
                 ^^^^^^^^^^^^^

      File "/opt/stack/tempest/tempest/lib/common/rest_client.py", line 345, in get
    return self.request('GET', url, extra_headers, headers,
           ^^^^^^^^^^^^^^^^^^^^^^^^^^^^^^^^^^^^^^^^^^^^^^^^

      File "/opt/stack/tempest/tempest/lib/common/rest_client.py", line 767, in request
    self._error_checker(resp, resp_body)

      File "/opt/stack/tempest/tempest/lib/common/rest_client.py", line 877, in _error_checker
    raise exceptions.NotFound(resp_body, resp=resp)

    tempest.lib.exceptions.NotFound: Object not found
Details: {'message': 'No image found with ID 0321ae36-608a-415a-8235-3cdf38159af5<br /><br />\n\n\n', 'code': '404 Not Found', 'title': 'Not Found'}


Captured pythonlogging:
~~~~~~~~~~~~~~~~~~~~~~~
    2026-07-29 07:18:14,268 3320440 INFO     [tempest.lib.common.rest_client] Request (TestImageHashVerification:test_volume_upload_image_hash_verification): 202 POST http://10.132.239.110/volume/v3/volumes 0.770s
2026-07-29 07:18:14,269 3320440 DEBUG    [tempest.lib.common.rest_client] Request - Headers: {'Content-Type': 'application/json', 'Accept': 'application/json', 'X-Auth-Token': '<omitted>'}
        Body: {"volume": {"name": "tempest-TestImageHashVerification-volume-413843599", "snapshot_id": null, "imageRef": null, "volume_type": null, "size": 1}}
    Response - Headers: {'date': 'Wed, 29 Jul 2026 07:18:13 GMT', 'server': 'Apache/2.4.58 (Ubuntu)', 'content-type': 'application/json', 'x-compute-request-id': 'req-06200f20-1b75-4154-8f6a-fc978664b335', 'content-length': '761', 'openstack-api-version': 'volume 3.0', 'vary': 'OpenStack-API-Version', 'x-openstack-request-id': 'req-06200f20-1b75-4154-8f6a-fc978664b335', 'connection': 'close', 'status': '202', 'content-location': 'http://10.132.239.110/volume/v3/volumes'}
        Body: b'{"volume": {"id": "45d4fcd7-d48e-49d7-9f87-c021a5e70160", "status": "creating", "size": 1, "availability_zone": "nova", "created_at": "2026-07-29T07:18:14.106043", "updated_at": null, "name": "tempest-TestImageHashVerification-volume-413843599", "description": null, "volume_type": "arcusfc1", "snapshot_id": null, "source_volid": null, "metadata": {}, "links": [{"rel": "self", "href": "http://10.132.239.110/volume/v3/volumes/45d4fcd7-d48e-49d7-9f87-c021a5e70160"}, {"rel": "bookmark", "href": "http://10.132.239.110/volume/volumes/45d4fcd7-d48e-49d7-9f87-c021a5e70160"}], "user_id": "1c97c5c4aa6e49a5a432163bcb483c52", "bootable": "false", "encrypted": false, "replication_status": null, "consistencygroup_id": null, "multiattach": false, "attachments": []}}'
2026-07-29 07:18:14,337 3320440 INFO     [tempest.lib.common.rest_client] Request (TestImageHashVerification:test_volume_upload_image_hash_verification): 200 GET http://10.132.239.110/volume/v3/volumes/45d4fcd7-d48e-49d7-9f87-c021a5e70160 0.053s
2026-07-29 07:18:14,337 3320440 DEBUG    [tempest.lib.common.rest_client] Request - Headers: {'Content-Type': 'application/json', 'Accept': 'application/json', 'X-Auth-Token': '<omitted>'}
        Body: None
    Response - Headers: {'date': 'Wed, 29 Jul 2026 07:18:14 GMT', 'server': 'Apache/2.4.58 (Ubuntu)', 'content-type': 'application/json', 'x-compute-request-id': 'req-46441f5a-9419-4192-b7ed-b02c97322348', 'content-length': '829', 'openstack-api-version': 'volume 3.0', 'vary': 'OpenStack-API-Version', 'x-openstack-request-id': 'req-46441f5a-9419-4192-b7ed-b02c97322348', 'connection': 'close', 'status': '200', 'content-location': 'http://10.132.239.110/volume/v3/volumes/45d4fcd7-d48e-49d7-9f87-c021a5e70160'}
        Body: b'{"volume": {"id": "45d4fcd7-d48e-49d7-9f87-c021a5e70160", "status": "creating", "size": 1, "availability_zone": "nova", "created_at": "2026-07-29T07:18:14.000000", "updated_at": null, "name": "tempest-TestImageHashVerification-volume-413843599", "description": null, "volume_type": "arcusfc1", "snapshot_id": null, "source_volid": null, "metadata": {}, "links": [{"rel": "self", "href": "http://10.132.239.110/volume/v3/volumes/45d4fcd7-d48e-49d7-9f87-c021a5e70160"}, {"rel": "bookmark", "href": "http://10.132.239.110/volume/volumes/45d4fcd7-d48e-49d7-9f87-c021a5e70160"}], "user_id": "1c97c5c4aa6e49a5a432163bcb483c52", "bootable": "false", "encrypted": false, "replication_status": null, "consistencygroup_id": null, "multiattach": false, "attachments": [], "os-vol-tenant-attr:tenant_id": "ed48348022854e0197bc4f8217a57f87"}}'
2026-07-29 07:18:15,408 3320440 INFO     [tempest.lib.common.rest_client] Request (TestImageHashVerification:test_volume_upload_image_hash_verification): 200 GET http://10.132.239.110/volume/v3/volumes/45d4fcd7-d48e-49d7-9f87-c021a5e70160 0.053s
2026-07-29 07:18:15,409 3320440 DEBUG    [tempest.lib.common.rest_client] Request - Headers: {'Content-Type': 'application/json', 'Accept': 'application/json', 'X-Auth-Token': '<omitted>'}
        Body: None
    Response -
     Headers: {'date': 'Wed, 29 Jul 2026 07:18:15 GMT', 'server': 'Apache/2.4.58 (Ubuntu)', 'content-type': 'application/json', 'x-compute-request-id': 'req-2d36a8db-85e7-43c1-9904-0c618284cee8', 'content-length': '854', 'openstack-api-version': 'volume 3.0', 'vary': 'OpenStack-API-Version', 'x-openstack-request-id': 'req-2d36a8db-85e7-43c1-9904-0c618284cee8', 'connection': 'close', 'status': '200', 'content-location': 'http://10.132.239.110/volume/v3/volumes/45d4fcd7-d48e-49d7-9f87-c021a5e70160'}
        Body: b'{"volume": {"id": "45d4fcd7-d48e-49d7-9f87-c021a5e70160", "status": "available", "size": 1, "availability_zone": "nova", "created_at": "2026-07-29T07:18:14.000000", "updated_at": "2026-07-29T07:18:15.000000", "name": "tempest-TestImageHashVerification-volume-413843599", "description": null, "volume_type": "arcusfc1", "snapshot_id": null, "source_volid": null, "metadata": {}, "links": [{"rel": "self", "href": "http://10.132.239.110/volume/v3/volumes/45d4fcd7-d48e-49d7-9f87-c021a5e70160"}, {"rel": "bookmark", "href": "http://10.132.239.110/volume/volumes/45d4fcd7-d48e-49d7-9f87-c021a5e70160"}], "user_id": "1c97c5c4aa6e49a5a432163bcb483c52", "bootable": "false", "encrypted": false, "replication_status": null, "consistencygroup_id": null, "multiattach": false, "attachments": [], "os-vol-tenant-attr:tenant_id": "ed48348022854e0197bc4f8217a57f87"}}'
2026-07-29 07:18:15,424 3320440 INFO     [tempest.common.waiters] volume 45d4fcd7-d48e-49d7-9f87-c021a5e70160 reached available after waiting for 1.424356 seconds
2026-07-29 07:18:15,478 3320440 INFO     [tempest.lib.common.rest_client] Request (TestImageHashVerification:test_volume_upload_image_hash_verification): 200 GET http://10.132.239.110/volume/v3/volumes/45d4fcd7-d48e-49d7-9f87-c021a5e70160 0.053s
2026-07-29 07:18:15,478 3320440 DEBUG    [tempest.lib.common.rest_client] Request - Headers: {'Content-Type': 'application/json', 'Accept': 'application/json', 'X-Auth-Token': '<omitted>'}
        Body: None
    Response - Headers: {'date': 'Wed, 29 Jul 2026 07:18:15 GMT', 'server': 'Apache/2.4.58 (Ubuntu)', 'content-type': 'application/json', 'x-compute-request-id': 'req-763f1a97-4e89-46f0-816f-517450d093e9', 'content-length': '854', 'openstack-api-version': 'volume 3.0', 'vary': 'OpenStack-API-Version', 'x-openstack-request-id': 'req-763f1a97-4e89-46f0-816f-517450d093e9', 'connection': 'close', 'status': '200', 'content-location': 'http://10.132.239.110/volume/v3/volumes/45d4fcd7-d48e-49d7-9f87-c021a5e70160'}
        Body: b'{"volume": {"id": "45d4fcd7-d48e-49d7-9f87-c021a5e70160", "status": "available", "size": 1, "availability_zone": "nova", "created_at": "2026-07-29T07:18:14.000000", "updated_at": "2026-07-29T07:18:15.000000", "name": "tempest-TestImageHashVerification-volume-413843599", "description": null, "volume_type": "arcusfc1", "snapshot_id": null, "source_volid": null, "metadata": {}, "links": [{"rel": "self", "href": "http://10.132.239.110/volume/v3/volumes/45d4fcd7-d48e-49d7-9f87-c021a5e70160"}, {"rel": "bookmark", "href": "http://10.132.239.110/volume/volumes/45d4fcd7-d48e-49d7-9f87-c021a5e70160"}], "user_id": "1c97c5c4aa6e49a5a432163bcb483c52", "bootable": "false", "encrypted": false, "replication_status": null, "consistencygroup_id": null, "multiattach": false, "attachments": [], "os-vol-tenant-attr:tenant_id": "ed48348022854e0197bc4f8217a57f87"}}'
2026-07-29 07:18:16,365 3320440 INFO     [tempest.lib.common.rest_client] Request (TestImageHashVerification:test_volume_upload_image_hash_verification): 202 POST http://10.132.239.110/volume/v3/volumes/45d4fcd7-d48e-49d7-9f87-c021a5e70160/action 0.871s
2026-07-29 07:18:16,366 3320440 DEBUG    [tempest.lib.common.rest_client] Request - Headers: {'Content-Type': 'application/json', 'Accept': 'application/json', 'X-Auth-Token': '<omitted>'}
        Body: {"os-volume_upload_image": {"image_name": "tempest-volume-upload-hash-test-759098791", "disk_format": "raw"}}
    Response - Headers: {'date': 'Wed, 29 Jul 2026 07:18:15 GMT', 'server': 'Apache/2.4.58 (Ubuntu)', 'content-type': 'application/json', 'x-compute-request
    -id': 'req-1c5117aa-640f-4689-992d-7b5f320ed2bb', 'content-length': '735', 'openstack-api-version': 'volume 3.0', 'vary': 'OpenStack-API-Version', 'x-openstack-request-id': 'req-1c5117aa-640f-4689-992d-7b5f320ed2bb', 'connection': 'close', 'status': '202', 'content-location': 'http://10.132.239.110/volume/v3/volumes/45d4fcd7-d48e-49d7-9f87-c021a5e70160/action'}
        Body: b'{"os-volume_upload_image": {"id": "45d4fcd7-d48e-49d7-9f87-c021a5e70160", "updated_at": "2026-07-29T07:18:15.000000", "status": "uploading", "display_description": null, "size": 1, "volume_type": {"id": "c58eefac-ce11-4264-a790-3d6540d4a646", "name": "arcusfc1", "description": null, "is_public": true, "extra_specs": {"volume_backend_name": "arcusfc1", "consistent_group_snapshot_enabled": "<is> True"}, "qos_specs_id": null, "created_at": "2026-07-29T07:07:45.000000", "updated_at": null, "deleted_at": null, "deleted": false}, "image_id": "0321ae36-608a-415a-8235-3cdf38159af5", "container_format": "bare", "disk_format": "raw", "image_name": "tempest-volume-upload-hash-test-759098791", "protected": false, "visibility": "shared"}}'
2026-07-29 07:18:16,400 3320440 INFO     [tempest.lib.common.rest_client] Request (TestImageHashVerification:test_volume_upload_image_hash_verification): 200 GET http://10.132.239.110/image/v2/images/0321ae36-608a-415a-8235-3cdf38159af5 0.033s
2026-07-29 07:18:16,400 3320440 DEBUG    [tempest.lib.common.rest_client] Request - Headers: {'Content-Type': 'application/json', 'Accept': 'application/json', 'X-Auth-Token': '<omitted>'}
        Body: None
    Response - Headers: {'date': 'Wed, 29 Jul 2026 07:18:16 GMT', 'server': 'Apache/2.4.58 (Ubuntu)', 'content-length': '648', 'content-type': 'application/json', 'x-openstack-request-id': 'req-f2cd04d8-cc62-4759-bb52-8c089182e868', 'connection': 'close', 'status': '200', 'content-location': 'http://10.132.239.110/image/v2/images/0321ae36-608a-415a-8235-3cdf38159af5'}
        Body: b'{"name": "tempest-volume-upload-hash-test-759098791", "disk_format": "raw", "container_format": "bare", "visibility": "shared", "size": null, "virtual_size": null, "status": "queued", "checksum": null, "protected": false, "min_ram": 0, "min_disk": 0, "owner": "ed48348022854e0197bc4f8217a57f87", "os_hidden": false, "os_hash_algo": null, "os_hash_value": null, "id": "0321ae36-608a-415a-8235-3cdf38159af5", "created_at": "2026-07-29T07:18:16Z", "updated_at": "2026-07-29T07:18:16Z", "tags": [], "self": "/v2/images/0321ae36-608a-415a-8235-3cdf38159af5", "file": "/v2/images/0321ae36-608a-415a-8235-3cdf38159af5/file", "schema": "/v2/schemas/image"}'
2026-07-29 07:18:17,427 3320440 INFO     [tempest.lib.common.rest_client] Request (TestImageHashVerification:test_volume_upload_image_hash_verification): 200 GET http://10.132.239.110/image/v2/images/0321ae36-608a-415a-8235-3cdf38159af5 0.026s
2026-07-29 07:18:17,428 3320440 DEBUG    [tempest.lib.common.rest_client] Request - Headers: {'Content-Type': 'application/json', 'Accept': 'application/json', 'X-Auth-Token': '<omitted>'}
        Body: None
    Response - Headers: {'date': 'Wed, 29 Jul 2026 07:18:17 GMT', 'server': 'Apache/2.4.58 (Ubuntu)', 'content-length': '648', 'content-type': 'application/json', 'x-openstack-request-id': 'req-67d224fb-b3a3-4c12-aaa4-1890d169387f', 'connection': 'close', 'status': '200', 'content-location': 'http://10.132.239.110/image/v2/images/0321ae36-608a-415a-8235-3cdf38159af5'}
        Body: b'{"name": "tempest-volume-upload-hash-test-759098791", "disk_format": "raw", "container_format": "bare", "visibility": "shared", "size": null, "virtual_size": null, "status": "queued", "checksum": null, "protected": false, "min_ram": 0, "min_disk": 0, "owner": "ed48348022854e0197bc4f8217a57f87", "os_hidden": false, "os_hash_algo": null, "os_hash_value": null, "id": "0321ae36-608a-415a-8235-3cdf38159af5", "created_at": "2026-07-29T07:18:16Z", "updated_at": "2026-07-29T07:18:16Z", "tags": [], "self": "/v2/images/0321ae36-608a-415a-8235-3cdf38159af5", "file": "/v2/images/0321ae36-608a-415a-8235-3cdf38159af5/file", "schema": "/v2/schemas/image"}'
2
    026-07-29 07:18:18,455 3320440 INFO     [tempest.lib.common.rest_client] Request (TestImageHashVerification:test_volume_upload_image_hash_verification): 200 GET http://10.132.239.110/image/v2/images/0321ae36-608a-415a-8235-3cdf38159af5 0.027s
2026-07-29 07:18:18,456 3320440 DEBUG    [tempest.lib.common.rest_client] Request - Headers: {'Content-Type': 'application/json', 'Accept': 'application/json', 'X-Auth-Token': '<omitted>'}
        Body: None
    Response - Headers: {'date': 'Wed, 29 Jul 2026 07:18:18 GMT', 'server': 'Apache/2.4.58 (Ubuntu)', 'content-length': '648', 'content-type': 'application/json', 'x-openstack-request-id': 'req-14b14b1a-c2fa-48c4-8a57-c4586cbfbc81', 'connection': 'close', 'status': '200', 'content-location': 'http://10.132.239.110/image/v2/images/0321ae36-608a-415a-8235-3cdf38159af5'}
        Body: b'{"name": "tempest-volume-upload-hash-test-759098791", "disk_format": "raw", "container_format": "bare", "visibility": "shared", "size": null, "virtual_size": null, "status": "queued", "checksum": null, "protected": false, "min_ram": 0, "min_disk": 0, "owner": "ed48348022854e0197bc4f8217a57f87", "os_hidden": false, "os_hash_algo": null, "os_hash_value": null, "id": "0321ae36-608a-415a-8235-3cdf38159af5", "created_at": "2026-07-29T07:18:16Z", "updated_at": "2026-07-29T07:18:16Z", "tags": [], "self": "/v2/images/0321ae36-608a-415a-8235-3cdf38159af5", "file": "/v2/images/0321ae36-608a-415a-8235-3cdf38159af5/file", "schema": "/v2/schemas/image"}'
2026-07-29 07:18:19,479 3320440 INFO     [tempest.lib.common.rest_client] Request (TestImageHashVerification:test_volume_upload_image_hash_verification): 404 GET http://10.132.239.110/image/v2/images/0321ae36-608a-415a-8235-3cdf38159af5 0.021s
2026-07-29 07:18:19,479 3320440 DEBUG    [tempest.lib.common.rest_client] Request - Headers: {'Content-Type': 'application/json', 'Accept': 'application/json', 'X-Auth-Token': '<omitted>'}
        Body: None
    Response - Headers: {'date': 'Wed, 29 Jul 2026 07:18:19 GMT', 'server': 'Apache/2.4.58 (Ubuntu)', 'content-length': '139', 'content-type': 'application/json', 'x-openstack-request-id': 'req-11f5e404-5b47-4066-8548-4bc855cbfc55', 'connection': 'close', 'status': '404', 'content-location': 'http://10.132.239.110/image/v2/images/0321ae36-608a-415a-8235-3cdf38159af5'}
        Body: b'{"message": "No image found with ID 0321ae36-608a-415a-8235-3cdf38159af5<br /><br />\\n\\n\\n", "code": "404 Not Found", "title": "Not Found"}'
2026-07-29 07:18:19,515 3320440 INFO     [tempest.lib.common.rest_client] Request (TestImageHashVerification:_run_cleanups): 404 DELETE http://10.132.239.110/image/v2/images/0321ae36-608a-415a-8235-3cdf38159af5 0.030s
2026-07-29 07:18:19,516 3320440 DEBUG    [tempest.lib.common.rest_client] Request - Headers: {'Content-Type': 'application/json', 'Accept': 'application/json', 'X-Auth-Token': '<omitted>'}
        Body: None
    Response - Headers: {'date': 'Wed, 29 Jul 2026 07:18:19 GMT', 'server': 'Apache/2.4.58 (Ubuntu)', 'content-length': '147', 'content-type': 'application/json', 'x-openstack-request-id': 'req-a9320c43-c544-4ff5-8e4b-04c536dbfad3', 'connection': 'close', 'status': '404', 'content-location': 'http://10.132.239.110/image/v2/images/0321ae36-608a-415a-8235-3cdf38159af5'}
        Body: b'{"message": "Failed to find image 0321ae36-608a-415a-8235-3cdf38159af5 to delete<br /><br />\\n\\n\\n", "code": "404 Not Found", "title": "Not Found"}'
2026-07-29 07:18:19,586 3320440 INFO     [tempest.lib.common.rest_client] Request (TestImageHashVerification:_run_cleanups): 202 DELETE http://10.132.239.110/volume/v3/volumes/45d4fcd7-d48e-49d7-9f87-c021a5e70160 0.069s
2026-07-29 07:18:19,587 3320440 DEBUG    [tempest.lib.common.rest_client] Request - Headers: {'Content-Type': 'application/json', 'Accept': 'application/json', 'X-Auth-Token': '<omitted>'}
        Body: None
    Response - Headers: {'date': 'Wed, 29 Jul 2026 07:18:19 GMT', 'server': 'Apache/2.4.58 (Ubuntu)', 'content-length': '0', 'content-type': 'text/html; charset=UTF-8', 'openstack-api-version': 'volume 3.0', 'vary': 'OpenStack-API-V
    ersion', 'x-openstack-request-id': 'req-a2011e6f-4216-4640-a007-c0ec108f6f46', 'connection': 'close', 'status': '202', 'content-location': 'http://10.132.239.110/volume/v3/volumes/45d4fcd7-d48e-49d7-9f87-c021a5e70160'}
        Body: b''
2026-07-29 07:18:19,646 3320440 INFO     [tempest.lib.common.rest_client] Request (TestImageHashVerification:_run_cleanups): 200 GET http://10.132.239.110/volume/v3/volumes/45d4fcd7-d48e-49d7-9f87-c021a5e70160 0.059s
2026-07-29 07:18:19,647 3320440 DEBUG    [tempest.lib.common.rest_client] Request - Headers: {'Content-Type': 'application/json', 'Accept': 'application/json', 'X-Auth-Token': '<omitted>'}
        Body: None
    Response - Headers: {'date': 'Wed, 29 Jul 2026 07:18:19 GMT', 'server': 'Apache/2.4.58 (Ubuntu)', 'content-type': 'application/json', 'x-compute-request-id': 'req-ccf7ffab-3a61-4a89-b171-c5034719992c', 'content-length': '853', 'openstack-api-version': 'volume 3.0', 'vary': 'OpenStack-API-Version', 'x-openstack-request-id': 'req-ccf7ffab-3a61-4a89-b171-c5034719992c', 'connection': 'close', 'status': '200', 'content-location': 'http://10.132.239.110/volume/v3/volumes/45d4fcd7-d48e-49d7-9f87-c021a5e70160'}
        Body: b'{"volume": {"id": "45d4fcd7-d48e-49d7-9f87-c021a5e70160", "status": "deleting", "size": 1, "availability_zone": "nova", "created_at": "2026-07-29T07:18:14.000000", "updated_at": "2026-07-29T07:18:20.000000", "name": "tempest-TestImageHashVerification-volume-413843599", "description": null, "volume_type": "arcusfc1", "snapshot_id": null, "source_volid": null, "metadata": {}, "links": [{"rel": "self", "href": "http://10.132.239.110/volume/v3/volumes/45d4fcd7-d48e-49d7-9f87-c021a5e70160"}, {"rel": "bookmark", "href": "http://10.132.239.110/volume/volumes/45d4fcd7-d48e-49d7-9f87-c021a5e70160"}], "user_id": "1c97c5c4aa6e49a5a432163bcb483c52", "bootable": "false", "encrypted": false, "replication_status": null, "consistencygroup_id": null, "multiattach": false, "attachments": [], "os-vol-tenant-attr:tenant_id": "ed48348022854e0197bc4f8217a57f87"}}'
2026-07-29 07:18:20,695 3320440 INFO     [tempest.lib.common.rest_client] Request (TestImageHashVerification:_run_cleanups): 404 GET http://10.132.239.110/volume/v3/volumes/45d4fcd7-d48e-49d7-9f87-c021a5e70160 0.031s
2026-07-29 07:18:20,696 3320440 DEBUG    [tempest.lib.common.rest_client] Request - Headers: {'Content-Type': 'application/json', 'Accept': 'application/json', 'X-Auth-Token': '<omitted>'}
        Body: None
    Response - Headers: {'date': 'Wed, 29 Jul 2026 07:18:20 GMT', 'server': 'Apache/2.4.58 (Ubuntu)', 'openstack-api-version': 'volume 3.0', 'vary': 'OpenStack-API-Version', 'content-length': '109', 'content-type': 'application/json', 'x-compute-request-id': 'req-211319f5-b9bc-4647-adf9-b8e4e0bf391d', 'x-openstack-request-id': 'req-211319f5-b9bc-4647-adf9-b8e4e0bf391d', 'connection': 'close', 'status': '404', 'content-location': 'http://10.132.239.110/volume/v3/volumes/45d4fcd7-d48e-49d7-9f87-c021a5e70160'}
        Body: b'{"itemNotFound": {"code": 404, "message": "Volume 45d4fcd7-d48e-49d7-9f87-c021a5e70160 could not be found."}}'


==============================
Failed 1 tests - output below:
==============================

tempest.scenario.test_snapshots_with_add_location.TestImageHashVerification.test_volume_upload_image_hash_verification[compute,id-b2c3d4e5-f6a7-8901-bcde-f12345678901,image,volume]
------------------------------------------------------------------------------------------------------------------------------------------------------------------------------------

Captured traceback:
~~~~~~~~~~~~~~~~~~~
    Traceback (most recent call last):

      File "/opt/stack/tempest/tempest/common/utils/__init__.py", line 65, in wrapper
    return f(*func_args, **func_kwargs)
           ^^^^^^^^^^^^^^^^^^^^^^^^^^^^

      File "/opt/stack/tempest/tempest/scenario/test_snapshots_with_add_location.py", line 198, in test_volume_upload_image_hash_verification
    waiters.wait_for_image_status(

      File "/opt/stack/tempest/tempest/common/waiters.py", line 175, in wait_for_image_status
    image = show_image(image_id)
            ^^^^^^^^^^^^^^^^^^^^

      File "/opt/stack/tempest/tempest/lib/services/image/v2/images_client.py", line 119, in show_image
    resp, body = self.get(url)
                 ^^^^^^^^^^^^^

      File "/opt/stack/tempest/tempest/lib/common/rest_client.py", line 345, in get
    return self.request('GET', url, extra_headers, headers,
           ^^^^^^^^^^^^^^^^^^^^^^^^^^^^^^^^^^^^^^^^^^^^^^^^

      File "/opt/stack/tempest/tempest/lib/common/rest_client.py", line 767, in request
    self._error_checker(resp, resp_body)

      File "/opt/stack/tempest/tempest/lib/common/rest_client.py", line 877, in _error_checker
    raise exceptions.NotFound(resp_body, resp=resp)

    tempest.lib.exceptions.NotFound: Object not found
Details: {'message': 'No image found with ID 0321ae36-608a-415a-8235-3cdf38159af5<br /><br />\n\n\n', 'code': '404 Not Found', 'title': 'Not Found'}


Captured pythonlogging:
~~~~~~~~~~~~~~~~~~~~~~~
    2026-07-29 07:18:14,268 3320440 INFO     [tempest.lib.common.rest_client] Request (TestImageHashVerification:test_volume_upload_image_hash_verification): 202 POST http://10.132.239.110/volume/v3/volumes 0.770s
2026-07-29 07:18:14,269 3320440 DEBUG    [tempest.lib.common.rest_client] Request - Headers: {'Content-Type': 'application/json', 'Accept': 'application/json', 'X-Auth-Token': '<omitted>'}
        Body: {"volume": {"name": "tempest-TestImageHashVerification-volume-413843599", "snapshot_id": null, "imageRef": null, "volume_type": null, "size": 1}}
    Response - Headers: {'date': 'Wed, 29 Jul 2026 07:18:13 GMT', 'server': 'Apache/2.4.58 (Ubuntu)', 'content-type': 'application/json', 'x-compute-request-id': 'req-06200f20-1b75-4154-8f6a-fc978664b335', 'content-length': '761', 'openstack-api-version': 'volume 3.0', 'vary': 'OpenStack-API-Version', 'x-openstack-request-id': 'req-06200f20-1b75-4154-8f6a-fc978664b335', 'connection': 'close', 'status': '202', 'content-location': 'http://10.132.239.110/volume/v3/volumes'}
        Body: b'{"volume": {"id": "45d4fcd7-d48e-49d7-9f87-c021a5e70160", "status": "creating", "size": 1, "availability_zone": "nova", "created_at": "2026-07-29T07:18:14.106043", "updated_at": null, "name": "tempest-TestImageHashVerification-volume-413843599", "description": null, "volume_type": "arcusfc1", "snapshot_id": null, "source_volid": null, "metadata": {}, "links": [{"rel": "self", "href": "http://10.132.239.110/volume/v3/volumes/45d4fcd7-d48e-49d7-9f87-c021a5e70160"}, {"rel": "bookmark", "href": "http://10.132.239.110/volume/volumes/45d4fcd7-d48e-49d7-9f87-c021a5e70160"}], "user_id": "1c97c5c4aa6e49a5a432163bcb483c52", "bootable": "false", "encrypted": false, "replication_status": null, "consistencygroup_id": null, "multiattach": false, "attachments": []}}'
2026-07-29 07:18:14,337 3320440 INFO     [tempest.lib.common.rest_client] Request (TestImageHashVerification:test_volume_upload_image_hash_verification): 200 GET http://10.132.239.110/volume/v3/volumes/45d4fcd7-d48e-49d7-9f87-c021a5e70160 0.053s
2026-07-29 07:18:14,337 3320440 DEBUG    [tempest.lib.common.rest_client] Request - Headers: {'Content-Type': 'application/json', 'Accept': 'application/json', 'X-Auth-Token': '<omitted>'}
        Body: None
    Response - Headers: {'date': 'Wed, 29 Jul 2026 07:18:14 GMT', 'server': 'Apache/2.4.58 (Ubuntu)', 'content-type': 'application/json', 'x-compute-request-id': 'req-46441f5a-9419-4192-b7ed-b02c97322348', 'content-length': '829', 'openstack-api-version': 'volume 3.0', 'vary': 'OpenStack-API-Version', 'x-openstack-request-id': 'req-46441f5a-9419-4192-b7ed-b02c97322348', 'connection': 'close', 'status': '200', 'content-location': 'http://10.132.239.110/volume/v3/volumes/45d4fcd7-d48e-49d7-9f87-c021a5e70160'}
        Body: b'{"volume": {"id": "45d4fcd7-d48e-49d7-9f87-c021a5e70160", "status": "creating", "size": 1, "availability_zone": "nova", "created_at": "2026-07-29T07:18:14.000000", "updated_at": null, "name": "tempest-TestImageHashVerification-volume-413843599", "description": null, "volume_type": "arcusfc1", "snapshot_id": null, "source_volid": null, "metadata": {}, "links": [{"rel": "self", "href": "http://10.132.239.110/volume/v3/volumes/45d4fcd7-d48e-49d7-9f87-c021a5e70160"}, {"rel": "bookmark", "href": "http://10.132.239.110/volume/volumes/45d4fcd7-d48e-49d7-9f87-c021a5e70160"}], "user_id": "1c97c5c4aa6e49a5a432163bcb483c52", "bootable": "false", "encrypted": false, "replication_status": null, "consistencygroup_id": null, "multiattach": false, "attachments": [], "os-vol-tenant-attr:tenant_id": "ed48348022854e0197bc4f8217a57f87"}}'
2026-07-29 07:18:15,408 3320440 INFO     [tempest.lib.common.rest_client] Request (TestImageHashVerification:test_volume_upload_image_hash_verification): 200 GET http://10.132.239.110/volume/v3/volumes/45d4fcd7-d48e-49d7-9f87-c021a5e70160 0.053s
2026-07-29 07:18:15,409 3320440 DEBUG    [tempest.lib.common.rest_client] Request - Headers: {'Content-Type': 'application/json', 'Accept': 'application/json', 'X-Auth-Token': '<omitted>'}
        Body: None
    Response -
     Headers: {'date': 'Wed, 29 Jul 2026 07:18:15 GMT', 'server': 'Apache/2.4.58 (Ubuntu)', 'content-type': 'application/json', 'x-compute-request-id': 'req-2d36a8db-85e7-43c1-9904-0c618284cee8', 'content-length': '854', 'openstack-api-version': 'volume 3.0', 'vary': 'OpenStack-API-Version', 'x-openstack-request-id': 'req-2d36a8db-85e7-43c1-9904-0c618284cee8', 'connection': 'close', 'status': '200', 'content-location': 'http://10.132.239.110/volume/v3/volumes/45d4fcd7-d48e-49d7-9f87-c021a5e70160'}
        Body: b'{"volume": {"id": "45d4fcd7-d48e-49d7-9f87-c021a5e70160", "status": "available", "size": 1, "availability_zone": "nova", "created_at": "2026-07-29T07:18:14.000000", "updated_at": "2026-07-29T07:18:15.000000", "name": "tempest-TestImageHashVerification-volume-413843599", "description": null, "volume_type": "arcusfc1", "snapshot_id": null, "source_volid": null, "metadata": {}, "links": [{"rel": "self", "href": "http://10.132.239.110/volume/v3/volumes/45d4fcd7-d48e-49d7-9f87-c021a5e70160"}, {"rel": "bookmark", "href": "http://10.132.239.110/volume/volumes/45d4fcd7-d48e-49d7-9f87-c021a5e70160"}], "user_id": "1c97c5c4aa6e49a5a432163bcb483c52", "bootable": "false", "encrypted": false, "replication_status": null, "consistencygroup_id": null, "multiattach": false, "attachments": [], "os-vol-tenant-attr:tenant_id": "ed48348022854e0197bc4f8217a57f87"}}'
2026-07-29 07:18:15,424 3320440 INFO     [tempest.common.waiters] volume 45d4fcd7-d48e-49d7-9f87-c021a5e70160 reached available after waiting for 1.424356 seconds
2026-07-29 07:18:15,478 3320440 INFO     [tempest.lib.common.rest_client] Request (TestImageHashVerification:test_volume_upload_image_hash_verification): 200 GET http://10.132.239.110/volume/v3/volumes/45d4fcd7-d48e-49d7-9f87-c021a5e70160 0.053s
2026-07-29 07:18:15,478 3320440 DEBUG    [tempest.lib.common.rest_client] Request - Headers: {'Content-Type': 'application/json', 'Accept': 'application/json', 'X-Auth-Token': '<omitted>'}
        Body: None
    Response - Headers: {'date': 'Wed, 29 Jul 2026 07:18:15 GMT', 'server': 'Apache/2.4.58 (Ubuntu)', 'content-type': 'application/json', 'x-compute-request-id': 'req-763f1a97-4e89-46f0-816f-517450d093e9', 'content-length': '854', 'openstack-api-version': 'volume 3.0', 'vary': 'OpenStack-API-Version', 'x-openstack-request-id': 'req-763f1a97-4e89-46f0-816f-517450d093e9', 'connection': 'close', 'status': '200', 'content-location': 'http://10.132.239.110/volume/v3/volumes/45d4fcd7-d48e-49d7-9f87-c021a5e70160'}
        Body: b'{"volume": {"id": "45d4fcd7-d48e-49d7-9f87-c021a5e70160", "status": "available", "size": 1, "availability_zone": "nova", "created_at": "2026-07-29T07:18:14.000000", "updated_at": "2026-07-29T07:18:15.000000", "name": "tempest-TestImageHashVerification-volume-413843599", "description": null, "volume_type": "arcusfc1", "snapshot_id": null, "source_volid": null, "metadata": {}, "links": [{"rel": "self", "href": "http://10.132.239.110/volume/v3/volumes/45d4fcd7-d48e-49d7-9f87-c021a5e70160"}, {"rel": "bookmark", "href": "http://10.132.239.110/volume/volumes/45d4fcd7-d48e-49d7-9f87-c021a5e70160"}], "user_id": "1c97c5c4aa6e49a5a432163bcb483c52", "bootable": "false", "encrypted": false, "replication_status": null, "consistencygroup_id": null, "multiattach": false, "attachments": [], "os-vol-tenant-attr:tenant_id": "ed48348022854e0197bc4f8217a57f87"}}'
2026-07-29 07:18:16,365 3320440 INFO     [tempest.lib.common.rest_client] Request (TestImageHashVerification:test_volume_upload_image_hash_verification): 202 POST http://10.132.239.110/volume/v3/volumes/45d4fcd7-d48e-49d7-9f87-c021a5e70160/action 0.871s
2026-07-29 07:18:16,366 3320440 DEBUG    [tempest.lib.common.rest_client] Request - Headers: {'Content-Type': 'application/json', 'Accept': 'application/json', 'X-Auth-Token': '<omitted>'}
        Body: {"os-volume_upload_image": {"image_name": "tempest-volume-upload-hash-test-759098791", "disk_format": "raw"}}
    Response - Headers: {'date': 'Wed, 29 Jul 2026 07:18:15 GMT', 'server': 'Apache/2.4.58 (Ubuntu)', 'content-type': 'application/json', 'x-compute-request
    -id': 'req-1c5117aa-640f-4689-992d-7b5f320ed2bb', 'content-length': '735', 'openstack-api-version': 'volume 3.0', 'vary': 'OpenStack-API-Version', 'x-openstack-request-id': 'req-1c5117aa-640f-4689-992d-7b5f320ed2bb', 'connection': 'close', 'status': '202', 'content-location': 'http://10.132.239.110/volume/v3/volumes/45d4fcd7-d48e-49d7-9f87-c021a5e70160/action'}
        Body: b'{"os-volume_upload_image": {"id": "45d4fcd7-d48e-49d7-9f87-c021a5e70160", "updated_at": "2026-07-29T07:18:15.000000", "status": "uploading", "display_description": null, "size": 1, "volume_type": {"id": "c58eefac-ce11-4264-a790-3d6540d4a646", "name": "arcusfc1", "description": null, "is_public": true, "extra_specs": {"volume_backend_name": "arcusfc1", "consistent_group_snapshot_enabled": "<is> True"}, "qos_specs_id": null, "created_at": "2026-07-29T07:07:45.000000", "updated_at": null, "deleted_at": null, "deleted": false}, "image_id": "0321ae36-608a-415a-8235-3cdf38159af5", "container_format": "bare", "disk_format": "raw", "image_name": "tempest-volume-upload-hash-test-759098791", "protected": false, "visibility": "shared"}}'
2026-07-29 07:18:16,400 3320440 INFO     [tempest.lib.common.rest_client] Request (TestImageHashVerification:test_volume_upload_image_hash_verification): 200 GET http://10.132.239.110/image/v2/images/0321ae36-608a-415a-8235-3cdf38159af5 0.033s
2026-07-29 07:18:16,400 3320440 DEBUG    [tempest.lib.common.rest_client] Request - Headers: {'Content-Type': 'application/json', 'Accept': 'application/json', 'X-Auth-Token': '<omitted>'}
        Body: None
    Response - Headers: {'date': 'Wed, 29 Jul 2026 07:18:16 GMT', 'server': 'Apache/2.4.58 (Ubuntu)', 'content-length': '648', 'content-type': 'application/json', 'x-openstack-request-id': 'req-f2cd04d8-cc62-4759-bb52-8c089182e868', 'connection': 'close', 'status': '200', 'content-location': 'http://10.132.239.110/image/v2/images/0321ae36-608a-415a-8235-3cdf38159af5'}
        Body: b'{"name": "tempest-volume-upload-hash-test-759098791", "disk_format": "raw", "container_format": "bare", "visibility": "shared", "size": null, "virtual_size": null, "status": "queued", "checksum": null, "protected": false, "min_ram": 0, "min_disk": 0, "owner": "ed48348022854e0197bc4f8217a57f87", "os_hidden": false, "os_hash_algo": null, "os_hash_value": null, "id": "0321ae36-608a-415a-8235-3cdf38159af5", "created_at": "2026-07-29T07:18:16Z", "updated_at": "2026-07-29T07:18:16Z", "tags": [], "self": "/v2/images/0321ae36-608a-415a-8235-3cdf38159af5", "file": "/v2/images/0321ae36-608a-415a-8235-3cdf38159af5/file", "schema": "/v2/schemas/image"}'
2026-07-29 07:18:17,427 3320440 INFO     [tempest.lib.common.rest_client] Request (TestImageHashVerification:test_volume_upload_image_hash_verification): 200 GET http://10.132.239.110/image/v2/images/0321ae36-608a-415a-8235-3cdf38159af5 0.026s
2026-07-29 07:18:17,428 3320440 DEBUG    [tempest.lib.common.rest_client] Request - Headers: {'Content-Type': 'application/json', 'Accept': 'application/json', 'X-Auth-Token': '<omitted>'}
        Body: None
    Response - Headers: {'date': 'Wed, 29 Jul 2026 07:18:17 GMT', 'server': 'Apache/2.4.58 (Ubuntu)', 'content-length': '648', 'content-type': 'application/json', 'x-openstack-request-id': 'req-67d224fb-b3a3-4c12-aaa4-1890d169387f', 'connection': 'close', 'status': '200', 'content-location': 'http://10.132.239.110/image/v2/images/0321ae36-608a-415a-8235-3cdf38159af5'}
        Body: b'{"name": "tempest-volume-upload-hash-test-759098791", "disk_format": "raw", "container_format": "bare", "visibility": "shared", "size": null, "virtual_size": null, "status": "queued", "checksum": null, "protected": false, "min_ram": 0, "min_disk": 0, "owner": "ed48348022854e0197bc4f8217a57f87", "os_hidden": false, "os_hash_algo": null, "os_hash_value": null, "id": "0321ae36-608a-415a-8235-3cdf38159af5", "created_at": "2026-07-29T07:18:16Z", "updated_at": "2026-07-29T07:18:16Z", "tags": [], "self": "/v2/images/0321ae36-608a-415a-8235-3cdf38159af5", "file": "/v2/images/0321ae36-608a-415a-8235-3cdf38159af5/file", "schema": "/v2/schemas/image"}'
2
    026-07-29 07:18:18,455 3320440 INFO     [tempest.lib.common.rest_client] Request (TestImageHashVerification:test_volume_upload_image_hash_verification): 200 GET http://10.132.239.110/image/v2/images/0321ae36-608a-415a-8235-3cdf38159af5 0.027s
2026-07-29 07:18:18,456 3320440 DEBUG    [tempest.lib.common.rest_client] Request - Headers: {'Content-Type': 'application/json', 'Accept': 'application/json', 'X-Auth-Token': '<omitted>'}
        Body: None
    Response - Headers: {'date': 'Wed, 29 Jul 2026 07:18:18 GMT', 'server': 'Apache/2.4.58 (Ubuntu)', 'content-length': '648', 'content-type': 'application/json', 'x-openstack-request-id': 'req-14b14b1a-c2fa-48c4-8a57-c4586cbfbc81', 'connection': 'close', 'status': '200', 'content-location': 'http://10.132.239.110/image/v2/images/0321ae36-608a-415a-8235-3cdf38159af5'}
        Body: b'{"name": "tempest-volume-upload-hash-test-759098791", "disk_format": "raw", "container_format": "bare", "visibility": "shared", "size": null, "virtual_size": null, "status": "queued", "checksum": null, "protected": false, "min_ram": 0, "min_disk": 0, "owner": "ed48348022854e0197bc4f8217a57f87", "os_hidden": false, "os_hash_algo": null, "os_hash_value": null, "id": "0321ae36-608a-415a-8235-3cdf38159af5", "created_at": "2026-07-29T07:18:16Z", "updated_at": "2026-07-29T07:18:16Z", "tags": [], "self": "/v2/images/0321ae36-608a-415a-8235-3cdf38159af5", "file": "/v2/images/0321ae36-608a-415a-8235-3cdf38159af5/file", "schema": "/v2/schemas/image"}'
2026-07-29 07:18:19,479 3320440 INFO     [tempest.lib.common.rest_client] Request (TestImageHashVerification:test_volume_upload_image_hash_verification): 404 GET http://10.132.239.110/image/v2/images/0321ae36-608a-415a-8235-3cdf38159af5 0.021s
2026-07-29 07:18:19,479 3320440 DEBUG    [tempest.lib.common.rest_client] Request - Headers: {'Content-Type': 'application/json', 'Accept': 'application/json', 'X-Auth-Token': '<omitted>'}
        Body: None
    Response - Headers: {'date': 'Wed, 29 Jul 2026 07:18:19 GMT', 'server': 'Apache/2.4.58 (Ubuntu)', 'content-length': '139', 'content-type': 'application/json', 'x-openstack-request-id': 'req-11f5e404-5b47-4066-8548-4bc855cbfc55', 'connection': 'close', 'status': '404', 'content-location': 'http://10.132.239.110/image/v2/images/0321ae36-608a-415a-8235-3cdf38159af5'}
        Body: b'{"message": "No image found with ID 0321ae36-608a-415a-8235-3cdf38159af5<br /><br />\\n\\n\\n", "code": "404 Not Found", "title": "Not Found"}'
2026-07-29 07:18:19,515 3320440 INFO     [tempest.lib.common.rest_client] Request (TestImageHashVerification:_run_cleanups): 404 DELETE http://10.132.239.110/image/v2/images/0321ae36-608a-415a-8235-3cdf38159af5 0.030s
2026-07-29 07:18:19,516 3320440 DEBUG    [tempest.lib.common.rest_client] Request - Headers: {'Content-Type': 'application/json', 'Accept': 'application/json', 'X-Auth-Token': '<omitted>'}
        Body: None
    Response - Headers: {'date': 'Wed, 29 Jul 2026 07:18:19 GMT', 'server': 'Apache/2.4.58 (Ubuntu)', 'content-length': '147', 'content-type': 'application/json', 'x-openstack-request-id': 'req-a9320c43-c544-4ff5-8e4b-04c536dbfad3', 'connection': 'close', 'status': '404', 'content-location': 'http://10.132.239.110/image/v2/images/0321ae36-608a-415a-8235-3cdf38159af5'}
        Body: b'{"message": "Failed to find image 0321ae36-608a-415a-8235-3cdf38159af5 to delete<br /><br />\\n\\n\\n", "code": "404 Not Found", "title": "Not Found"}'
2026-07-29 07:18:19,586 3320440 INFO     [tempest.lib.common.rest_client] Request (TestImageHashVerification:_run_cleanups): 202 DELETE http://10.132.239.110/volume/v3/volumes/45d4fcd7-d48e-49d7-9f87-c021a5e70160 0.069s
2026-07-29 07:18:19,587 3320440 DEBUG    [tempest.lib.common.rest_client] Request - Headers: {'Content-Type': 'application/json', 'Accept': 'application/json', 'X-Auth-Token': '<omitted>'}
        Body: None
    Response - Headers: {'date': 'Wed, 29 Jul 2026 07:18:19 GMT', 'server': 'Apache/2.4.58 (Ubuntu)', 'content-length': '0', 'content-type': 'text/html; charset=UTF-8', 'openstack-api-version': 'volume 3.0', 'vary': 'OpenStack-API-V
    ersion', 'x-openstack-request-id': 'req-a2011e6f-4216-4640-a007-c0ec108f6f46', 'connection': 'close', 'status': '202', 'content-location': 'http://10.132.239.110/volume/v3/volumes/45d4fcd7-d48e-49d7-9f87-c021a5e70160'}
        Body: b''
2026-07-29 07:18:19,646 3320440 INFO     [tempest.lib.common.rest_client] Request (TestImageHashVerification:_run_cleanups): 200 GET http://10.132.239.110/volume/v3/volumes/45d4fcd7-d48e-49d7-9f87-c021a5e70160 0.059s
2026-07-29 07:18:19,647 3320440 DEBUG    [tempest.lib.common.rest_client] Request - Headers: {'Content-Type': 'application/json', 'Accept': 'application/json', 'X-Auth-Token': '<omitted>'}
        Body: None
    Response - Headers: {'date': 'Wed, 29 Jul 2026 07:18:19 GMT', 'server': 'Apache/2.4.58 (Ubuntu)', 'content-type': 'application/json', 'x-compute-request-id': 'req-ccf7ffab-3a61-4a89-b171-c5034719992c', 'content-length': '853', 'openstack-api-version': 'volume 3.0', 'vary': 'OpenStack-API-Version', 'x-openstack-request-id': 'req-ccf7ffab-3a61-4a89-b171-c5034719992c', 'connection': 'close', 'status': '200', 'content-location': 'http://10.132.239.110/volume/v3/volumes/45d4fcd7-d48e-49d7-9f87-c021a5e70160'}
        Body: b'{"volume": {"id": "45d4fcd7-d48e-49d7-9f87-c021a5e70160", "status": "deleting", "size": 1, "availability_zone": "nova", "created_at": "2026-07-29T07:18:14.000000", "updated_at": "2026-07-29T07:18:20.000000", "name": "tempest-TestImageHashVerification-volume-413843599", "description": null, "volume_type": "arcusfc1", "snapshot_id": null, "source_volid": null, "metadata": {}, "links": [{"rel": "self", "href": "http://10.132.239.110/volume/v3/volumes/45d4fcd7-d48e-49d7-9f87-c021a5e70160"}, {"rel": "bookmark", "href": "http://10.132.239.110/volume/volumes/45d4fcd7-d48e-49d7-9f87-c021a5e70160"}], "user_id": "1c97c5c4aa6e49a5a432163bcb483c52", "bootable": "false", "encrypted": false, "replication_status": null, "consistencygroup_id": null, "multiattach": false, "attachments": [], "os-vol-tenant-attr:tenant_id": "ed48348022854e0197bc4f8217a57f87"}}'
2026-07-29 07:18:20,695 3320440 INFO     [tempest.lib.common.rest_client] Request (TestImageHashVerification:_run_cleanups): 404 GET http://10.132.239.110/volume/v3/volumes/45d4fcd7-d48e-49d7-9f87-c021a5e70160 0.031s
2026-07-29 07:18:20,696 3320440 DEBUG    [tempest.lib.common.rest_client] Request - Headers: {'Content-Type': 'application/json', 'Accept': 'application/json', 'X-Auth-Token': '<omitted>'}
        Body: None
    Response - Headers: {'date': 'Wed, 29 Jul 2026 07:18:20 GMT', 'server': 'Apache/2.4.58 (Ubuntu)', 'openstack-api-version': 'volume 3.0', 'vary': 'OpenStack-API-Version', 'content-length': '109', 'content-type': 'application/json', 'x-compute-request-id': 'req-211319f5-b9bc-4647-adf9-b8e4e0bf391d', 'x-openstack-request-id': 'req-211319f5-b9bc-4647-adf9-b8e4e0bf391d', 'connection': 'close', 'status': '404', 'content-location': 'http://10.132.239.110/volume/v3/volumes/45d4fcd7-d48e-49d7-9f87-c021a5e70160'}
        Body: b'{"itemNotFound": {"code": 404, "message": "Volume 45d4fcd7-d48e-49d7-9f87-c021a5e70160 could not be found."}}'



======
Totals
======
Ran: 205 tests in 555.9880 sec.
 - Passed: 197
 - Skipped: 7
 - Expected Fail: 0
 - Unexpected Success: 0
 - Failed: 1
Sum of execute time for each test: 237.0126 sec.

==============
Worker Balance
==============
 - Worker 0 (205 tests) => 0:09:15.987964
